#
# There is insufficient memory for the Java Runtime Environment to continue.
# Native memory allocation (malloc) failed to allocate 180736 bytes. Error detail: Chunk::new
# Possible reasons:
#   The system is out of physical RAM or swap space
#   This process is running with CompressedOops enabled, and the Java Heap may be blocking the growth of the native heap
# Possible solutions:
#   Reduce memory load on the system
#   Increase physical memory or swap space
#   Check if swap backing store is full
#   Decrease Java heap size (-Xmx/-Xms)
#   Decrease number of Java threads
#   Decrease Java thread stack sizes (-Xss)
#   Set larger code cache with -XX:ReservedCodeCacheSize=
#   JVM is running with Unscaled Compressed Oops mode in which the Java heap is
#     placed in the first 4GB address space. The Java Heap base address is the
#     maximum limit for the native heap growth. Please use -XX:HeapBaseMinAddress
#     to set the Java Heap base and to place the Java Heap above 4GB virtual address.
# This output file may be truncated or incomplete.
#
#  Out of Memory Error (arena.cpp:168), pid=19580, tid=8520
#
# JRE version: OpenJDK Runtime Environment Temurin-21.0.8+9 (21.0.8+9) (build 21.0.8+9-LTS)
# Java VM: OpenJDK 64-Bit Server VM Temurin-21.0.8+9 (21.0.8+9-LTS, mixed mode, sharing, tiered, compressed oops, compressed class ptrs, parallel gc, windows-amd64)
# No core dump will be written. Minidumps are not enabled by default on client versions of Windows
#

---------------  S U M M A R Y ------------

Command Line: --add-modules=ALL-SYSTEM --add-opens=java.base/java.util=ALL-UNNAMED --add-opens=java.base/java.lang=ALL-UNNAMED --add-opens=java.base/sun.nio.fs=ALL-UNNAMED -Declipse.application=org.eclipse.jdt.ls.core.id1 -Dosgi.bundles.defaultStartLevel=4 -Declipse.product=org.eclipse.jdt.ls.core.product -Djava.import.generatesMetadataFilesAtProjectRoot=false -DDetectVMInstallationsJob.disabled=true -Dfile.encoding=utf8 -XX:+UseParallelGC -XX:GCTimeRatio=4 -XX:AdaptiveSizePolicyWeight=90 -Dsun.zip.disableMemoryMapping=true -Xmx2G -Xms100m -Xlog:disable -javaagent:c:\Users\Microsoft\.vscode\extensions\redhat.java-1.44.0-win32-x64\lombok\lombok-1.18.39-4050.jar c:\Users\Microsoft\.vscode\extensions\redhat.java-1.44.0-win32-x64\server\plugins\org.eclipse.equinox.launcher_1.7.0.v20250519-0528.jar -configuration c:\Users\Microsoft\AppData\Roaming\Code\User\globalStorage\redhat.java\1.44.0\config_ss_win -data c:\Users\Microsoft\AppData\Roaming\Code\User\workspaceStorage\c00fa3155d365cb8d2fe530c2eed5757\redhat.java\ss_ws --pipe=\\.\pipe\lsp-3f743ec80a5d779e8db9d6fc18cfaacb-sock

Host: Intel(R) Core(TM) i5-1035G7 CPU @ 1.20GHz, 8 cores, 7G,  Windows 11 , 64 bit Build 22000 (10.0.22000.2538)
Time: Tue Aug 19 05:17:08 2025 elapsed time: 5.749778 seconds (0d 0h 0m 5s)

---------------  T H R E A D  ---------------

Current thread (0x000002388af4c900):  JavaThread "C2 CompilerThread0" daemon [_thread_in_native, id=8520, stack(0x000000bdd9600000,0x000000bdd9700000) (1024K)]


Current CompileTask:
C2:5750 1346   !   4       java.lang.String::<init> (890 bytes)

Stack: [0x000000bdd9600000,0x000000bdd9700000]
Native frames: (J=compiled Java code, j=interpreted, Vv=VM code, C=native code)
V  [jvm.dll+0x6d2449]
V  [jvm.dll+0x8ae341]
V  [jvm.dll+0x8b08be]
V  [jvm.dll+0x8b0fa3]
V  [jvm.dll+0x280c96]
V  [jvm.dll+0xc581d]
V  [jvm.dll+0xc5d53]
V  [jvm.dll+0x2f539d]
V  [jvm.dll+0x5fa00a]
V  [jvm.dll+0x252092]
V  [jvm.dll+0x25244f]
V  [jvm.dll+0x24ad14]
V  [jvm.dll+0x2483a4]
V  [jvm.dll+0x1c89ee]
V  [jvm.dll+0x257d4d]
V  [jvm.dll+0x2562ea]
V  [jvm.dll+0x3f2d16]
V  [jvm.dll+0x857e6b]
V  [jvm.dll+0x6d0b0d]
C  [ucrtbase.dll+0x26c0c]
C  [KERNEL32.DLL+0x153e0]
C  [ntdll.dll+0x485b]


---------------  P R O C E S S  ---------------

Threads class SMR info:
_java_thread_list=0x00000238e49ef570, length=12, elements={
0x000002388afc3160, 0x000002388af2ef80, 0x000002388af30190, 0x000002388af33df0,
0x000002388af36ec0, 0x000002388af386d0, 0x000002388af3ce20, 0x000002388af4c900,
0x000002388af4d850, 0x000002388af3c790, 0x000002388af3d4b0, 0x00000238e9097c20
}

Java Threads: ( => current thread )
  0x000002388afc3160 JavaThread "main"                              [_thread_in_vm, id=13128, stack(0x000000bdd8c00000,0x000000bdd8d00000) (1024K)]
  0x000002388af2ef80 JavaThread "Reference Handler"          daemon [_thread_blocked, id=10656, stack(0x000000bdd9000000,0x000000bdd9100000) (1024K)]
  0x000002388af30190 JavaThread "Finalizer"                  daemon [_thread_blocked, id=7992, stack(0x000000bdd9100000,0x000000bdd9200000) (1024K)]
  0x000002388af33df0 JavaThread "Signal Dispatcher"          daemon [_thread_blocked, id=9412, stack(0x000000bdd9200000,0x000000bdd9300000) (1024K)]
  0x000002388af36ec0 JavaThread "Attach Listener"            daemon [_thread_blocked, id=6620, stack(0x000000bdd9300000,0x000000bdd9400000) (1024K)]
  0x000002388af386d0 JavaThread "Service Thread"             daemon [_thread_blocked, id=6060, stack(0x000000bdd9400000,0x000000bdd9500000) (1024K)]
  0x000002388af3ce20 JavaThread "Monitor Deflation Thread"   daemon [_thread_blocked, id=11088, stack(0x000000bdd9500000,0x000000bdd9600000) (1024K)]
=>0x000002388af4c900 JavaThread "C2 CompilerThread0"         daemon [_thread_in_native, id=8520, stack(0x000000bdd9600000,0x000000bdd9700000) (1024K)]
  0x000002388af4d850 JavaThread "C1 CompilerThread0"         daemon [_thread_blocked, id=6848, stack(0x000000bdd9700000,0x000000bdd9800000) (1024K)]
  0x000002388af3c790 JavaThread "Common-Cleaner"             daemon [_thread_blocked, id=17616, stack(0x000000bdd9800000,0x000000bdd9900000) (1024K)]
  0x000002388af3d4b0 JavaThread "Notification Thread"        daemon [_thread_blocked, id=21148, stack(0x000000bdd9900000,0x000000bdd9a00000) (1024K)]
  0x00000238e9097c20 JavaThread "C2 CompilerThread1"         daemon [_thread_in_native, id=3452, stack(0x000000bdd9a00000,0x000000bdd9b00000) (1024K)]
Total: 12

Other Threads:
  0x000002388b07cbc0 VMThread "VM Thread"                           [id=19064, stack(0x000000bdd8f00000,0x000000bdd9000000) (1024K)]
  0x000002388b02c200 WatcherThread "VM Periodic Task Thread"        [id=18740, stack(0x000000bdd8e00000,0x000000bdd8f00000) (1024K)]
  0x000002388afe1450 WorkerThread "GC Thread#0"                     [id=18080, stack(0x000000bdd8d00000,0x000000bdd8e00000) (1024K)]
  0x00000238e482b9c0 WorkerThread "GC Thread#1"                     [id=14192, stack(0x000000bdd9b00000,0x000000bdd9c00000) (1024K)]
  0x00000238e4c61c40 WorkerThread "GC Thread#2"                     [id=9516, stack(0x000000bdd9c00000,0x000000bdd9d00000) (1024K)]
  0x00000238e4c61fe0 WorkerThread "GC Thread#3"                     [id=15488, stack(0x000000bdd9d00000,0x000000bdd9e00000) (1024K)]
  0x00000238e4970740 WorkerThread "GC Thread#4"                     [id=17812, stack(0x000000bdd9e00000,0x000000bdd9f00000) (1024K)]
  0x00000238e4970ae0 WorkerThread "GC Thread#5"                     [id=15584, stack(0x000000bdd9f00000,0x000000bdda000000) (1024K)]
  0x00000238e4b8a610 WorkerThread "GC Thread#6"                     [id=19160, stack(0x000000bdda000000,0x000000bdda100000) (1024K)]
Total: 9

Threads with active compile tasks:
C2 CompilerThread0  5902 1346   !   4       java.lang.String::<init> (890 bytes)
C2 CompilerThread1  5902 1337       4       lombok.launch.PackageShader::apply (252 bytes)
Total: 2

VM state: not at safepoint (normal execution)

VM Mutex/Monitor currently owned by a thread:  ([mutex/lock_event])
[0x00007ff8bd443458] Metaspace_lock - owner thread: 0x000002388afc3160

Heap address: 0x0000000080000000, size: 2048 MB, Compressed Oops mode: 32-bit

CDS archive(s) mapped at: [0x00000238a2000000-0x00000238a2ba0000-0x00000238a2ba0000), size 12189696, SharedBaseAddress: 0x00000238a2000000, ArchiveRelocationMode: 1.
Compressed class space mapped at: 0x00000238a3000000-0x00000238e3000000, reserved size: 1073741824
Narrow klass base: 0x00000238a2000000, Narrow klass shift: 0, Narrow klass range: 0x100000000

GC Precious Log:
 CardTable entry size: 512
 CPUs: 8 total, 8 available
 Memory: 7778M
 Large Page Support: Disabled
 NUMA Support: Disabled
 Compressed Oops: Enabled (32-bit)
 Alignments: Space 512K, Generation 512K, Heap 2M
 Heap Min Capacity: 100M
 Heap Initial Capacity: 100M
 Heap Max Capacity: 2G
 Pre-touch: Disabled
 Parallel Workers: 8

Heap:
 PSYoungGen      total 29696K, used 12526K [0x00000000d5580000, 0x00000000d7680000, 0x0000000100000000)
  eden space 25600K, 35% used [0x00000000d5580000,0x00000000d5e57d08,0x00000000d6e80000)
  from space 4096K, 84% used [0x00000000d6e80000,0x00000000d71e3bd8,0x00000000d7280000)
  to   space 4096K, 0% used [0x00000000d7280000,0x00000000d7280000,0x00000000d7680000)
 ParOldGen       total 68608K, used 16K [0x0000000080000000, 0x0000000084300000, 0x00000000d5580000)
  object space 68608K, 0% used [0x0000000080000000,0x0000000080004000,0x0000000084300000)
 Metaspace       used 6072K, committed 6336K, reserved 1114112K
  class space    used 626K, committed 768K, reserved 1048576K

Card table byte_map: [0x000002388a970000,0x000002388ad80000] _byte_map_base: 0x000002388a570000

Marking Bits: (ParMarkBitMap*) 0x00007ff8bd44a340
 Begin Bits: [0x000002389d470000, 0x000002389f470000)
 End Bits:   [0x000002389f470000, 0x00000238a1470000)

Polling page: 0x0000023888f00000

Metaspace:

Usage:
  Non-class:      5.32 MB used.
      Class:    626.22 KB used.
       Both:      5.93 MB used.

Virtual space:
  Non-class space:       64.00 MB reserved,       5.44 MB (  8%) committed,  1 nodes.
      Class space:        1.00 GB reserved,     768.00 KB ( <1%) committed,  1 nodes.
             Both:        1.06 GB reserved,       6.19 MB ( <1%) committed. 

Chunk freelists:
   Non-Class:  10.05 MB
       Class:  15.08 MB
        Both:  25.12 MB

MaxMetaspaceSize: unlimited
CompressedClassSpaceSize: 1.00 GB
Initial GC threshold: 21.00 MB
Current GC threshold: 21.00 MB
CDS: on
 - commit_granule_bytes: 65536.
 - commit_granule_words: 8192.
 - virtual_space_node_default_size: 8388608.
 - enlarge_chunks_in_place: 1.
 - use_allocation_guard: 0.


Internal statistics:

num_allocs_failed_limit: 0.
num_arena_births: 190.
num_arena_deaths: 0.
num_vsnodes_births: 2.
num_vsnodes_deaths: 0.
num_space_committed: 99.
num_space_uncommitted: 0.
num_chunks_returned_to_freelist: 0.
num_chunks_taken_from_freelist: 311.
num_chunk_merges: 0.
num_chunk_splits: 199.
num_chunks_enlarged: 128.
num_inconsistent_stats: 0.

CodeHeap 'non-profiled nmethods': size=120000Kb used=542Kb max_used=542Kb free=119458Kb
 bounds [0x0000023895c90000, 0x0000023895f00000, 0x000002389d1c0000]
CodeHeap 'profiled nmethods': size=120000Kb used=2323Kb max_used=2323Kb free=117676Kb
 bounds [0x000002388e1c0000, 0x000002388e430000, 0x00000238956f0000]
CodeHeap 'non-nmethods': size=5760Kb used=1218Kb max_used=1241Kb free=4541Kb
 bounds [0x00000238956f0000, 0x0000023895960000, 0x0000023895c90000]
CodeCache: size=245760Kb, used=4083Kb, max_used=4106Kb, free=241675Kb
 total_blobs=1818, nmethods=1343, adapters=382, full_count=0
Compilation: enabled, stopped_count=0, restarted_count=0

Compilation events (20 events):
Event: 5.704 Thread 0x000002388af4d850 1339       3       java.net.URL::toString (5 bytes)
Event: 5.705 Thread 0x000002388af4d850 nmethod 1339 0x000002388e3fcc90 code [0x000002388e3fce40, 0x000002388e3fd078]
Event: 5.705 Thread 0x000002388af4c900 nmethod 1338 0x0000023895d16a90 code [0x0000023895d16c00, 0x0000023895d16c88]
Event: 5.706 Thread 0x000002388af4c900 1340       4       java.net.URI$Parser::scan (76 bytes)
Event: 5.717 Thread 0x000002388af4c900 nmethod 1340 0x0000023895d16d90 code [0x0000023895d16f40, 0x0000023895d17350]
Event: 5.721 Thread 0x000002388af4d850 1341       3       java.util.WeakHashMap::get (75 bytes)
Event: 5.722 Thread 0x000002388af4c900 1342       4       java.lang.String::checkBoundsOffCount (10 bytes)
Event: 5.722 Thread 0x000002388af4d850 nmethod 1341 0x000002388e3fd190 code [0x000002388e3fd3c0, 0x000002388e3fdc28]
Event: 5.723 Thread 0x000002388af4c900 nmethod 1342 0x0000023895d17510 code [0x0000023895d176a0, 0x0000023895d17768]
Event: 5.725 Thread 0x000002388af4d850 1343       3       java.lang.ClassLoader::defineClass (43 bytes)
Event: 5.726 Thread 0x000002388af4c900 1346   !   4       java.lang.String::<init> (890 bytes)
Event: 5.726 Thread 0x000002388af4d850 nmethod 1343 0x000002388e3fdf90 code [0x000002388e3fe1a0, 0x000002388e3fe6b0]
Event: 5.726 Thread 0x000002388af4d850 1344       3       java.lang.ClassLoader::preDefineClass (118 bytes)
Event: 5.728 Thread 0x000002388af4d850 nmethod 1344 0x000002388e3fe910 code [0x000002388e3fec80, 0x000002388e3ffe20]
Event: 5.728 Thread 0x000002388af4d850 1345       3       java.lang.ClassLoader::defineClassSourceLocation (28 bytes)
Event: 5.729 Thread 0x000002388af4d850 nmethod 1345 0x000002388e400510 code [0x000002388e4006e0, 0x000002388e400a50]
Event: 5.729 Thread 0x000002388af4d850 1347   !   3       java.lang.ClassLoader::addClass (27 bytes)
Event: 5.730 Thread 0x000002388af4d850 nmethod 1347 0x000002388e400c10 code [0x000002388e400e00, 0x000002388e401380]
Event: 5.730 Thread 0x000002388af4d850 1348       3       java.lang.ClassLoader::getNamedPackage (73 bytes)
Event: 5.731 Thread 0x000002388af4d850 nmethod 1348 0x000002388e401690 code [0x000002388e401880, 0x000002388e401de0]

GC Heap History (2 events):
Event: 3.359 GC heap before
{Heap before GC invocations=1 (full 0):
 PSYoungGen      total 29696K, used 25600K [0x00000000d5580000, 0x00000000d7680000, 0x0000000100000000)
  eden space 25600K, 100% used [0x00000000d5580000,0x00000000d6e80000,0x00000000d6e80000)
  from space 4096K, 0% used [0x00000000d7280000,0x00000000d7280000,0x00000000d7680000)
  to   space 4096K, 0% used [0x00000000d6e80000,0x00000000d6e80000,0x00000000d7280000)
 ParOldGen       total 68608K, used 0K [0x0000000080000000, 0x0000000084300000, 0x00000000d5580000)
  object space 68608K, 0% used [0x0000000080000000,0x0000000080000000,0x0000000084300000)
 Metaspace       used 4298K, committed 4544K, reserved 1114112K
  class space    used 472K, committed 576K, reserved 1048576K
}
Event: 3.374 GC heap after
{Heap after GC invocations=1 (full 0):
 PSYoungGen      total 29696K, used 3470K [0x00000000d5580000, 0x00000000d7680000, 0x0000000100000000)
  eden space 25600K, 0% used [0x00000000d5580000,0x00000000d5580000,0x00000000d6e80000)
  from space 4096K, 84% used [0x00000000d6e80000,0x00000000d71e3bd8,0x00000000d7280000)
  to   space 4096K, 0% used [0x00000000d7280000,0x00000000d7280000,0x00000000d7680000)
 ParOldGen       total 68608K, used 16K [0x0000000080000000, 0x0000000084300000, 0x00000000d5580000)
  object space 68608K, 0% used [0x0000000080000000,0x0000000080004000,0x0000000084300000)
 Metaspace       used 4298K, committed 4544K, reserved 1114112K
  class space    used 472K, committed 576K, reserved 1048576K
}

Dll operation events (8 events):
Event: 0.044 Loaded shared library c:\Users\Microsoft\.vscode\extensions\redhat.java-1.44.0-win32-x64\jre\21.0.8-win32-x86_64\bin\java.dll
Event: 0.108 Loaded shared library c:\Users\Microsoft\.vscode\extensions\redhat.java-1.44.0-win32-x64\jre\21.0.8-win32-x86_64\bin\zip.dll
Event: 0.279 Loaded shared library C:\Users\Microsoft\.vscode\extensions\redhat.java-1.44.0-win32-x64\jre\21.0.8-win32-x86_64\bin\instrument.dll
Event: 0.338 Loaded shared library C:\Users\Microsoft\.vscode\extensions\redhat.java-1.44.0-win32-x64\jre\21.0.8-win32-x86_64\bin\net.dll
Event: 0.352 Loaded shared library C:\Users\Microsoft\.vscode\extensions\redhat.java-1.44.0-win32-x64\jre\21.0.8-win32-x86_64\bin\nio.dll
Event: 0.359 Loaded shared library C:\Users\Microsoft\.vscode\extensions\redhat.java-1.44.0-win32-x64\jre\21.0.8-win32-x86_64\bin\zip.dll
Event: 0.442 Loaded shared library C:\Users\Microsoft\.vscode\extensions\redhat.java-1.44.0-win32-x64\jre\21.0.8-win32-x86_64\bin\jimage.dll
Event: 0.662 Loaded shared library c:\Users\Microsoft\.vscode\extensions\redhat.java-1.44.0-win32-x64\jre\21.0.8-win32-x86_64\bin\verify.dll

Deoptimization events (20 events):
Event: 3.760 Thread 0x000002388afc3160 DEOPT PACKING pc=0x0000023895cf2b3c sp=0x000000bdd8cfe800
Event: 3.760 Thread 0x000002388afc3160 DEOPT UNPACKING pc=0x0000023895746da2 sp=0x000000bdd8cfe708 mode 2
Event: 3.760 Thread 0x000002388afc3160 Uncommon trap: trap_request=0xffffff45 fr.pc=0x0000023895ce9950 relative=0x00000000000000b0
Event: 3.760 Thread 0x000002388afc3160 Uncommon trap: reason=unstable_if action=reinterpret pc=0x0000023895ce9950 method=java.util.HashMap.hash(Ljava/lang/Object;)I @ 1 c2
Event: 3.760 Thread 0x000002388afc3160 DEOPT PACKING pc=0x0000023895ce9950 sp=0x000000bdd8cfe880
Event: 3.760 Thread 0x000002388afc3160 DEOPT UNPACKING pc=0x0000023895746da2 sp=0x000000bdd8cfe818 mode 2
Event: 5.048 Thread 0x000002388afc3160 Uncommon trap: trap_request=0xffffff45 fr.pc=0x0000023895cddaf8 relative=0x0000000000000198
Event: 5.048 Thread 0x000002388afc3160 Uncommon trap: reason=unstable_if action=reinterpret pc=0x0000023895cddaf8 method=java.lang.invoke.VarHandle.checkAccessModeThenIsDirect(Ljava/lang/invoke/VarHandle$AccessDescriptor;)Z @ 4 c2
Event: 5.048 Thread 0x000002388afc3160 DEOPT PACKING pc=0x0000023895cddaf8 sp=0x000000bdd8cfe860
Event: 5.048 Thread 0x000002388afc3160 DEOPT UNPACKING pc=0x0000023895746da2 sp=0x000000bdd8cfe7b8 mode 2
Event: 5.662 Thread 0x000002388afc3160 Uncommon trap: trap_request=0xffffff45 fr.pc=0x0000023895cda928 relative=0x0000000000000f68
Event: 5.662 Thread 0x000002388afc3160 Uncommon trap: reason=unstable_if action=reinterpret pc=0x0000023895cda928 method=lombok.patcher.PatchScript.classMatches(Ljava/lang/String;Ljava/util/Collection;)Z @ 25 c2
Event: 5.662 Thread 0x000002388afc3160 DEOPT PACKING pc=0x0000023895cda928 sp=0x000000bdd8cf8a20
Event: 5.662 Thread 0x000002388afc3160 DEOPT UNPACKING pc=0x0000023895746da2 sp=0x000000bdd8cf89e0 mode 2
Event: 5.662 Thread 0x000002388afc3160 Uncommon trap: trap_request=0xffffff45 fr.pc=0x0000023895cde228 relative=0x0000000000000088
Event: 5.662 Thread 0x000002388afc3160 Uncommon trap: reason=unstable_if action=reinterpret pc=0x0000023895cde228 method=lombok.patcher.scripts.MethodLevelPatchScript.patch(Ljava/lang/String;[BLlombok/patcher/TransplantMapper;)[B @ 8 c2
Event: 5.662 Thread 0x000002388afc3160 DEOPT PACKING pc=0x0000023895cde228 sp=0x000000bdd8cf8a90
Event: 5.662 Thread 0x000002388afc3160 DEOPT UNPACKING pc=0x0000023895746da2 sp=0x000000bdd8cf8a20 mode 2
Event: 5.683 Thread 0x000002388afc3160 DEOPT PACKING pc=0x000002388e26010d sp=0x000000bdd8cf7e50
Event: 5.684 Thread 0x000002388afc3160 DEOPT UNPACKING pc=0x00000238957478e2 sp=0x000000bdd8cf7300 mode 0

Classes loaded (20 events):
Event: 5.393 Loading class java/util/concurrent/SynchronousQueue$Transferer
Event: 5.394 Loading class java/util/concurrent/LinkedTransferQueue
Event: 5.394 Loading class java/util/concurrent/TransferQueue
Event: 5.394 Loading class java/util/concurrent/TransferQueue done
Event: 5.395 Loading class java/util/concurrent/LinkedTransferQueue done
Event: 5.396 Loading class java/util/concurrent/SynchronousQueue$Transferer done
Event: 5.396 Loading class java/util/concurrent/LinkedTransferQueue$DualNode
Event: 5.396 Loading class java/util/concurrent/LinkedTransferQueue$DualNode done
Event: 5.398 Loading class java/util/concurrent/RejectedExecutionHandler
Event: 5.398 Loading class java/util/concurrent/RejectedExecutionHandler done
Event: 5.398 Loading class java/util/concurrent/LinkedBlockingQueue
Event: 5.406 Loading class java/util/concurrent/LinkedBlockingQueue done
Event: 5.406 Loading class java/util/concurrent/LinkedBlockingQueue$Node
Event: 5.406 Loading class java/util/concurrent/LinkedBlockingQueue$Node done
Event: 5.495 Loading class java/util/concurrent/Semaphore$NonfairSync
Event: 5.495 Loading class java/util/concurrent/Semaphore$Sync
Event: 5.495 Loading class java/util/concurrent/Semaphore$Sync done
Event: 5.495 Loading class java/util/concurrent/Semaphore$NonfairSync done
Event: 5.707 Loading class java/lang/TypeNotPresentException
Event: 5.707 Loading class java/lang/TypeNotPresentException done

Classes unloaded (0 events):
No events

Classes redefined (0 events):
No events

Internal exceptions (20 events):
Event: 2.181 Thread 0x000002388afc3160 Exception <a 'java/io/FileNotFoundException'{0x00000000d64f15a8}> (0x00000000d64f15a8) 
thrown [s\src\hotspot\share\prims\jni.cpp, line 520]
Event: 2.184 Thread 0x000002388afc3160 Exception <a 'java/io/FileNotFoundException'{0x00000000d64f2a70}> (0x00000000d64f2a70) 
thrown [s\src\hotspot\share\prims\jni.cpp, line 520]
Event: 2.184 Thread 0x000002388afc3160 Exception <a 'java/io/FileNotFoundException'{0x00000000d64f3858}> (0x00000000d64f3858) 
thrown [s\src\hotspot\share\prims\jni.cpp, line 520]
Event: 2.184 Thread 0x000002388afc3160 Exception <a 'java/io/FileNotFoundException'{0x00000000d64f4528}> (0x00000000d64f4528) 
thrown [s\src\hotspot\share\prims\jni.cpp, line 520]
Event: 2.197 Thread 0x000002388afc3160 Exception <a 'java/io/FileNotFoundException'{0x00000000d652e850}> (0x00000000d652e850) 
thrown [s\src\hotspot\share\prims\jni.cpp, line 520]
Event: 2.470 Thread 0x000002388afc3160 Exception <a 'java/lang/NoSuchMethodError'{0x00000000d6567200}: 'java.lang.Object java.lang.invoke.DirectMethodHandle$Holder.invokeInterface(java.lang.Object, java.lang.Object)'> (0x00000000d6567200) 
thrown [s\src\hotspot\share\interpreter\linkResolver.cpp, line 773]
Event: 2.493 Thread 0x000002388afc3160 Exception <a 'java/lang/NoSuchMethodError'{0x00000000d657a818}: 'java.lang.Object java.lang.invoke.Invokers$Holder.invokeExact_MT(java.lang.Object, java.lang.Object, java.lang.Object, java.lang.Object, java.lang.Object, java.lang.Object)'> (0x00000000d657a818) 
thrown [s\src\hotspot\share\interpreter\linkResolver.cpp, line 773]
Event: 2.512 Thread 0x000002388afc3160 Exception <a 'java/lang/NoSuchMethodError'{0x00000000d6591a70}: 'int java.lang.invoke.DirectMethodHandle$Holder.invokeStatic(java.lang.Object, java.lang.Object, java.lang.Object, java.lang.Object, java.lang.Object)'> (0x00000000d6591a70) 
thrown [s\src\hotspot\share\interpreter\linkResolver.cpp, line 773]
Event: 2.557 Thread 0x000002388afc3160 Exception <a 'java/lang/NoSuchMethodError'{0x00000000d66256a0}: 'java.lang.Object java.lang.invoke.DirectMethodHandle$Holder.invokeInterface(java.lang.Object, java.lang.Object, int)'> (0x00000000d66256a0) 
thrown [s\src\hotspot\share\interpreter\linkResolver.cpp, line 773]
Event: 3.140 Thread 0x000002388afc3160 Exception <a 'java/lang/NoSuchMethodError'{0x00000000d6aab380}: 'java.lang.ClassLoader java.lang.ClassLoader.getPlatformClassLoader(java.lang.Class)'> (0x00000000d6aab380) 
thrown [s\src\hotspot\share\interpreter\linkResolver.cpp, line 773]
Event: 3.444 Thread 0x000002388afc3160 Exception <a 'java/lang/ClassNotFoundException'{0x00000000d55c3460}: sun/net/www/protocol/c/Handler> (0x00000000d55c3460) 
thrown [s\src\hotspot\share\classfile\systemDictionary.cpp, line 312]
Event: 3.453 Thread 0x000002388afc3160 Exception <a 'java/lang/ClassNotFoundException'{0x00000000d55c47d8}: sun/net/www/protocol/d/Handler> (0x00000000d55c47d8) 
thrown [s\src\hotspot\share\classfile\systemDictionary.cpp, line 312]
Event: 3.454 Thread 0x000002388afc3160 Exception <a 'java/lang/ClassNotFoundException'{0x00000000d55c5970}: sun/net/www/protocol/c/Handler> (0x00000000d55c5970) 
thrown [s\src\hotspot\share\classfile\systemDictionary.cpp, line 312]
Event: 3.473 Thread 0x000002388afc3160 Exception <a 'java/io/FileNotFoundException'{0x00000000d55ea710}> (0x00000000d55ea710) 
thrown [s\src\hotspot\share\prims\jni.cpp, line 520]
Event: 3.756 Thread 0x000002388afc3160 Implicit null exception at 0x0000023895cf61c9 to 0x0000023895cf6cb0
Event: 3.756 Thread 0x000002388afc3160 Implicit null exception at 0x0000023895cee59a to 0x0000023895cee7a4
Event: 3.757 Thread 0x000002388afc3160 Exception <a 'java/lang/NoSuchMethodError'{0x00000000d5796938}: 'void java.lang.invoke.DirectMethodHandle$Holder.invokeStatic(java.lang.Object, java.lang.Object, java.lang.Object, java.lang.Object)'> (0x00000000d5796938) 
thrown [s\src\hotspot\share\interpreter\linkResolver.cpp, line 773]
Event: 3.760 Thread 0x000002388afc3160 Implicit null exception at 0x0000023895cf291a to 0x0000023895cf2b24
Event: 3.760 Thread 0x000002388afc3160 Implicit null exception at 0x0000023895ce98bd to 0x0000023895ce9941
Event: 5.153 Thread 0x000002388afc3160 Exception <a 'java/lang/NoSuchMethodError'{0x00000000d5a0d7b8}: 'void java.lang.invoke.DirectMethodHandle$Holder.invokeSpecial(java.lang.Object, java.lang.Object, java.lang.Object)'> (0x00000000d5a0d7b8) 
thrown [s\src\hotspot\share\interpreter\linkResolver.cpp, line 773]

ZGC Phase Switch (0 events):
No events

VM Operations (20 events):
Event: 0.225 Executing VM operation: HandshakeAllThreads (Deoptimize)
Event: 0.225 Executing VM operation: HandshakeAllThreads (Deoptimize) done
Event: 0.470 Executing VM operation: HandshakeAllThreads (Deoptimize)
Event: 0.470 Executing VM operation: HandshakeAllThreads (Deoptimize) done
Event: 1.475 Executing VM operation: Cleanup
Event: 1.475 Executing VM operation: Cleanup done
Event: 2.057 Executing VM operation: HandshakeAllThreads (Deoptimize)
Event: 2.057 Executing VM operation: HandshakeAllThreads (Deoptimize) done
Event: 2.094 Executing VM operation: HandshakeAllThreads (Deoptimize)
Event: 2.094 Executing VM operation: HandshakeAllThreads (Deoptimize) done
Event: 3.098 Executing VM operation: Cleanup
Event: 3.129 Executing VM operation: Cleanup done
Event: 3.337 Executing VM operation: HandshakeAllThreads (Deoptimize)
Event: 3.337 Executing VM operation: HandshakeAllThreads (Deoptimize) done
Event: 3.359 Executing VM operation: ParallelGCFailedAllocation (Allocation Failure)
Event: 3.374 Executing VM operation: ParallelGCFailedAllocation (Allocation Failure) done
Event: 4.389 Executing VM operation: Cleanup
Event: 4.389 Executing VM operation: Cleanup done
Event: 5.395 Executing VM operation: Cleanup
Event: 5.396 Executing VM operation: Cleanup done

Memory protections (0 events):
No events

Nmethod flushes (0 events):
No events

Events (20 events):
Event: 0.073 Thread 0x000002388afc3160 Thread added: 0x000002388afc3160
Event: 0.140 Thread 0x000002388afc3160 Thread added: 0x000002388af2ef80
Event: 0.140 Thread 0x000002388afc3160 Thread added: 0x000002388af30190
Event: 0.140 Thread 0x000002388afc3160 Thread added: 0x000002388af33df0
Event: 0.140 Thread 0x000002388afc3160 Thread added: 0x000002388af36ec0
Event: 0.141 Thread 0x000002388afc3160 Thread added: 0x000002388af386d0
Event: 0.141 Thread 0x000002388afc3160 Thread added: 0x000002388af3ce20
Event: 0.141 Thread 0x000002388afc3160 Thread added: 0x000002388af4c900
Event: 0.141 Thread 0x000002388afc3160 Thread added: 0x000002388af4d850
Event: 0.195 Thread 0x000002388afc3160 Thread added: 0x000002388af3c790
Event: 0.652 Thread 0x000002388af4c900 Thread added: 0x00000238e4478dd0
Event: 0.866 Thread 0x00000238e4478dd0 Thread exited: 0x00000238e4478dd0
Event: 1.365 Thread 0x000002388afc3160 Thread added: 0x000002388af3d4b0
Event: 2.022 Thread 0x000002388af4d850 Thread added: 0x00000238e462db20
Event: 2.472 Thread 0x00000238e462db20 Thread exited: 0x00000238e462db20
Event: 2.637 Thread 0x000002388af4d850 Thread added: 0x00000238e4be08a0
Event: 2.847 Thread 0x00000238e4be08a0 Thread exited: 0x00000238e4be08a0
Event: 3.322 Thread 0x000002388af4d850 Thread added: 0x00000238e4bcd1e0
Event: 3.737 Thread 0x00000238e4bcd1e0 Thread exited: 0x00000238e4bcd1e0
Event: 5.546 Thread 0x000002388af4d850 Thread added: 0x00000238e9097c20


Dynamic libraries:
0x00007ff7e5620000 - 0x00007ff7e562e000 	c:\Users\Microsoft\.vscode\extensions\redhat.java-1.44.0-win32-x64\jre\21.0.8-win32-x86_64\bin\java.exe
0x00007ff92c080000 - 0x00007ff92c289000 	C:\WINDOWS\SYSTEM32\ntdll.dll
0x00007ff92adb0000 - 0x00007ff92ae6d000 	C:\WINDOWS\System32\KERNEL32.DLL
0x00007ff929630000 - 0x00007ff9299b4000 	C:\WINDOWS\System32\KERNELBASE.dll
0x00007ff9299c0000 - 0x00007ff929ad1000 	C:\WINDOWS\System32\ucrtbase.dll
0x00007ff924950000 - 0x00007ff924968000 	c:\Users\Microsoft\.vscode\extensions\redhat.java-1.44.0-win32-x64\jre\21.0.8-win32-x86_64\bin\jli.dll
0x00007ff922300000 - 0x00007ff92231e000 	c:\Users\Microsoft\.vscode\extensions\redhat.java-1.44.0-win32-x64\jre\21.0.8-win32-x86_64\bin\VCRUNTIME140.dll
0x00007ff92a3e0000 - 0x00007ff92a58d000 	C:\WINDOWS\System32\USER32.dll
0x00007ff929ae0000 - 0x00007ff929b06000 	C:\WINDOWS\System32\win32u.dll
0x00007ff92a5a0000 - 0x00007ff92a5ca000 	C:\WINDOWS\System32\GDI32.dll
0x00007ff929c40000 - 0x00007ff929d5e000 	C:\WINDOWS\System32\gdi32full.dll
0x00007ff929510000 - 0x00007ff9295ad000 	C:\WINDOWS\System32\msvcp_win.dll
0x00007ff9217d0000 - 0x00007ff921a75000 	C:\WINDOWS\WinSxS\amd64_microsoft.windows.common-controls_6595b64144ccf1df_6.0.22000.120_none_9d947278b86cc467\COMCTL32.dll
0x00007ff92bee0000 - 0x00007ff92bf83000 	C:\WINDOWS\System32\msvcrt.dll
0x00007ff929ed0000 - 0x00007ff929f01000 	C:\WINDOWS\System32\IMM32.DLL
0x00007ff922e20000 - 0x00007ff922e2c000 	c:\Users\Microsoft\.vscode\extensions\redhat.java-1.44.0-win32-x64\jre\21.0.8-win32-x86_64\bin\vcruntime140_1.dll
0x00007ff900970000 - 0x00007ff9009fd000 	c:\Users\Microsoft\.vscode\extensions\redhat.java-1.44.0-win32-x64\jre\21.0.8-win32-x86_64\bin\msvcp140.dll
0x00007ff8bc790000 - 0x00007ff8bd527000 	c:\Users\Microsoft\.vscode\extensions\redhat.java-1.44.0-win32-x64\jre\21.0.8-win32-x86_64\bin\server\jvm.dll
0x00007ff92bf90000 - 0x00007ff92c03e000 	C:\WINDOWS\System32\ADVAPI32.dll
0x00007ff92a340000 - 0x00007ff92a3de000 	C:\WINDOWS\System32\sechost.dll
0x00007ff92b490000 - 0x00007ff92b5b1000 	C:\WINDOWS\System32\RPCRT4.dll
0x00007ff92be70000 - 0x00007ff92bedf000 	C:\WINDOWS\System32\WS2_32.dll
0x00007ff9293e0000 - 0x00007ff92942d000 	C:\WINDOWS\SYSTEM32\POWRPROF.dll
0x00007ff922d20000 - 0x00007ff922d53000 	C:\WINDOWS\SYSTEM32\WINMM.dll
0x00007ff919530000 - 0x00007ff91953a000 	C:\WINDOWS\SYSTEM32\VERSION.dll
0x00007ff9293c0000 - 0x00007ff9293d3000 	C:\WINDOWS\SYSTEM32\UMPDC.dll
0x00007ff928580000 - 0x00007ff928598000 	C:\WINDOWS\SYSTEM32\kernel.appcore.dll
0x00007ff922e00000 - 0x00007ff922e0a000 	c:\Users\Microsoft\.vscode\extensions\redhat.java-1.44.0-win32-x64\jre\21.0.8-win32-x86_64\bin\jimage.dll
0x00007ff927080000 - 0x00007ff9272a1000 	C:\WINDOWS\SYSTEM32\DBGHELP.DLL
0x00007ff91a1a0000 - 0x00007ff91a1d1000 	C:\WINDOWS\SYSTEM32\dbgcore.DLL
0x00007ff9295b0000 - 0x00007ff92962f000 	C:\WINDOWS\System32\bcryptPrimitives.dll
0x00007ff922330000 - 0x00007ff92233f000 	c:\Users\Microsoft\.vscode\extensions\redhat.java-1.44.0-win32-x64\jre\21.0.8-win32-x86_64\bin\instrument.dll
0x00007ff9217b0000 - 0x00007ff9217cf000 	c:\Users\Microsoft\.vscode\extensions\redhat.java-1.44.0-win32-x64\jre\21.0.8-win32-x86_64\bin\java.dll
0x00007ff92b640000 - 0x00007ff92be05000 	C:\WINDOWS\System32\SHELL32.dll
0x00007ff9275e0000 - 0x00007ff927e42000 	C:\WINDOWS\SYSTEM32\windows.storage.dll
0x00007ff92ae70000 - 0x00007ff92b1e6000 	C:\WINDOWS\System32\combase.dll
0x00007ff927470000 - 0x00007ff9275d7000 	C:\WINDOWS\SYSTEM32\wintypes.dll
0x00007ff92b3a0000 - 0x00007ff92b48a000 	C:\WINDOWS\System32\SHCORE.dll
0x00007ff92be10000 - 0x00007ff92be6d000 	C:\WINDOWS\System32\shlwapi.dll
0x00007ff929440000 - 0x00007ff929465000 	C:\WINDOWS\SYSTEM32\profapi.dll
0x00007ff9216d0000 - 0x00007ff9216e8000 	c:\Users\Microsoft\.vscode\extensions\redhat.java-1.44.0-win32-x64\jre\21.0.8-win32-x86_64\bin\zip.dll
0x00007ff922270000 - 0x00007ff922280000 	C:\Users\Microsoft\.vscode\extensions\redhat.java-1.44.0-win32-x64\jre\21.0.8-win32-x86_64\bin\net.dll
0x00007ff924350000 - 0x00007ff924464000 	C:\WINDOWS\SYSTEM32\WINHTTP.dll
0x00007ff928a30000 - 0x00007ff928a97000 	C:\WINDOWS\system32\mswsock.dll
0x00007ff919920000 - 0x00007ff919936000 	C:\Users\Microsoft\.vscode\extensions\redhat.java-1.44.0-win32-x64\jre\21.0.8-win32-x86_64\bin\nio.dll
0x00007ff921740000 - 0x00007ff921750000 	c:\Users\Microsoft\.vscode\extensions\redhat.java-1.44.0-win32-x64\jre\21.0.8-win32-x86_64\bin\verify.dll

JVMTI agents:
c:\Users\Microsoft\.vscode\extensions\redhat.java-1.44.0-win32-x64\lombok\lombok-1.18.39-4050.jar path:c:\Users\Microsoft\.vscode\extensions\redhat.java-1.44.0-win32-x64\jre\21.0.8-win32-x86_64\bin\instrument.dll, loaded, initialized, instrumentlib options:none

dbghelp: loaded successfully - version: 4.0.5 - missing functions: none
symbol engine: initialized successfully - sym options: 0x614 - pdb path: .;c:\Users\Microsoft\.vscode\extensions\redhat.java-1.44.0-win32-x64\jre\21.0.8-win32-x86_64\bin;C:\WINDOWS\SYSTEM32;C:\WINDOWS\WinSxS\amd64_microsoft.windows.common-controls_6595b64144ccf1df_6.0.22000.120_none_9d947278b86cc467;c:\Users\Microsoft\.vscode\extensions\redhat.java-1.44.0-win32-x64\jre\21.0.8-win32-x86_64\bin\server

VM Arguments:
jvm_args: --add-modules=ALL-SYSTEM --add-opens=java.base/java.util=ALL-UNNAMED --add-opens=java.base/java.lang=ALL-UNNAMED --add-opens=java.base/sun.nio.fs=ALL-UNNAMED -Declipse.application=org.eclipse.jdt.ls.core.id1 -Dosgi.bundles.defaultStartLevel=4 -Declipse.product=org.eclipse.jdt.ls.core.product -Djava.import.generatesMetadataFilesAtProjectRoot=false -DDetectVMInstallationsJob.disabled=true -Dfile.encoding=utf8 -XX:+UseParallelGC -XX:GCTimeRatio=4 -XX:AdaptiveSizePolicyWeight=90 -Dsun.zip.disableMemoryMapping=true -Xmx2G -Xms100m -Xlog:disable -javaagent:c:\Users\Microsoft\.vscode\extensions\redhat.java-1.44.0-win32-x64\lombok\lombok-1.18.39-4050.jar 
java_command: c:\Users\Microsoft\.vscode\extensions\redhat.java-1.44.0-win32-x64\server\plugins\org.eclipse.equinox.launcher_1.7.0.v20250519-0528.jar -configuration c:\Users\Microsoft\AppData\Roaming\Code\User\globalStorage\redhat.java\1.44.0\config_ss_win -data c:\Users\Microsoft\AppData\Roaming\Code\User\workspaceStorage\c00fa3155d365cb8d2fe530c2eed5757\redhat.java\ss_ws --pipe=\\.\pipe\lsp-3f743ec80a5d779e8db9d6fc18cfaacb-sock
java_class_path (initial): c:\Users\Microsoft\.vscode\extensions\redhat.java-1.44.0-win32-x64\server\plugins\org.eclipse.equinox.launcher_1.7.0.v20250519-0528.jar
Launcher Type: SUN_STANDARD

[Global flags]
    uintx AdaptiveSizePolicyWeight                 = 90                                        {product} {command line}
     intx CICompilerCount                          = 4                                         {product} {ergonomic}
    uintx GCTimeRatio                              = 4                                         {product} {command line}
   size_t InitialHeapSize                          = 104857600                                 {product} {command line}
   size_t MaxHeapSize                              = 2147483648                                {product} {command line}
   size_t MaxNewSize                               = 715653120                                 {product} {ergonomic}
   size_t MinHeapDeltaBytes                        = 524288                                    {product} {ergonomic}
   size_t MinHeapSize                              = 104857600                                 {product} {command line}
   size_t NewSize                                  = 34603008                                  {product} {ergonomic}
    uintx NonNMethodCodeHeapSize                   = 5839372                                {pd product} {ergonomic}
    uintx NonProfiledCodeHeapSize                  = 122909434                              {pd product} {ergonomic}
   size_t OldSize                                  = 70254592                                  {product} {ergonomic}
    uintx ProfiledCodeHeapSize                     = 122909434                              {pd product} {ergonomic}
    uintx ReservedCodeCacheSize                    = 251658240                              {pd product} {ergonomic}
     bool SegmentedCodeCache                       = true                                      {product} {ergonomic}
   size_t SoftMaxHeapSize                          = 2147483648                             {manageable} {ergonomic}
     bool UseCompressedOops                        = true                           {product lp64_product} {ergonomic}
     bool UseLargePagesIndividualAllocation        = false                                  {pd product} {ergonomic}
     bool UseParallelGC                            = true                                      {product} {command line}

Logging:
Log output configuration:
 #0: stdout all=off uptime,level,tags foldmultilines=false
 #1: stderr all=off uptime,level,tags foldmultilines=false

Environment Variables:
JAVA_HOME=D:\Program Files\Java\jdk-14.0.2
PATH=D:\python2.7;C:\Program Files\Common Files\Oracle\Java\javapath;C:\Windows\system32;C:\Windows;C:\Windows\System32\Wbem;C:\Windows\System32\WindowsPowerShell\v1.0\;C:\Windows\System32\OpenSSH\;C:\Program Files (x86)\Intel\Intel(R) Management Engine Components\DAL;C:\Program Files\Intel\Intel(R) Management Engine Components\DAL;C:\Program Files (x86)\NVIDIA Corporation\PhysX\Common;D:\vsc\mingw64\mingw64\bin;C:\Program Files (x86)\Rational\common;D:\mingw64\bin;D:\Program Files\Java\jdk-14.0.2\bin;D:\aboutdatabase\mysql-8.0.33-winx64\bin;C:\Program Files\dotnet\;C:\Program Files (x86)\Microsoft SQL Server\160\Tools\Binn\;C:\Program Files\Microsoft SQL Server\160\Tools\Binn\;C:\Program Files\Microsoft SQL Server\Client SDK\ODBC\170\Tools\Binn\;C:\Program Files\Microsoft SQL Server\160\DTS\Binn\;C:\Program Files (x86)\Microsoft SQL Server\160\DTS\Binn\;C:\Program Files\Azure Data Studio\bin;C:\Program Files\Microsoft SQL Server\130\Tools\Binn\;D:\graduation_project\WinSCP\;D:\matlab\MATLAB R2023b\runtime\win64;D:\matlab\MATLAB R2023b\bin;D:\graduation_project\texlive\2024\bin\windows;C:\Program Files (x86)\dotnet\;Git\cmd;Git\bin;C:\ProgramData\chocolatey\bin;C:\Users\Microsoft\AppData\Local\nvm;C:\nvm4w\nodejs;C:\Program Files\Git\mingw64\bin;D:\schoolwork\idm\jscourse\Git\cmd;D:\python\Scripts\;D:\python\;C:\Users\Microsoft\AppData\Local\Microsoft\WindowsApps;D:\vscode\Microsoft VS Code\bin;D:\vsc\mingw64\mingw64\bin;D:\python\pycharm\PyCharm Community Edition 2023.1.2\bin;;C:\Users\Microsoft\.dotnet\tools;C:\Program Files\Azure Data Studio\bin;C:\Users\Microsoft\AppData\Local\Muse Hub\lib;C:\Users\Microsoft\AppData\Local\nvm;C:\nvm4w\nodejs
USERNAME=Microsoft
OS=Windows_NT
PROCESSOR_IDENTIFIER=Intel64 Family 6 Model 126 Stepping 5, GenuineIntel
TMP=C:\Users\MICROS~1\AppData\Local\Temp
TEMP=C:\Users\MICROS~1\AppData\Local\Temp




Periodic native trim disabled

---------------  S Y S T E M  ---------------

OS:
 Windows 11 , 64 bit Build 22000 (10.0.22000.2538)
OS uptime: 7 days 8:12 hours

CPU: total 8 (initial active 8) (4 cores per cpu, 2 threads per core) family 6 model 126 stepping 5 microcode 0xbc, cx8, cmov, fxsr, ht, mmx, 3dnowpref, sse, sse2, sse3, ssse3, sse4.1, sse4.2, popcnt, lzcnt, tsc, tscinvbit, avx, avx2, aes, erms, clmul, bmi1, bmi2, adx, avx512f, avx512dq, avx512cd, avx512bw, avx512vl, sha, fma, vzeroupper, avx512_vpopcntdq, avx512_vpclmulqdq, avx512_vaes, avx512_vnni, clflush, clflushopt, avx512_vbmi2, avx512_vbmi, rdtscp, rdpid, fsrm, gfni, avx512_bitalg, f16c, pku, avx512_ifma
Processor Information for processor 0
  Max Mhz: 1498, Current Mhz: 1198, Mhz Limit: 1198
Processor Information for processor 1
  Max Mhz: 1498, Current Mhz: 1198, Mhz Limit: 1198
Processor Information for processor 2
  Max Mhz: 1498, Current Mhz: 1198, Mhz Limit: 1198
Processor Information for processor 3
  Max Mhz: 1498, Current Mhz: 1198, Mhz Limit: 1198
Processor Information for processor 4
  Max Mhz: 1498, Current Mhz: 1198, Mhz Limit: 1198
Processor Information for processor 5
  Max Mhz: 1498, Current Mhz: 1198, Mhz Limit: 1198
Processor Information for processor 6
  Max Mhz: 1498, Current Mhz: 1198, Mhz Limit: 1198
Processor Information for processor 7
  Max Mhz: 1498, Current Mhz: 998, Mhz Limit: 1198

Memory: 4k page, system-wide physical 7778M (525M free)
TotalPageFile size 18412M (AvailPageFile size 3M)
current process WorkingSet (physical memory assigned to process): 85M, peak: 85M
current process commit charge ("private bytes"): 238M, peak: 239M

vm_info: OpenJDK 64-Bit Server VM (21.0.8+9-LTS) for windows-amd64 JRE (21.0.8+9-LTS), built on 2025-07-15T00:00:00Z by "admin" with MS VC++ 17.7 (VS2022)

END.
