#
# There is insufficient memory for the Java Runtime Environment to continue.
# Native memory allocation (malloc) failed to allocate 1268016 bytes. Error detail: Chunk::new
# Possible reasons:
#   The system is out of physical RAM or swap space
#   This process is running with CompressedOops enabled, and the Java Heap may be blocking the growth of the native heap
# Possible solutions:
#   Reduce memory load on the system
#   Increase physical memory or swap space
#   Check if swap backing store is full
#   Decrease Java heap size (-Xmx/-Xms)
#   Decrease number of Java threads
#   Decrease Java thread stack sizes (-Xss)
#   Set larger code cache with -XX:ReservedCodeCacheSize=
#   JVM is running with Unscaled Compressed Oops mode in which the Java heap is
#     placed in the first 4GB address space. The Java Heap base address is the
#     maximum limit for the native heap growth. Please use -XX:HeapBaseMinAddress
#     to set the Java Heap base and to place the Java Heap above 4GB virtual address.
# This output file may be truncated or incomplete.
#
#  Out of Memory Error (arena.cpp:168), pid=10252, tid=10272
#
# JRE version: OpenJDK Runtime Environment Temurin-21.0.8+9 (21.0.8+9) (build 21.0.8+9-LTS)
# Java VM: OpenJDK 64-Bit Server VM Temurin-21.0.8+9 (21.0.8+9-LTS, mixed mode, sharing, tiered, compressed oops, compressed class ptrs, parallel gc, windows-amd64)
# No core dump will be written. Minidumps are not enabled by default on client versions of Windows
#

---------------  S U M M A R Y ------------

Command Line: --add-modules=ALL-SYSTEM --add-opens=java.base/java.util=ALL-UNNAMED --add-opens=java.base/java.lang=ALL-UNNAMED --add-opens=java.base/sun.nio.fs=ALL-UNNAMED -Declipse.application=org.eclipse.jdt.ls.core.id1 -Dosgi.bundles.defaultStartLevel=4 -Declipse.product=org.eclipse.jdt.ls.core.product -Djava.import.generatesMetadataFilesAtProjectRoot=false -DDetectVMInstallationsJob.disabled=true -Dfile.encoding=utf8 -XX:+UseParallelGC -XX:GCTimeRatio=4 -XX:AdaptiveSizePolicyWeight=90 -Dsun.zip.disableMemoryMapping=true -Xmx2G -Xms100m -Xlog:disable -javaagent:c:\Users\Microsoft\.vscode\extensions\redhat.java-1.44.0-win32-x64\lombok\lombok-1.18.39-4050.jar -XX:+HeapDumpOnOutOfMemoryError -XX:HeapDumpPath=c:\Users\Microsoft\AppData\Roaming\Code\User\workspaceStorage\c00fa3155d365cb8d2fe530c2eed5757\redhat.java -Daether.dependencyCollector.impl=bf c:\Users\Microsoft\.vscode\extensions\redhat.java-1.44.0-win32-x64\server\plugins\org.eclipse.equinox.launcher_1.7.0.v20250519-0528.jar -configuration c:\Users\Microsoft\AppData\Roaming\Code\User\globalStorage\redhat.java\1.44.0\config_win -data c:\Users\Microsoft\AppData\Roaming\Code\User\workspaceStorage\c00fa3155d365cb8d2fe530c2eed5757\redhat.java\jdt_ws --pipe=\\.\pipe\lsp-a3ec0ea1a031b88124e3ed4bbf7a7765-sock

Host: Intel(R) Core(TM) i5-1035G7 CPU @ 1.20GHz, 8 cores, 7G,  Windows 11 , 64 bit Build 22000 (10.0.22000.2538)
Time: Tue Aug 19 04:42:23 2025 elapsed time: 50.065248 seconds (0d 0h 0m 50s)

---------------  T H R E A D  ---------------

Current thread (0x0000024d682ac4b0):  JavaThread "C2 CompilerThread0" daemon [_thread_in_native, id=10272, stack(0x000000e80ee00000,0x000000e80ef00000) (1024K)]


Current CompileTask:
C2:50065 8375       4       org.eclipse.jdt.internal.compiler.parser.Parser::consumeRule (7748 bytes)

Stack: [0x000000e80ee00000,0x000000e80ef00000]
Native frames: (J=compiled Java code, j=interpreted, Vv=VM code, C=native code)
V  [jvm.dll+0x6d2449]
V  [jvm.dll+0x8ae341]
V  [jvm.dll+0x8b08be]
V  [jvm.dll+0x8b0fa3]
V  [jvm.dll+0x280c96]
V  [jvm.dll+0xc581d]
V  [jvm.dll+0xc5d53]
V  [jvm.dll+0x3b9162]
V  [jvm.dll+0x385315]
V  [jvm.dll+0x38477a]
V  [jvm.dll+0x248ed0]
V  [jvm.dll+0x2484af]
V  [jvm.dll+0x1c89ee]
V  [jvm.dll+0x257d4d]
V  [jvm.dll+0x2562ea]
V  [jvm.dll+0x3f2d16]
V  [jvm.dll+0x857e6b]
V  [jvm.dll+0x6d0b0d]
C  [ucrtbase.dll+0x26c0c]
C  [KERNEL32.DLL+0x153e0]
C  [ntdll.dll+0x485b]


---------------  P R O C E S S  ---------------

Threads class SMR info:
_java_thread_list=0x0000024d707411a0, length=52, elements={
0x0000024d5183fcc0, 0x0000024d682a01a0, 0x0000024d682a15f0, 0x0000024d682a33c0,
0x0000024d682a8770, 0x0000024d682a9480, 0x0000024d682aaee0, 0x0000024d682ac4b0,
0x0000024d682c6510, 0x0000024d519079b0, 0x0000024d69e8c000, 0x0000024d6e3ebbc0,
0x0000024d6e67ceb0, 0x0000024d6e67de50, 0x0000024d6e912a70, 0x0000024d6e53bb70,
0x0000024d6e44eae0, 0x0000024d6eafa7d0, 0x0000024d6eafc210, 0x0000024d6eafc8a0,
0x0000024d6eafae60, 0x0000024d6eafcf30, 0x0000024d6eafb4f0, 0x0000024d6eafd5c0,
0x0000024d6eafa140, 0x0000024d6eafbb80, 0x0000024d713cb220, 0x0000024d713cbf40,
0x0000024d713cfa50, 0x0000024d713ce010, 0x0000024d713d0e00, 0x0000024d713cd980,
0x0000024d713cb8b0, 0x0000024d713d1490, 0x0000024d713d1b20, 0x0000024d713d21b0,
0x0000024d713cc5d0, 0x0000024d713d0770, 0x0000024d713ce6a0, 0x0000024d713ccc60,
0x0000024d713cd2f0, 0x0000024d713cf3c0, 0x0000024d713d00e0, 0x0000024d71ef1f60,
0x0000024d71ef18d0, 0x0000024d71ef6790, 0x0000024d71ef2c80, 0x0000024d71ef25f0,
0x0000024d71ef6e20, 0x0000024d71ef7b40, 0x0000024d71ef74b0, 0x0000024d71ef46c0
}

Java Threads: ( => current thread )
  0x0000024d5183fcc0 
[error occurred during error reporting (printing all threads), id 0xc0000005, EXCEPTION_ACCESS_VIOLATION (0xc0000005) at pc=0x00007ff8bc8d3f50]
VM state: at safepoint (normal execution)

VM Mutex/Monitor currently owned by a thread:  ([mutex/lock_event])
[0x00007ff8bd445458] Threads_lock - owner thread: 0x0000024d5190ec10
[0x00007ff8bd445558] Heap_lock - owner thread: 0x0000024d6eafae60

Heap address: 0x0000000080000000, size: 2048 MB, Compressed Oops mode: 32-bit

CDS archive(s) mapped at: [0x0000024d00000000-0x0000024d00ba0000-0x0000024d00ba0000), size 12189696, SharedBaseAddress: 0x0000024d00000000, ArchiveRelocationMode: 1.
Compressed class space mapped at: 0x0000024d01000000-0x0000024d41000000, reserved size: 1073741824
Narrow klass base: 0x0000024d00000000, Narrow klass shift: 0, Narrow klass range: 0x100000000

GC Precious Log:
 CardTable entry size: 512
 CPUs: 8 total, 8 available
 Memory: 7778M
 Large Page Support: Disabled
 NUMA Support: Disabled
 Compressed Oops: Enabled (32-bit)
 Alignments: Space 512K, Generation 512K, Heap 2M
 Heap Min Capacity: 100M
 Heap Initial Capacity: 100M
 Heap Max Capacity: 2G
 Pre-touch: Disabled
 Parallel Workers: 8

Heap:
 PSYoungGen      total 3584K, used 3203K [0x00000000d5580000, 0x00000000d5a00000, 0x0000000100000000)
  eden space 2560K, 99% used [0x00000000d5580000,0x00000000d57fff98,0x00000000d5800000)
  from space 1024K, 62% used [0x00000000d5900000,0x00000000d59a1018,0x00000000d5a00000)
  to   space 1024K, 81% used [0x00000000d5800000,0x00000000d58d08e8,0x00000000d5900000)
 ParOldGen       total 181760K, used 181578K [0x0000000080000000, 0x000000008b180000, 0x00000000d5580000)
  object space 181760K, 99% used [0x0000000080000000,0x000000008b152b00,0x000000008b180000)
 Metaspace       used 55968K, committed 57088K, reserved 1114112K
  class space    used 5878K, committed 6336K, reserved 1048576K

Card table byte_map: [0x0000024d51220000,0x0000024d51630000] _byte_map_base: 0x0000024d50e20000

Marking Bits: (ParMarkBitMap*) 0x00007ff8bd44a340
 Begin Bits: [0x0000024d63cf0000, 0x0000024d65cf0000)
 End Bits:   [0x0000024d65cf0000, 0x0000024d67cf0000)

Polling page: 0x0000024d51010000

Metaspace:

Usage:
  Non-class:     48.92 MB used.
      Class:      5.74 MB used.
       Both:     54.66 MB used.

Virtual space:
  Non-class space:       64.00 MB reserved,      49.56 MB ( 77%) committed,  1 nodes.
      Class space:        1.00 GB reserved,       6.19 MB ( <1%) committed,  1 nodes.
             Both:        1.06 GB reserved,      55.75 MB (  5%) committed. 

Chunk freelists:
   Non-Class:  13.95 MB
       Class:  9.82 MB
        Both:  23.77 MB

MaxMetaspaceSize: unlimited
CompressedClassSpaceSize: 1.00 GB
Initial GC threshold: 21.00 MB
Current GC threshold: 58.38 MB
CDS: on
 - commit_granule_bytes: 65536.
 - commit_granule_words: 8192.
 - virtual_space_node_default_size: 8388608.
 - enlarge_chunks_in_place: 1.
 - use_allocation_guard: 0.


Internal statistics:

num_allocs_failed_limit: 6.
num_arena_births: 948.
num_arena_deaths: 14.
num_vsnodes_births: 2.
num_vsnodes_deaths: 0.
num_space_committed: 892.
num_space_uncommitted: 0.
num_chunks_returned_to_freelist: 20.
num_chunks_taken_from_freelist: 3454.
num_chunk_merges: 12.
num_chunk_splits: 2162.
num_chunks_enlarged: 1288.
num_inconsistent_stats: 0.

CodeHeap 'non-profiled nmethods': size=120000Kb used=3223Kb max_used=3333Kb free=116776Kb
 bounds [0x0000024d5c510000, 0x0000024d5c860000, 0x0000024d63a40000]
CodeHeap 'profiled nmethods': size=120000Kb used=18140Kb max_used=18689Kb free=101859Kb
 bounds [0x0000024d54a40000, 0x0000024d55c90000, 0x0000024d5bf70000]
CodeHeap 'non-nmethods': size=5760Kb used=1417Kb max_used=1465Kb free=4342Kb
 bounds [0x0000024d5bf70000, 0x0000024d5c1e0000, 0x0000024d5c510000]
CodeCache: size=245760Kb, used=22780Kb, max_used=23487Kb, free=222977Kb
 total_blobs=8961, nmethods=8244, adapters=622, full_count=0
Compilation: enabled, stopped_count=0, restarted_count=0

Compilation events (20 events):
Event: 49.962 Thread 0x0000024d682c6510 9107   !   2       sun.nio.fs.WindowsFileAttributes::readAttributes (156 bytes)
Event: 49.964 Thread 0x0000024d682c6510 nmethod 9107 0x0000024d55c76390 code [0x0000024d55c765e0, 0x0000024d55c76c38]
Event: 49.964 Thread 0x0000024d682c6510 9108   !   2       sun.nio.fs.WindowsNativeDispatcher::GetFileInformationByHandle (29 bytes)
Event: 49.965 Thread 0x0000024d682c6510 nmethod 9108 0x0000024d55c77310 code [0x0000024d55c774e0, 0x0000024d55c77680]
Event: 49.965 Thread 0x0000024d682c6510 9109       2       sun.nio.fs.WindowsFileAttributes::fromFileInformation (146 bytes)
Event: 49.966 Thread 0x0000024d682c6510 nmethod 9109 0x0000024d55c77810 code [0x0000024d55c779c0, 0x0000024d55c77c88]
Event: 49.986 Thread 0x0000024d682c6510 9111       2       java.nio.file.SimpleFileVisitor::visitFile (14 bytes)
Event: 49.987 Thread 0x0000024d682c6510 nmethod 9111 0x0000024d55c77e10 code [0x0000024d55c77fe0, 0x0000024d55c78260]
Event: 50.013 Thread 0x0000024d682c6510 9113       1       sun.nio.fs.WindowsNativeDispatcher$FirstFile::handle (5 bytes)
Event: 50.014 Thread 0x0000024d682c6510 nmethod 9113 0x0000024d5c850a10 code [0x0000024d5c850ba0, 0x0000024d5c850c68]
Event: 50.014 Thread 0x0000024d682c6510 9114       1       sun.nio.fs.WindowsNativeDispatcher$FirstFile::name (5 bytes)
Event: 50.014 Thread 0x0000024d682c6510 nmethod 9114 0x0000024d5c850d10 code [0x0000024d5c850ea0, 0x0000024d5c850f68]
Event: 50.019 Thread 0x0000024d682c6510 9115       2       java.util.ArrayDeque$DeqIterator::next (62 bytes)
Event: 50.020 Thread 0x0000024d682c6510 nmethod 9115 0x0000024d55c78390 code [0x0000024d55c78560, 0x0000024d55c78860]
Event: 50.020 Thread 0x0000024d682c6510 9116       2       java.util.ArrayDeque::nonNullElementAt (18 bytes)
Event: 50.021 Thread 0x0000024d682c6510 nmethod 9116 0x0000024d55c78a10 code [0x0000024d55c78bc0, 0x0000024d55c78da0]
Event: 50.021 Thread 0x0000024d682c6510 9117       2       sun.nio.fs.WindowsFileAttributes::isSameFile (39 bytes)
Event: 50.021 Thread 0x0000024d682c6510 nmethod 9117 0x0000024d55c78f10 code [0x0000024d55c790a0, 0x0000024d55c791d0]
Event: 50.031 Thread 0x0000024d682c6510 9119       2       sun.nio.fs.WindowsPath::getFileName (87 bytes)
Event: 50.033 Thread 0x0000024d682c6510 nmethod 9119 0x0000024d55c79290 code [0x0000024d55c79480, 0x0000024d55c79838]

GC Heap History (20 events):
Event: 49.594 GC heap before
{Heap before GC invocations=98 (full 2):
 PSYoungGen      total 3584K, used 3230K [0x00000000d5580000, 0x00000000d5b00000, 0x0000000100000000)
  eden space 2560K, 99% used [0x00000000d5580000,0x00000000d57ff4f0,0x00000000d5800000)
  from space 1024K, 65% used [0x00000000d5800000,0x00000000d58a8550,0x00000000d5900000)
  to   space 1536K, 0% used [0x00000000d5980000,0x00000000d5980000,0x00000000d5b00000)
 ParOldGen       total 175616K, used 175440K [0x0000000080000000, 0x000000008ab80000, 0x00000000d5580000)
  object space 175616K, 99% used [0x0000000080000000,0x000000008ab54288,0x000000008ab80000)
 Metaspace       used 55597K, committed 56768K, reserved 1114112K
  class space    used 5848K, committed 6336K, reserved 1048576K
}
Event: 49.597 GC heap after
{Heap after GC invocations=98 (full 2):
 PSYoungGen      total 3584K, used 698K [0x00000000d5580000, 0x00000000d5a80000, 0x0000000100000000)
  eden space 2560K, 0% used [0x00000000d5580000,0x00000000d5580000,0x00000000d5800000)
  from space 1024K, 68% used [0x00000000d5980000,0x00000000d5a2eb00,0x00000000d5a80000)
  to   space 1024K, 0% used [0x00000000d5800000,0x00000000d5800000,0x00000000d5900000)
 ParOldGen       total 176128K, used 175935K [0x0000000080000000, 0x000000008ac00000, 0x00000000d5580000)
  object space 176128K, 99% used [0x0000000080000000,0x000000008abcfe98,0x000000008ac00000)
 Metaspace       used 55597K, committed 56768K, reserved 1114112K
  class space    used 5848K, committed 6336K, reserved 1048576K
}
Event: 49.632 GC heap before
{Heap before GC invocations=99 (full 2):
 PSYoungGen      total 3584K, used 3258K [0x00000000d5580000, 0x00000000d5a80000, 0x0000000100000000)
  eden space 2560K, 100% used [0x00000000d5580000,0x00000000d5800000,0x00000000d5800000)
  from space 1024K, 68% used [0x00000000d5980000,0x00000000d5a2eb00,0x00000000d5a80000)
  to   space 1024K, 0% used [0x00000000d5800000,0x00000000d5800000,0x00000000d5900000)
 ParOldGen       total 176128K, used 175935K [0x0000000080000000, 0x000000008ac00000, 0x00000000d5580000)
  object space 176128K, 99% used [0x0000000080000000,0x000000008abcfe98,0x000000008ac00000)
 Metaspace       used 55689K, committed 56832K, reserved 1114112K
  class space    used 5857K, committed 6336K, reserved 1048576K
}
Event: 49.634 GC heap after
{Heap after GC invocations=99 (full 2):
 PSYoungGen      total 3584K, used 648K [0x00000000d5580000, 0x00000000d5a00000, 0x0000000100000000)
  eden space 2560K, 0% used [0x00000000d5580000,0x00000000d5580000,0x00000000d5800000)
  from space 1024K, 63% used [0x00000000d5800000,0x00000000d58a2250,0x00000000d5900000)
  to   space 1024K, 0% used [0x00000000d5900000,0x00000000d5900000,0x00000000d5a00000)
 ParOldGen       total 176640K, used 176458K [0x0000000080000000, 0x000000008ac80000, 0x00000000d5580000)
  object space 176640K, 99% used [0x0000000080000000,0x000000008ac52bb8,0x000000008ac80000)
 Metaspace       used 55689K, committed 56832K, reserved 1114112K
  class space    used 5857K, committed 6336K, reserved 1048576K
}
Event: 49.664 GC heap before
{Heap before GC invocations=100 (full 2):
 PSYoungGen      total 3584K, used 3208K [0x00000000d5580000, 0x00000000d5a00000, 0x0000000100000000)
  eden space 2560K, 100% used [0x00000000d5580000,0x00000000d5800000,0x00000000d5800000)
  from space 1024K, 63% used [0x00000000d5800000,0x00000000d58a2250,0x00000000d5900000)
  to   space 1024K, 0% used [0x00000000d5900000,0x00000000d5900000,0x00000000d5a00000)
 ParOldGen       total 176640K, used 176458K [0x0000000080000000, 0x000000008ac80000, 0x00000000d5580000)
  object space 176640K, 99% used [0x0000000080000000,0x000000008ac52bb8,0x000000008ac80000)
 Metaspace       used 55778K, committed 56896K, reserved 1114112K
  class space    used 5866K, committed 6336K, reserved 1048576K
}
Event: 49.666 GC heap after
{Heap after GC invocations=100 (full 2):
 PSYoungGen      total 3584K, used 640K [0x00000000d5580000, 0x00000000d5a00000, 0x0000000100000000)
  eden space 2560K, 0% used [0x00000000d5580000,0x00000000d5580000,0x00000000d5800000)
  from space 1024K, 62% used [0x00000000d5900000,0x00000000d59a0000,0x00000000d5a00000)
  to   space 1024K, 0% used [0x00000000d5800000,0x00000000d5800000,0x00000000d5900000)
 ParOldGen       total 177152K, used 176981K [0x0000000080000000, 0x000000008ad00000, 0x00000000d5580000)
  object space 177152K, 99% used [0x0000000080000000,0x000000008acd55a0,0x000000008ad00000)
 Metaspace       used 55778K, committed 56896K, reserved 1114112K
  class space    used 5866K, committed 6336K, reserved 1048576K
}
Event: 49.692 GC heap before
{Heap before GC invocations=101 (full 2):
 PSYoungGen      total 3584K, used 3200K [0x00000000d5580000, 0x00000000d5a00000, 0x0000000100000000)
  eden space 2560K, 100% used [0x00000000d5580000,0x00000000d5800000,0x00000000d5800000)
  from space 1024K, 62% used [0x00000000d5900000,0x00000000d59a0000,0x00000000d5a00000)
  to   space 1024K, 0% used [0x00000000d5800000,0x00000000d5800000,0x00000000d5900000)
 ParOldGen       total 177152K, used 176981K [0x0000000080000000, 0x000000008ad00000, 0x00000000d5580000)
  object space 177152K, 99% used [0x0000000080000000,0x000000008acd55a0,0x000000008ad00000)
 Metaspace       used 55885K, committed 57024K, reserved 1114112K
  class space    used 5871K, committed 6336K, reserved 1048576K
}
Event: 49.695 GC heap after
{Heap after GC invocations=101 (full 2):
 PSYoungGen      total 3584K, used 602K [0x00000000d5580000, 0x00000000d5a00000, 0x0000000100000000)
  eden space 2560K, 0% used [0x00000000d5580000,0x00000000d5580000,0x00000000d5800000)
  from space 1024K, 58% used [0x00000000d5800000,0x00000000d5896b60,0x00000000d5900000)
  to   space 1024K, 0% used [0x00000000d5900000,0x00000000d5900000,0x00000000d5a00000)
 ParOldGen       total 177664K, used 177478K [0x0000000080000000, 0x000000008ad80000, 0x00000000d5580000)
  object space 177664K, 99% used [0x0000000080000000,0x000000008ad51bf8,0x000000008ad80000)
 Metaspace       used 55885K, committed 57024K, reserved 1114112K
  class space    used 5871K, committed 6336K, reserved 1048576K
}
Event: 49.724 GC heap before
{Heap before GC invocations=102 (full 2):
 PSYoungGen      total 3584K, used 3162K [0x00000000d5580000, 0x00000000d5a00000, 0x0000000100000000)
  eden space 2560K, 100% used [0x00000000d5580000,0x00000000d5800000,0x00000000d5800000)
  from space 1024K, 58% used [0x00000000d5800000,0x00000000d5896b60,0x00000000d5900000)
  to   space 1024K, 0% used [0x00000000d5900000,0x00000000d5900000,0x00000000d5a00000)
 ParOldGen       total 177664K, used 177478K [0x0000000080000000, 0x000000008ad80000, 0x00000000d5580000)
  object space 177664K, 99% used [0x0000000080000000,0x000000008ad51bf8,0x000000008ad80000)
 Metaspace       used 55937K, committed 57024K, reserved 1114112K
  class space    used 5878K, committed 6336K, reserved 1048576K
}
Event: 49.727 GC heap after
{Heap after GC invocations=102 (full 2):
 PSYoungGen      total 3584K, used 608K [0x00000000d5580000, 0x00000000d5a00000, 0x0000000100000000)
  eden space 2560K, 0% used [0x00000000d5580000,0x00000000d5580000,0x00000000d5800000)
  from space 1024K, 59% used [0x00000000d5900000,0x00000000d5998000,0x00000000d5a00000)
  to   space 1024K, 0% used [0x00000000d5800000,0x00000000d5800000,0x00000000d5900000)
 ParOldGen       total 178176K, used 177941K [0x0000000080000000, 0x000000008ae00000, 0x00000000d5580000)
  object space 178176K, 99% used [0x0000000080000000,0x000000008adc5568,0x000000008ae00000)
 Metaspace       used 55937K, committed 57024K, reserved 1114112K
  class space    used 5878K, committed 6336K, reserved 1048576K
}
Event: 49.772 GC heap before
{Heap before GC invocations=103 (full 2):
 PSYoungGen      total 3584K, used 3168K [0x00000000d5580000, 0x00000000d5a00000, 0x0000000100000000)
  eden space 2560K, 100% used [0x00000000d5580000,0x00000000d5800000,0x00000000d5800000)
  from space 1024K, 59% used [0x00000000d5900000,0x00000000d5998000,0x00000000d5a00000)
  to   space 1024K, 0% used [0x00000000d5800000,0x00000000d5800000,0x00000000d5900000)
 ParOldGen       total 178176K, used 177941K [0x0000000080000000, 0x000000008ae00000, 0x00000000d5580000)
  object space 178176K, 99% used [0x0000000080000000,0x000000008adc5568,0x000000008ae00000)
 Metaspace       used 55937K, committed 57024K, reserved 1114112K
  class space    used 5878K, committed 6336K, reserved 1048576K
}
Event: 49.776 GC heap after
{Heap after GC invocations=103 (full 2):
 PSYoungGen      total 3584K, used 684K [0x00000000d5580000, 0x00000000d5a00000, 0x0000000100000000)
  eden space 2560K, 0% used [0x00000000d5580000,0x00000000d5580000,0x00000000d5800000)
  from space 1024K, 66% used [0x00000000d5800000,0x00000000d58ab098,0x00000000d5900000)
  to   space 1024K, 0% used [0x00000000d5900000,0x00000000d5900000,0x00000000d5a00000)
 ParOldGen       total 178688K, used 178487K [0x0000000080000000, 0x000000008ae80000, 0x00000000d5580000)
  object space 178688K, 99% used [0x0000000080000000,0x000000008ae4dea8,0x000000008ae80000)
 Metaspace       used 55937K, committed 57024K, reserved 1114112K
  class space    used 5878K, committed 6336K, reserved 1048576K
}
Event: 49.898 GC heap before
{Heap before GC invocations=104 (full 2):
 PSYoungGen      total 3584K, used 3244K [0x00000000d5580000, 0x00000000d5a00000, 0x0000000100000000)
  eden space 2560K, 100% used [0x00000000d5580000,0x00000000d5800000,0x00000000d5800000)
  from space 1024K, 66% used [0x00000000d5800000,0x00000000d58ab098,0x00000000d5900000)
  to   space 1024K, 0% used [0x00000000d5900000,0x00000000d5900000,0x00000000d5a00000)
 ParOldGen       total 178688K, used 178487K [0x0000000080000000, 0x000000008ae80000, 0x00000000d5580000)
  object space 178688K, 99% used [0x0000000080000000,0x000000008ae4dea8,0x000000008ae80000)
 Metaspace       used 55956K, committed 57088K, reserved 1114112K
  class space    used 5878K, committed 6336K, reserved 1048576K
}
Event: 49.900 GC heap after
{Heap after GC invocations=104 (full 2):
 PSYoungGen      total 3584K, used 590K [0x00000000d5580000, 0x00000000d5a00000, 0x0000000100000000)
  eden space 2560K, 0% used [0x00000000d5580000,0x00000000d5580000,0x00000000d5800000)
  from space 1024K, 57% used [0x00000000d5900000,0x00000000d5993ad0,0x00000000d5a00000)
  to   space 1024K, 0% used [0x00000000d5800000,0x00000000d5800000,0x00000000d5900000)
 ParOldGen       total 179200K, used 179038K [0x0000000080000000, 0x000000008af00000, 0x00000000d5580000)
  object space 179200K, 99% used [0x0000000080000000,0x000000008aed7a78,0x000000008af00000)
 Metaspace       used 55956K, committed 57088K, reserved 1114112K
  class space    used 5878K, committed 6336K, reserved 1048576K
}
Event: 49.940 GC heap before
{Heap before GC invocations=105 (full 2):
 PSYoungGen      total 3584K, used 3150K [0x00000000d5580000, 0x00000000d5a00000, 0x0000000100000000)
  eden space 2560K, 100% used [0x00000000d5580000,0x00000000d5800000,0x00000000d5800000)
  from space 1024K, 57% used [0x00000000d5900000,0x00000000d5993ad0,0x00000000d5a00000)
  to   space 1024K, 0% used [0x00000000d5800000,0x00000000d5800000,0x00000000d5900000)
 ParOldGen       total 179200K, used 179038K [0x0000000080000000, 0x000000008af00000, 0x00000000d5580000)
  object space 179200K, 99% used [0x0000000080000000,0x000000008aed7a78,0x000000008af00000)
 Metaspace       used 55963K, committed 57088K, reserved 1114112K
  class space    used 5878K, committed 6336K, reserved 1048576K
}
Event: 49.942 GC heap after
{Heap after GC invocations=105 (full 2):
 PSYoungGen      total 3584K, used 699K [0x00000000d5580000, 0x00000000d5a00000, 0x0000000100000000)
  eden space 2560K, 0% used [0x00000000d5580000,0x00000000d5580000,0x00000000d5800000)
  from space 1024K, 68% used [0x00000000d5800000,0x00000000d58aef88,0x00000000d5900000)
  to   space 1024K, 0% used [0x00000000d5900000,0x00000000d5900000,0x00000000d5a00000)
 ParOldGen       total 179712K, used 179520K [0x0000000080000000, 0x000000008af80000, 0x00000000d5580000)
  object space 179712K, 99% used [0x0000000080000000,0x000000008af500d0,0x000000008af80000)
 Metaspace       used 55963K, committed 57088K, reserved 1114112K
  class space    used 5878K, committed 6336K, reserved 1048576K
}
Event: 49.993 GC heap before
{Heap before GC invocations=106 (full 2):
 PSYoungGen      total 3584K, used 3259K [0x00000000d5580000, 0x00000000d5a00000, 0x0000000100000000)
  eden space 2560K, 100% used [0x00000000d5580000,0x00000000d5800000,0x00000000d5800000)
  from space 1024K, 68% used [0x00000000d5800000,0x00000000d58aef88,0x00000000d5900000)
  to   space 1024K, 0% used [0x00000000d5900000,0x00000000d5900000,0x00000000d5a00000)
 ParOldGen       total 179712K, used 179520K [0x0000000080000000, 0x000000008af80000, 0x00000000d5580000)
  object space 179712K, 99% used [0x0000000080000000,0x000000008af500d0,0x000000008af80000)
 Metaspace       used 55966K, committed 57088K, reserved 1114112K
  class space    used 5878K, committed 6336K, reserved 1048576K
}
Event: 49.996 GC heap after
{Heap after GC invocations=106 (full 2):
 PSYoungGen      total 3584K, used 624K [0x00000000d5580000, 0x00000000d5a00000, 0x0000000100000000)
  eden space 2560K, 0% used [0x00000000d5580000,0x00000000d5580000,0x00000000d5800000)
  from space 1024K, 60% used [0x00000000d5900000,0x00000000d599c1a8,0x00000000d5a00000)
  to   space 1024K, 0% used [0x00000000d5800000,0x00000000d5800000,0x00000000d5900000)
 ParOldGen       total 180224K, used 180072K [0x0000000080000000, 0x000000008b000000, 0x00000000d5580000)
  object space 180224K, 99% used [0x0000000080000000,0x000000008afda008,0x000000008b000000)
 Metaspace       used 55966K, committed 57088K, reserved 1114112K
  class space    used 5878K, committed 6336K, reserved 1048576K
}
Event: 50.042 GC heap before
{Heap before GC invocations=107 (full 2):
 PSYoungGen      total 3584K, used 3184K [0x00000000d5580000, 0x00000000d5a00000, 0x0000000100000000)
  eden space 2560K, 100% used [0x00000000d5580000,0x00000000d5800000,0x00000000d5800000)
  from space 1024K, 60% used [0x00000000d5900000,0x00000000d599c1a8,0x00000000d5a00000)
  to   space 1024K, 0% used [0x00000000d5800000,0x00000000d5800000,0x00000000d5900000)
 ParOldGen       total 180224K, used 180072K [0x0000000080000000, 0x000000008b000000, 0x00000000d5580000)
  object space 180224K, 99% used [0x0000000080000000,0x000000008afda008,0x000000008b000000)
 Metaspace       used 55968K, committed 57088K, reserved 1114112K
  class space    used 5878K, committed 6336K, reserved 1048576K
}
Event: 50.044 GC heap after
{Heap after GC invocations=107 (full 2):
 PSYoungGen      total 3584K, used 576K [0x00000000d5580000, 0x00000000d5a00000, 0x0000000100000000)
  eden space 2560K, 0% used [0x00000000d5580000,0x00000000d5580000,0x00000000d5800000)
  from space 1024K, 56% used [0x00000000d5800000,0x00000000d5890000,0x00000000d5900000)
  to   space 1024K, 0% used [0x00000000d5900000,0x00000000d5900000,0x00000000d5a00000)
 ParOldGen       total 180736K, used 180577K [0x0000000080000000, 0x000000008b080000, 0x00000000d5580000)
  object space 180736K, 99% used [0x0000000080000000,0x000000008b0585d0,0x000000008b080000)
 Metaspace       used 55968K, committed 57088K, reserved 1114112K
  class space    used 5878K, committed 6336K, reserved 1048576K
}

Dll operation events (10 events):
Event: 0.023 Loaded shared library c:\Users\Microsoft\.vscode\extensions\redhat.java-1.44.0-win32-x64\jre\21.0.8-win32-x86_64\bin\java.dll
Event: 0.081 Loaded shared library c:\Users\Microsoft\.vscode\extensions\redhat.java-1.44.0-win32-x64\jre\21.0.8-win32-x86_64\bin\zip.dll
Event: 0.248 Loaded shared library C:\Users\Microsoft\.vscode\extensions\redhat.java-1.44.0-win32-x64\jre\21.0.8-win32-x86_64\bin\instrument.dll
Event: 0.257 Loaded shared library C:\Users\Microsoft\.vscode\extensions\redhat.java-1.44.0-win32-x64\jre\21.0.8-win32-x86_64\bin\net.dll
Event: 0.261 Loaded shared library C:\Users\Microsoft\.vscode\extensions\redhat.java-1.44.0-win32-x64\jre\21.0.8-win32-x86_64\bin\nio.dll
Event: 0.267 Loaded shared library C:\Users\Microsoft\.vscode\extensions\redhat.java-1.44.0-win32-x64\jre\21.0.8-win32-x86_64\bin\zip.dll
Event: 0.309 Loaded shared library C:\Users\Microsoft\.vscode\extensions\redhat.java-1.44.0-win32-x64\jre\21.0.8-win32-x86_64\bin\jimage.dll
Event: 0.483 Loaded shared library c:\Users\Microsoft\.vscode\extensions\redhat.java-1.44.0-win32-x64\jre\21.0.8-win32-x86_64\bin\verify.dll
Event: 15.461 Loaded shared library C:\Users\Microsoft\AppData\Roaming\Code\User\globalStorage\redhat.java\1.44.0\config_win\org.eclipse.equinox.launcher\org.eclipse.equinox.launcher.win32.win32.x86_64_1.2.1400.v20250730-1736\eclipse_11913.dll
Event: 35.817 Loaded shared library C:\Users\Microsoft\AppData\Local\Temp\jna-1909739726\jna1310285473704243457.dll

Deoptimization events (20 events):
Event: 49.718 Thread 0x0000024d6eafae60 Uncommon trap: trap_request=0xffffffde fr.pc=0x0000024d5c83b064 relative=0x0000000000000284
Event: 49.718 Thread 0x0000024d6eafae60 Uncommon trap: reason=class_check action=maybe_recompile pc=0x0000024d5c83b064 method=sun.nio.fs.WindowsPath.compareTo(Ljava/nio/file/Path;)I @ 18 c2
Event: 49.718 Thread 0x0000024d6eafae60 DEOPT PACKING pc=0x0000024d5c83b064 sp=0x000000e8103fed90
Event: 49.718 Thread 0x0000024d6eafae60 DEOPT UNPACKING pc=0x0000024d5bfc6da2 sp=0x000000e8103fed00 mode 2
Event: 49.723 Thread 0x0000024d6eafae60 Uncommon trap: trap_request=0xffffffde fr.pc=0x0000024d5c83b064 relative=0x0000000000000284
Event: 49.723 Thread 0x0000024d6eafae60 Uncommon trap: reason=class_check action=maybe_recompile pc=0x0000024d5c83b064 method=sun.nio.fs.WindowsPath.compareTo(Ljava/nio/file/Path;)I @ 18 c2
Event: 49.723 Thread 0x0000024d6eafae60 DEOPT PACKING pc=0x0000024d5c83b064 sp=0x000000e8103fed90
Event: 49.723 Thread 0x0000024d6eafae60 DEOPT UNPACKING pc=0x0000024d5bfc6da2 sp=0x000000e8103fed00 mode 2
Event: 49.728 Thread 0x0000024d6eafae60 DEOPT PACKING pc=0x0000024d54c419f2 sp=0x000000e8103fed90
Event: 49.728 Thread 0x0000024d6eafae60 DEOPT UNPACKING pc=0x0000024d5bfc78e2 sp=0x000000e8103fe2b0 mode 0
Event: 49.729 Thread 0x0000024d6eafae60 Uncommon trap: trap_request=0xffffffde fr.pc=0x0000024d5c83b064 relative=0x0000000000000284
Event: 49.729 Thread 0x0000024d6eafae60 Uncommon trap: reason=class_check action=maybe_recompile pc=0x0000024d5c83b064 method=sun.nio.fs.WindowsPath.compareTo(Ljava/nio/file/Path;)I @ 18 c2
Event: 49.729 Thread 0x0000024d6eafae60 DEOPT PACKING pc=0x0000024d5c83b064 sp=0x000000e8103fed90
Event: 49.729 Thread 0x0000024d6eafae60 DEOPT UNPACKING pc=0x0000024d5bfc6da2 sp=0x000000e8103fed00 mode 2
Event: 49.732 Thread 0x0000024d6eafae60 Uncommon trap: trap_request=0xffffffde fr.pc=0x0000024d5c83b064 relative=0x0000000000000284
Event: 49.732 Thread 0x0000024d6eafae60 Uncommon trap: reason=class_check action=maybe_recompile pc=0x0000024d5c83b064 method=sun.nio.fs.WindowsPath.compareTo(Ljava/nio/file/Path;)I @ 18 c2
Event: 49.732 Thread 0x0000024d6eafae60 DEOPT PACKING pc=0x0000024d5c83b064 sp=0x000000e8103fed90
Event: 49.732 Thread 0x0000024d6eafae60 DEOPT UNPACKING pc=0x0000024d5bfc6da2 sp=0x000000e8103fed00 mode 2
Event: 49.895 Thread 0x0000024d6eafae60 DEOPT PACKING pc=0x0000024d554e0046 sp=0x000000e8103febc0
Event: 49.895 Thread 0x0000024d6eafae60 DEOPT UNPACKING pc=0x0000024d5bfc78e2 sp=0x000000e8103fe140 mode 0

Classes loaded (20 events):
Event: 45.480 Loading class java/util/stream/Nodes$IntArrayNode done
Event: 45.480 Loading class java/util/stream/Nodes$IntFixedNodeBuilder done
Event: 45.480 Loading class java/util/stream/ReferencePipeline$4$1
Event: 45.481 Loading class java/util/stream/ReferencePipeline$4$1 done
Event: 49.638 Loading class java/util/TreeMap$ValueSpliterator
Event: 49.638 Loading class java/util/TreeMap$TreeMapSpliterator
Event: 49.638 Loading class java/util/TreeMap$TreeMapSpliterator done
Event: 49.638 Loading class java/util/TreeMap$ValueSpliterator done
Event: 49.697 Loading class java/util/concurrent/CompletionException
Event: 49.697 Loading class java/util/concurrent/CompletionException done
Event: 49.707 Loading class java/nio/file/FileTreeWalker$1
Event: 49.708 Loading class java/nio/file/FileTreeWalker$1 done
Event: 49.709 Loading class sun/nio/fs/Globs
Event: 49.711 Loading class sun/nio/fs/Globs done
Event: 49.712 Loading class java/util/regex/Pattern$SliceU
Event: 49.712 Loading class java/util/regex/Pattern$SliceU done
Event: 49.712 Loading class sun/nio/fs/WindowsFileSystem$2
Event: 49.713 Loading class java/nio/file/PathMatcher
Event: 49.713 Loading class java/nio/file/PathMatcher done
Event: 49.714 Loading class sun/nio/fs/WindowsFileSystem$2 done

Classes unloaded (7 events):
Event: 37.262 Thread 0x0000024d5190ec10 Unloading class 0x0000024d011a9c00 'java/lang/invoke/LambdaForm$MH+0x0000024d011a9c00'
Event: 37.262 Thread 0x0000024d5190ec10 Unloading class 0x0000024d011a9800 'java/lang/invoke/LambdaForm$MH+0x0000024d011a9800'
Event: 37.262 Thread 0x0000024d5190ec10 Unloading class 0x0000024d011a9400 'java/lang/invoke/LambdaForm$MH+0x0000024d011a9400'
Event: 37.262 Thread 0x0000024d5190ec10 Unloading class 0x0000024d011a9000 'java/lang/invoke/LambdaForm$MH+0x0000024d011a9000'
Event: 37.262 Thread 0x0000024d5190ec10 Unloading class 0x0000024d011a8c00 'java/lang/invoke/LambdaForm$BMH+0x0000024d011a8c00'
Event: 37.262 Thread 0x0000024d5190ec10 Unloading class 0x0000024d011a8800 'java/lang/invoke/LambdaForm$DMH+0x0000024d011a8800'
Event: 37.262 Thread 0x0000024d5190ec10 Unloading class 0x0000024d011a3800 'java/lang/invoke/LambdaForm$DMH+0x0000024d011a3800'

Classes redefined (0 events):
No events

Internal exceptions (20 events):
Event: 50.041 Thread 0x0000024d6eafae60 Exception <a 'sun/nio/fs/WindowsException'{0x00000000d57fb7f8}> (0x00000000d57fb7f8) 
thrown [s\src\hotspot\share\prims\jni.cpp, line 520]
Event: 50.042 Thread 0x0000024d6eafae60 Exception <a 'sun/nio/fs/WindowsException'{0x00000000d57fbde8}> (0x00000000d57fbde8) 
thrown [s\src\hotspot\share\prims\jni.cpp, line 520]
Event: 50.045 Thread 0x0000024d6eafae60 Exception <a 'sun/nio/fs/WindowsException'{0x00000000d5580610}> (0x00000000d5580610) 
thrown [s\src\hotspot\share\prims\jni.cpp, line 520]
Event: 50.045 Thread 0x0000024d6eafae60 Exception <a 'sun/nio/fs/WindowsException'{0x00000000d5580c18}> (0x00000000d5580c18) 
thrown [s\src\hotspot\share\prims\jni.cpp, line 520]
Event: 50.047 Thread 0x0000024d6eafae60 Exception <a 'sun/nio/fs/WindowsException'{0x00000000d55b9b98}> (0x00000000d55b9b98) 
thrown [s\src\hotspot\share\prims\jni.cpp, line 520]
Event: 50.047 Thread 0x0000024d6eafae60 Exception <a 'sun/nio/fs/WindowsException'{0x00000000d55ba3d0}> (0x00000000d55ba3d0) 
thrown [s\src\hotspot\share\prims\jni.cpp, line 520]
Event: 50.047 Thread 0x0000024d6eafae60 Exception <a 'sun/nio/fs/WindowsException'{0x00000000d55ba9c0}> (0x00000000d55ba9c0) 
thrown [s\src\hotspot\share\prims\jni.cpp, line 520]
Event: 50.047 Thread 0x0000024d6eafae60 Exception <a 'sun/nio/fs/WindowsException'{0x00000000d55bafc8}> (0x00000000d55bafc8) 
thrown [s\src\hotspot\share\prims\jni.cpp, line 520]
Event: 50.050 Thread 0x0000024d6eafae60 Exception <a 'sun/nio/fs/WindowsException'{0x00000000d55deb00}> (0x00000000d55deb00) 
thrown [s\src\hotspot\share\prims\jni.cpp, line 520]
Event: 50.050 Thread 0x0000024d6eafae60 Exception <a 'sun/nio/fs/WindowsException'{0x00000000d55df0f0}> (0x00000000d55df0f0) 
thrown [s\src\hotspot\share\prims\jni.cpp, line 520]
Event: 50.050 Thread 0x0000024d6eafae60 Exception <a 'sun/nio/fs/WindowsException'{0x00000000d55df6e0}> (0x00000000d55df6e0) 
thrown [s\src\hotspot\share\prims\jni.cpp, line 520]
Event: 50.050 Thread 0x0000024d6eafae60 Exception <a 'sun/nio/fs/WindowsException'{0x00000000d55ea690}> (0x00000000d55ea690) 
thrown [s\src\hotspot\share\prims\jni.cpp, line 520]
Event: 50.052 Thread 0x0000024d6eafae60 Exception <a 'sun/nio/fs/WindowsException'{0x00000000d560e888}> (0x00000000d560e888) 
thrown [s\src\hotspot\share\prims\jni.cpp, line 520]
Event: 50.052 Thread 0x0000024d6eafae60 Exception <a 'sun/nio/fs/WindowsException'{0x00000000d560ee78}> (0x00000000d560ee78) 
thrown [s\src\hotspot\share\prims\jni.cpp, line 520]
Event: 50.052 Thread 0x0000024d6eafae60 Exception <a 'sun/nio/fs/WindowsException'{0x00000000d560f468}> (0x00000000d560f468) 
thrown [s\src\hotspot\share\prims\jni.cpp, line 520]
Event: 50.052 Thread 0x0000024d6eafae60 Exception <a 'sun/nio/fs/WindowsException'{0x00000000d560fd08}> (0x00000000d560fd08) 
thrown [s\src\hotspot\share\prims\jni.cpp, line 520]
Event: 50.055 Thread 0x0000024d6eafae60 Exception <a 'sun/nio/fs/WindowsException'{0x00000000d5628e20}> (0x00000000d5628e20) 
thrown [s\src\hotspot\share\prims\jni.cpp, line 520]
Event: 50.055 Thread 0x0000024d6eafae60 Exception <a 'sun/nio/fs/WindowsException'{0x00000000d5629410}> (0x00000000d5629410) 
thrown [s\src\hotspot\share\prims\jni.cpp, line 520]
Event: 50.055 Thread 0x0000024d6eafae60 Exception <a 'sun/nio/fs/WindowsException'{0x00000000d5629a00}> (0x00000000d5629a00) 
thrown [s\src\hotspot\share\prims\jni.cpp, line 520]
Event: 50.055 Thread 0x0000024d6eafae60 Exception <a 'sun/nio/fs/WindowsException'{0x00000000d562a008}> (0x00000000d562a008) 
thrown [s\src\hotspot\share\prims\jni.cpp, line 520]

ZGC Phase Switch (0 events):
No events

VM Operations (20 events):
Event: 49.594 Executing VM operation: ParallelGCFailedAllocation (Allocation Failure)
Event: 49.598 Executing VM operation: ParallelGCFailedAllocation (Allocation Failure) done
Event: 49.632 Executing VM operation: ParallelGCFailedAllocation (Allocation Failure)
Event: 49.634 Executing VM operation: ParallelGCFailedAllocation (Allocation Failure) done
Event: 49.663 Executing VM operation: ParallelGCFailedAllocation (Allocation Failure)
Event: 49.667 Executing VM operation: ParallelGCFailedAllocation (Allocation Failure) done
Event: 49.692 Executing VM operation: ParallelGCFailedAllocation (Allocation Failure)
Event: 49.696 Executing VM operation: ParallelGCFailedAllocation (Allocation Failure) done
Event: 49.724 Executing VM operation: ParallelGCFailedAllocation (Allocation Failure)
Event: 49.727 Executing VM operation: ParallelGCFailedAllocation (Allocation Failure) done
Event: 49.767 Executing VM operation: ParallelGCFailedAllocation (Allocation Failure)
Event: 49.776 Executing VM operation: ParallelGCFailedAllocation (Allocation Failure) done
Event: 49.898 Executing VM operation: ParallelGCFailedAllocation (Allocation Failure)
Event: 49.900 Executing VM operation: ParallelGCFailedAllocation (Allocation Failure) done
Event: 49.940 Executing VM operation: ParallelGCFailedAllocation (Allocation Failure)
Event: 49.942 Executing VM operation: ParallelGCFailedAllocation (Allocation Failure) done
Event: 49.993 Executing VM operation: ParallelGCFailedAllocation (Allocation Failure)
Event: 49.996 Executing VM operation: ParallelGCFailedAllocation (Allocation Failure) done
Event: 50.042 Executing VM operation: ParallelGCFailedAllocation (Allocation Failure)
Event: 50.044 Executing VM operation: ParallelGCFailedAllocation (Allocation Failure) done

Memory protections (0 events):
No events

Nmethod flushes (20 events):
Event: 38.859 Thread 0x0000024d5190ec10 flushing  nmethod 0x0000024d55137290
Event: 38.859 Thread 0x0000024d5190ec10 flushing  nmethod 0x0000024d55183390
Event: 38.859 Thread 0x0000024d5190ec10 flushing  nmethod 0x0000024d55183790
Event: 38.859 Thread 0x0000024d5190ec10 flushing  nmethod 0x0000024d55184090
Event: 38.859 Thread 0x0000024d5190ec10 flushing  nmethod 0x0000024d55185290
Event: 38.859 Thread 0x0000024d5190ec10 flushing  nmethod 0x0000024d55187610
Event: 38.859 Thread 0x0000024d5190ec10 flushing  nmethod 0x0000024d55187d90
Event: 38.859 Thread 0x0000024d5190ec10 flushing  nmethod 0x0000024d55189e90
Event: 38.859 Thread 0x0000024d5190ec10 flushing  nmethod 0x0000024d5518a390
Event: 38.859 Thread 0x0000024d5190ec10 flushing  nmethod 0x0000024d5518b490
Event: 38.859 Thread 0x0000024d5190ec10 flushing  nmethod 0x0000024d5518c110
Event: 38.859 Thread 0x0000024d5190ec10 flushing  nmethod 0x0000024d5518d810
Event: 38.859 Thread 0x0000024d5190ec10 flushing  nmethod 0x0000024d5518e110
Event: 38.859 Thread 0x0000024d5190ec10 flushing  nmethod 0x0000024d551aa110
Event: 38.859 Thread 0x0000024d5190ec10 flushing  nmethod 0x0000024d551b1790
Event: 38.859 Thread 0x0000024d5190ec10 flushing  nmethod 0x0000024d551c9e10
Event: 38.859 Thread 0x0000024d5190ec10 flushing  nmethod 0x0000024d551ca510
Event: 38.859 Thread 0x0000024d5190ec10 flushing  nmethod 0x0000024d55214b90
Event: 38.859 Thread 0x0000024d5190ec10 flushing  nmethod 0x0000024d5524f210
Event: 38.859 Thread 0x0000024d5190ec10 flushing  nmethod 0x0000024d55270590

Events (20 events):
Event: 38.760 Thread 0x0000024d5183fcc0 Thread added: 0x0000024d713d1490
Event: 38.760 Thread 0x0000024d5183fcc0 Thread added: 0x0000024d713d1b20
Event: 38.783 Thread 0x0000024d5183fcc0 Thread added: 0x0000024d713d21b0
Event: 39.056 Thread 0x0000024d5183fcc0 Thread added: 0x0000024d713cc5d0
Event: 39.057 Thread 0x0000024d5183fcc0 Thread added: 0x0000024d713d0770
Event: 42.360 Thread 0x0000024d6e53b0b0 Thread exited: 0x0000024d6e53b0b0
Event: 42.504 Thread 0x0000024d6eafa140 Thread added: 0x0000024d713ce6a0
Event: 42.518 Thread 0x0000024d713ce6a0 Thread added: 0x0000024d713ccc60
Event: 42.546 Thread 0x0000024d713ce6a0 Thread added: 0x0000024d713cd2f0
Event: 42.580 Thread 0x0000024d713ccc60 Thread added: 0x0000024d713cf3c0
Event: 42.581 Thread 0x0000024d713cd2f0 Thread added: 0x0000024d713d00e0
Event: 42.585 Thread 0x0000024d713cd2f0 Thread added: 0x0000024d71ef1f60
Event: 42.593 Thread 0x0000024d713cf3c0 Thread added: 0x0000024d71ef18d0
Event: 42.595 Thread 0x0000024d71ef18d0 Thread added: 0x0000024d71ef6790
Event: 43.777 Thread 0x0000024d6eafa140 Thread added: 0x0000024d71ef2c80
Event: 43.777 Thread 0x0000024d6eafa140 Thread added: 0x0000024d71ef25f0
Event: 43.777 Thread 0x0000024d6eafa140 Thread added: 0x0000024d71ef6e20
Event: 43.777 Thread 0x0000024d6eafa140 Thread added: 0x0000024d71ef7b40
Event: 43.777 Thread 0x0000024d6eafa140 Thread added: 0x0000024d71ef74b0
Event: 43.777 Thread 0x0000024d6eafa140 Thread added: 0x0000024d71ef46c0


Dynamic libraries:
0x00007ff72ca40000 - 0x00007ff72ca4e000 	c:\Users\Microsoft\.vscode\extensions\redhat.java-1.44.0-win32-x64\jre\21.0.8-win32-x86_64\bin\java.exe
0x00007ff92c080000 - 0x00007ff92c289000 	C:\WINDOWS\SYSTEM32\ntdll.dll
0x00007ff92adb0000 - 0x00007ff92ae6d000 	C:\WINDOWS\System32\KERNEL32.DLL
0x00007ff929630000 - 0x00007ff9299b4000 	C:\WINDOWS\System32\KERNELBASE.dll
0x00007ff9299c0000 - 0x00007ff929ad1000 	C:\WINDOWS\System32\ucrtbase.dll
0x00007ff922300000 - 0x00007ff922318000 	c:\Users\Microsoft\.vscode\extensions\redhat.java-1.44.0-win32-x64\jre\21.0.8-win32-x86_64\bin\jli.dll
0x00007ff92a3e0000 - 0x00007ff92a58d000 	C:\WINDOWS\System32\USER32.dll
0x00007ff929ae0000 - 0x00007ff929b06000 	C:\WINDOWS\System32\win32u.dll
0x00007ff92a5a0000 - 0x00007ff92a5ca000 	C:\WINDOWS\System32\GDI32.dll
0x00007ff929c40000 - 0x00007ff929d5e000 	C:\WINDOWS\System32\gdi32full.dll
0x00007ff929510000 - 0x00007ff9295ad000 	C:\WINDOWS\System32\msvcp_win.dll
0x00007ff9217d0000 - 0x00007ff921a75000 	C:\WINDOWS\WinSxS\amd64_microsoft.windows.common-controls_6595b64144ccf1df_6.0.22000.120_none_9d947278b86cc467\COMCTL32.dll
0x00007ff92bee0000 - 0x00007ff92bf83000 	C:\WINDOWS\System32\msvcrt.dll
0x00007ff9217b0000 - 0x00007ff9217ce000 	c:\Users\Microsoft\.vscode\extensions\redhat.java-1.44.0-win32-x64\jre\21.0.8-win32-x86_64\bin\VCRUNTIME140.dll
0x00007ff929ed0000 - 0x00007ff929f01000 	C:\WINDOWS\System32\IMM32.DLL
0x00007ff922330000 - 0x00007ff92233c000 	c:\Users\Microsoft\.vscode\extensions\redhat.java-1.44.0-win32-x64\jre\21.0.8-win32-x86_64\bin\vcruntime140_1.dll
0x00007ff8faf60000 - 0x00007ff8fafed000 	c:\Users\Microsoft\.vscode\extensions\redhat.java-1.44.0-win32-x64\jre\21.0.8-win32-x86_64\bin\msvcp140.dll
0x00007ff8bc790000 - 0x00007ff8bd527000 	c:\Users\Microsoft\.vscode\extensions\redhat.java-1.44.0-win32-x64\jre\21.0.8-win32-x86_64\bin\server\jvm.dll
0x00007ff92bf90000 - 0x00007ff92c03e000 	C:\WINDOWS\System32\ADVAPI32.dll
0x00007ff92a340000 - 0x00007ff92a3de000 	C:\WINDOWS\System32\sechost.dll
0x00007ff92b490000 - 0x00007ff92b5b1000 	C:\WINDOWS\System32\RPCRT4.dll
0x00007ff92be70000 - 0x00007ff92bedf000 	C:\WINDOWS\System32\WS2_32.dll
0x00007ff9293e0000 - 0x00007ff92942d000 	C:\WINDOWS\SYSTEM32\POWRPROF.dll
0x00007ff922d20000 - 0x00007ff922d53000 	C:\WINDOWS\SYSTEM32\WINMM.dll
0x00007ff919530000 - 0x00007ff91953a000 	C:\WINDOWS\SYSTEM32\VERSION.dll
0x00007ff9293c0000 - 0x00007ff9293d3000 	C:\WINDOWS\SYSTEM32\UMPDC.dll
0x00007ff928580000 - 0x00007ff928598000 	C:\WINDOWS\SYSTEM32\kernel.appcore.dll
0x00007ff921740000 - 0x00007ff92174a000 	c:\Users\Microsoft\.vscode\extensions\redhat.java-1.44.0-win32-x64\jre\21.0.8-win32-x86_64\bin\jimage.dll
0x00007ff927080000 - 0x00007ff9272a1000 	C:\WINDOWS\SYSTEM32\DBGHELP.DLL
0x00007ff91a1a0000 - 0x00007ff91a1d1000 	C:\WINDOWS\SYSTEM32\dbgcore.DLL
0x00007ff9295b0000 - 0x00007ff92962f000 	C:\WINDOWS\System32\bcryptPrimitives.dll
0x00007ff9216e0000 - 0x00007ff9216ef000 	c:\Users\Microsoft\.vscode\extensions\redhat.java-1.44.0-win32-x64\jre\21.0.8-win32-x86_64\bin\instrument.dll
0x00007ff919920000 - 0x00007ff91993f000 	c:\Users\Microsoft\.vscode\extensions\redhat.java-1.44.0-win32-x64\jre\21.0.8-win32-x86_64\bin\java.dll
0x00007ff92b640000 - 0x00007ff92be05000 	C:\WINDOWS\System32\SHELL32.dll
0x00007ff9275e0000 - 0x00007ff927e42000 	C:\WINDOWS\SYSTEM32\windows.storage.dll
0x00007ff92ae70000 - 0x00007ff92b1e6000 	C:\WINDOWS\System32\combase.dll
0x00007ff927470000 - 0x00007ff9275d7000 	C:\WINDOWS\SYSTEM32\wintypes.dll
0x00007ff92b3a0000 - 0x00007ff92b48a000 	C:\WINDOWS\System32\SHCORE.dll
0x00007ff92be10000 - 0x00007ff92be6d000 	C:\WINDOWS\System32\shlwapi.dll
0x00007ff929440000 - 0x00007ff929465000 	C:\WINDOWS\SYSTEM32\profapi.dll
0x00007ff917050000 - 0x00007ff917068000 	c:\Users\Microsoft\.vscode\extensions\redhat.java-1.44.0-win32-x64\jre\21.0.8-win32-x86_64\bin\zip.dll
0x00007ff9216d0000 - 0x00007ff9216e0000 	C:\Users\Microsoft\.vscode\extensions\redhat.java-1.44.0-win32-x64\jre\21.0.8-win32-x86_64\bin\net.dll
0x00007ff924350000 - 0x00007ff924464000 	C:\WINDOWS\SYSTEM32\WINHTTP.dll
0x00007ff928a30000 - 0x00007ff928a97000 	C:\WINDOWS\system32\mswsock.dll
0x00007ff916ad0000 - 0x00007ff916ae6000 	C:\Users\Microsoft\.vscode\extensions\redhat.java-1.44.0-win32-x64\jre\21.0.8-win32-x86_64\bin\nio.dll
0x00007ff921670000 - 0x00007ff921680000 	c:\Users\Microsoft\.vscode\extensions\redhat.java-1.44.0-win32-x64\jre\21.0.8-win32-x86_64\bin\verify.dll
0x00007ff901b40000 - 0x00007ff901b85000 	C:\Users\Microsoft\AppData\Roaming\Code\User\globalStorage\redhat.java\1.44.0\config_win\org.eclipse.equinox.launcher\org.eclipse.equinox.launcher.win32.win32.x86_64_1.2.1400.v20250730-1736\eclipse_11913.dll
0x00007ff929fc0000 - 0x00007ff92a15a000 	C:\WINDOWS\System32\ole32.dll
0x00007ff928c70000 - 0x00007ff928c88000 	C:\WINDOWS\SYSTEM32\CRYPTSP.dll
0x00007ff9284e0000 - 0x00007ff928515000 	C:\WINDOWS\system32\rsaenh.dll
0x00007ff928b20000 - 0x00007ff928b4c000 	C:\WINDOWS\SYSTEM32\USERENV.dll
0x00007ff928df0000 - 0x00007ff928e17000 	C:\WINDOWS\SYSTEM32\bcrypt.dll
0x00007ff928c90000 - 0x00007ff928c9c000 	C:\WINDOWS\SYSTEM32\CRYPTBASE.dll
0x00007ff928090000 - 0x00007ff9280bd000 	C:\WINDOWS\SYSTEM32\IPHLPAPI.DLL
0x00007ff92b260000 - 0x00007ff92b269000 	C:\WINDOWS\System32\NSI.dll
0x00007ff900a40000 - 0x00007ff900a89000 	C:\Users\Microsoft\AppData\Local\Temp\jna-1909739726\jna1310285473704243457.dll
0x00007ff92a790000 - 0x00007ff92a798000 	C:\WINDOWS\System32\PSAPI.DLL
0x00007ff9242d0000 - 0x00007ff9242e9000 	C:\WINDOWS\SYSTEM32\dhcpcsvc6.DLL
0x00007ff924570000 - 0x00007ff92458e000 	C:\WINDOWS\SYSTEM32\dhcpcsvc.DLL

JVMTI agents:
c:\Users\Microsoft\.vscode\extensions\redhat.java-1.44.0-win32-x64\lombok\lombok-1.18.39-4050.jar path:c:\Users\Microsoft\.vscode\extensions\redhat.java-1.44.0-win32-x64\jre\21.0.8-win32-x86_64\bin\instrument.dll, loaded, initialized, instrumentlib options:none

dbghelp: loaded successfully - version: 4.0.5 - missing functions: none
symbol engine: initialized successfully - sym options: 0x614 - pdb path: .;c:\Users\Microsoft\.vscode\extensions\redhat.java-1.44.0-win32-x64\jre\21.0.8-win32-x86_64\bin;C:\WINDOWS\SYSTEM32;C:\WINDOWS\WinSxS\amd64_microsoft.windows.common-controls_6595b64144ccf1df_6.0.22000.120_none_9d947278b86cc467;c:\Users\Microsoft\.vscode\extensions\redhat.java-1.44.0-win32-x64\jre\21.0.8-win32-x86_64\bin\server;C:\Users\Microsoft\AppData\Roaming\Code\User\globalStorage\redhat.java\1.44.0\config_win\org.eclipse.equinox.launcher\org.eclipse.equinox.launcher.win32.win32.x86_64_1.2.1400.v20250730-1736;C:\Users\Microsoft\AppData\Local\Temp\jna-1909739726

VM Arguments:
jvm_args: --add-modules=ALL-SYSTEM --add-opens=java.base/java.util=ALL-UNNAMED --add-opens=java.base/java.lang=ALL-UNNAMED --add-opens=java.base/sun.nio.fs=ALL-UNNAMED -Declipse.application=org.eclipse.jdt.ls.core.id1 -Dosgi.bundles.defaultStartLevel=4 -Declipse.product=org.eclipse.jdt.ls.core.product -Djava.import.generatesMetadataFilesAtProjectRoot=false -DDetectVMInstallationsJob.disabled=true -Dfile.encoding=utf8 -XX:+UseParallelGC -XX:GCTimeRatio=4 -XX:AdaptiveSizePolicyWeight=90 -Dsun.zip.disableMemoryMapping=true -Xmx2G -Xms100m -Xlog:disable -javaagent:c:\Users\Microsoft\.vscode\extensions\redhat.java-1.44.0-win32-x64\lombok\lombok-1.18.39-4050.jar -XX:+HeapDumpOnOutOfMemoryError -XX:HeapDumpPath=c:\Users\Microsoft\AppData\Roaming\Code\User\workspaceStorage\c00fa3155d365cb8d2fe530c2eed5757\redhat.java -Daether.dependencyCollector.impl=bf 
java_command: c:\Users\Microsoft\.vscode\extensions\redhat.java-1.44.0-win32-x64\server\plugins\org.eclipse.equinox.launcher_1.7.0.v20250519-0528.jar -configuration c:\Users\Microsoft\AppData\Roaming\Code\User\globalStorage\redhat.java\1.44.0\config_win -data c:\Users\Microsoft\AppData\Roaming\Code\User\workspaceStorage\c00fa3155d365cb8d2fe530c2eed5757\redhat.java\jdt_ws --pipe=\\.\pipe\lsp-a3ec0ea1a031b88124e3ed4bbf7a7765-sock
java_class_path (initial): c:\Users\Microsoft\.vscode\extensions\redhat.java-1.44.0-win32-x64\server\plugins\org.eclipse.equinox.launcher_1.7.0.v20250519-0528.jar
Launcher Type: SUN_STANDARD

[Global flags]
    uintx AdaptiveSizePolicyWeight                 = 90                                        {product} {command line}
     intx CICompilerCount                          = 4                                         {product} {ergonomic}
    uintx GCTimeRatio                              = 4                                         {product} {command line}
     bool HeapDumpOnOutOfMemoryError               = true                                   {manageable} {command line}
    ccstr HeapDumpPath                             = c:\Users\Microsoft\AppData\Roaming\Code\User\workspaceStorage\c00fa3155d365cb8d2fe530c2eed5757\redhat.java         {manageable} {command line}
   size_t InitialHeapSize                          = 104857600                                 {product} {command line}
   size_t MaxHeapSize                              = 2147483648                                {product} {command line}
   size_t MaxNewSize                               = 715653120                                 {product} {ergonomic}
   size_t MinHeapDeltaBytes                        = 524288                                    {product} {ergonomic}
   size_t MinHeapSize                              = 104857600                                 {product} {command line}
   size_t NewSize                                  = 34603008                                  {product} {ergonomic}
    uintx NonNMethodCodeHeapSize                   = 5839372                                {pd product} {ergonomic}
    uintx NonProfiledCodeHeapSize                  = 122909434                              {pd product} {ergonomic}
   size_t OldSize                                  = 70254592                                  {product} {ergonomic}
    uintx ProfiledCodeHeapSize                     = 122909434                              {pd product} {ergonomic}
    uintx ReservedCodeCacheSize                    = 251658240                              {pd product} {ergonomic}
     bool SegmentedCodeCache                       = true                                      {product} {ergonomic}
   size_t SoftMaxHeapSize                          = 2147483648                             {manageable} {ergonomic}
     bool UseCompressedOops                        = true                           {product lp64_product} {ergonomic}
     bool UseLargePagesIndividualAllocation        = false                                  {pd product} {ergonomic}
     bool UseParallelGC                            = true                                      {product} {command line}

Logging:
Log output configuration:
 #0: stdout all=off uptime,level,tags foldmultilines=false
 #1: stderr all=off uptime,level,tags foldmultilines=false

Environment Variables:
JAVA_HOME=D:\Program Files\Java\jdk-14.0.2
PATH=D:\python2.7;C:\Program Files\Common Files\Oracle\Java\javapath;C:\Windows\system32;C:\Windows;C:\Windows\System32\Wbem;C:\Windows\System32\WindowsPowerShell\v1.0\;C:\Windows\System32\OpenSSH\;C:\Program Files (x86)\Intel\Intel(R) Management Engine Components\DAL;C:\Program Files\Intel\Intel(R) Management Engine Components\DAL;C:\Program Files (x86)\NVIDIA Corporation\PhysX\Common;D:\vsc\mingw64\mingw64\bin;C:\Program Files (x86)\Rational\common;D:\mingw64\bin;D:\Program Files\Java\jdk-14.0.2\bin;D:\aboutdatabase\mysql-8.0.33-winx64\bin;C:\Program Files\dotnet\;C:\Program Files (x86)\Microsoft SQL Server\160\Tools\Binn\;C:\Program Files\Microsoft SQL Server\160\Tools\Binn\;C:\Program Files\Microsoft SQL Server\Client SDK\ODBC\170\Tools\Binn\;C:\Program Files\Microsoft SQL Server\160\DTS\Binn\;C:\Program Files (x86)\Microsoft SQL Server\160\DTS\Binn\;C:\Program Files\Azure Data Studio\bin;C:\Program Files\Microsoft SQL Server\130\Tools\Binn\;D:\graduation_project\WinSCP\;D:\matlab\MATLAB R2023b\runtime\win64;D:\matlab\MATLAB R2023b\bin;D:\graduation_project\texlive\2024\bin\windows;C:\Program Files (x86)\dotnet\;Git\cmd;Git\bin;C:\ProgramData\chocolatey\bin;C:\Users\Microsoft\AppData\Local\nvm;C:\nvm4w\nodejs;C:\Program Files\Git\mingw64\bin;D:\schoolwork\idm\jscourse\Git\cmd;D:\python\Scripts\;D:\python\;C:\Users\Microsoft\AppData\Local\Microsoft\WindowsApps;D:\vscode\Microsoft VS Code\bin;D:\vsc\mingw64\mingw64\bin;D:\python\pycharm\PyCharm Community Edition 2023.1.2\bin;;C:\Users\Microsoft\.dotnet\tools;C:\Program Files\Azure Data Studio\bin;C:\Users\Microsoft\AppData\Local\Muse Hub\lib;C:\Users\Microsoft\AppData\Local\nvm;C:\nvm4w\nodejs
USERNAME=Microsoft
OS=Windows_NT
PROCESSOR_IDENTIFIER=Intel64 Family 6 Model 126 Stepping 5, GenuineIntel
TMP=C:\Users\MICROS~1\AppData\Local\Temp
TEMP=C:\Users\MICROS~1\AppData\Local\Temp




Periodic native trim disabled

---------------  S Y S T E M  ---------------

OS:
 Windows 11 , 64 bit Build 22000 (10.0.22000.2538)
OS uptime: 7 days 7:37 hours

CPU: total 8 (initial active 8) (4 cores per cpu, 2 threads per core) family 6 model 126 stepping 5 microcode 0xbc, cx8, cmov, fxsr, ht, mmx, 3dnowpref, sse, sse2, sse3, ssse3, sse4.1, sse4.2, popcnt, lzcnt, tsc, tscinvbit, avx, avx2, aes, erms, clmul, bmi1, bmi2, adx, avx512f, avx512dq, avx512cd, avx512bw, avx512vl, sha, fma, vzeroupper, avx512_vpopcntdq, avx512_vpclmulqdq, avx512_vaes, avx512_vnni, clflush, clflushopt, avx512_vbmi2, avx512_vbmi, rdtscp, rdpid, fsrm, gfni, avx512_bitalg, f16c, pku, avx512_ifma
Processor Information for processor 0
  Max Mhz: 1498, Current Mhz: 998, Mhz Limit: 1198
Processor Information for processor 1
  Max Mhz: 1498, Current Mhz: 998, Mhz Limit: 1198
Processor Information for processor 2
  Max Mhz: 1498, Current Mhz: 1198, Mhz Limit: 1198
Processor Information for processor 3
  Max Mhz: 1498, Current Mhz: 1198, Mhz Limit: 1198
Processor Information for processor 4
  Max Mhz: 1498, Current Mhz: 1198, Mhz Limit: 1198
Processor Information for processor 5
  Max Mhz: 1498, Current Mhz: 1198, Mhz Limit: 1198
Processor Information for processor 6
  Max Mhz: 1498, Current Mhz: 998, Mhz Limit: 1198
Processor Information for processor 7
  Max Mhz: 1498, Current Mhz: 998, Mhz Limit: 1198

Memory: 4k page, system-wide physical 7778M (157M free)
TotalPageFile size 18412M (AvailPageFile size 4M)
current process WorkingSet (physical memory assigned to process): 413M, peak: 413M
current process commit charge ("private bytes"): 438M, peak: 1626M

vm_info: OpenJDK 64-Bit Server VM (21.0.8+9-LTS) for windows-amd64 JRE (21.0.8+9-LTS), built on 2025-07-15T00:00:00Z by "admin" with MS VC++ 17.7 (VS2022)

END.
