#
# There is insufficient memory for the Java Runtime Environment to continue.
# Native memory allocation (malloc) failed to allocate 2049184 bytes. Error detail: Chunk::new
# Possible reasons:
#   The system is out of physical RAM or swap space
#   This process is running with CompressedOops enabled, and the Java Heap may be blocking the growth of the native heap
# Possible solutions:
#   Reduce memory load on the system
#   Increase physical memory or swap space
#   Check if swap backing store is full
#   Decrease Java heap size (-Xmx/-Xms)
#   Decrease number of Java threads
#   Decrease Java thread stack sizes (-Xss)
#   Set larger code cache with -XX:ReservedCodeCacheSize=
#   JVM is running with Unscaled Compressed Oops mode in which the Java heap is
#     placed in the first 4GB address space. The Java Heap base address is the
#     maximum limit for the native heap growth. Please use -XX:HeapBaseMinAddress
#     to set the Java Heap base and to place the Java Heap above 4GB virtual address.
# This output file may be truncated or incomplete.
#
#  Out of Memory Error (arena.cpp:168), pid=15324, tid=14480
#
# JRE version: OpenJDK Runtime Environment Temurin-21.0.8+9 (21.0.8+9) (build 21.0.8+9-LTS)
# Java VM: OpenJDK 64-Bit Server VM Temurin-21.0.8+9 (21.0.8+9-LTS, mixed mode, sharing, tiered, compressed oops, compressed class ptrs, parallel gc, windows-amd64)
# No core dump will be written. Minidumps are not enabled by default on client versions of Windows
#

---------------  S U M M A R Y ------------

Command Line: --add-modules=ALL-SYSTEM --add-opens=java.base/java.util=ALL-UNNAMED --add-opens=java.base/java.lang=ALL-UNNAMED --add-opens=java.base/sun.nio.fs=ALL-UNNAMED -Declipse.application=org.eclipse.jdt.ls.core.id1 -Dosgi.bundles.defaultStartLevel=4 -Declipse.product=org.eclipse.jdt.ls.core.product -Djava.import.generatesMetadataFilesAtProjectRoot=false -DDetectVMInstallationsJob.disabled=true -Dfile.encoding=utf8 -XX:+UseParallelGC -XX:GCTimeRatio=4 -XX:AdaptiveSizePolicyWeight=90 -Dsun.zip.disableMemoryMapping=true -Xmx2G -Xms100m -Xlog:disable -javaagent:c:\Users\Microsoft\.vscode\extensions\redhat.java-1.44.0-win32-x64\lombok\lombok-1.18.39-4050.jar -XX:+HeapDumpOnOutOfMemoryError -XX:HeapDumpPath=c:\Users\Microsoft\AppData\Roaming\Code\User\workspaceStorage\c00fa3155d365cb8d2fe530c2eed5757\redhat.java -Daether.dependencyCollector.impl=bf c:\Users\Microsoft\.vscode\extensions\redhat.java-1.44.0-win32-x64\server\plugins\org.eclipse.equinox.launcher_1.7.0.v20250519-0528.jar -configuration c:\Users\Microsoft\AppData\Roaming\Code\User\globalStorage\redhat.java\1.44.0\config_win -data c:\Users\Microsoft\AppData\Roaming\Code\User\workspaceStorage\c00fa3155d365cb8d2fe530c2eed5757\redhat.java\jdt_ws --pipe=\\.\pipe\lsp-fb1adf901b1334f2370f50aa46c4beb2-sock

Host: Intel(R) Core(TM) i5-1035G7 CPU @ 1.20GHz, 8 cores, 7G,  Windows 11 , 64 bit Build 22000 (10.0.22000.2538)
Time: Tue Aug 19 04:42:44 2025 elapsed time: 19.634519 seconds (0d 0h 0m 19s)

---------------  T H R E A D  ---------------

Current thread (0x00000196db08f380):  JavaThread "C2 CompilerThread0" daemon [_thread_in_native, id=14480, stack(0x0000004c14600000,0x0000004c14700000) (1024K)]


Current CompileTask:
C2:19634 9391   !   4       org.eclipse.osgi.internal.loader.classpath.ClasspathManager::defineClass (636 bytes)

Stack: [0x0000004c14600000,0x0000004c14700000]
Native frames: (J=compiled Java code, j=interpreted, Vv=VM code, C=native code)
V  [jvm.dll+0x6d2449]
V  [jvm.dll+0x8ae341]
V  [jvm.dll+0x8b08be]
V  [jvm.dll+0x8b0fa3]
V  [jvm.dll+0x280c96]
V  [jvm.dll+0xc581d]
V  [jvm.dll+0xc5d53]
V  [jvm.dll+0x3b919c]
V  [jvm.dll+0x385315]
V  [jvm.dll+0x38477a]
V  [jvm.dll+0x248ed0]
V  [jvm.dll+0x2484af]
V  [jvm.dll+0x1c89ee]
V  [jvm.dll+0x257d4d]
V  [jvm.dll+0x2562ea]
V  [jvm.dll+0x3f2d16]
V  [jvm.dll+0x857e6b]
V  [jvm.dll+0x6d0b0d]
C  [ucrtbase.dll+0x26c0c]
C  [KERNEL32.DLL+0x153e0]
C  [ntdll.dll+0x485b]


---------------  P R O C E S S  ---------------

Threads class SMR info:
_java_thread_list=0x00000196f9c55f20, length=55, elements={
0x00000196db110ec0, 0x00000196db07ef80, 0x00000196db07fb50, 0x00000196db081dd0,
0x00000196db086b00, 0x00000196db089d60, 0x00000196db08dcb0, 0x00000196db08f380,
0x00000196db092820, 0x00000196f33e9140, 0x00000196f353f680, 0x00000196f3f34b60,
0x00000196f8636010, 0x00000196f806f7b0, 0x00000196f806fe10, 0x00000196f852daa0,
0x00000196f3e74cc0, 0x00000196f3e32bd0, 0x00000196f3e33260, 0x00000196f3e31eb0,
0x00000196f3e32540, 0x00000196f39a1080, 0x00000196f9b04000, 0x00000196f9b032e0,
0x00000196f9aff140, 0x00000196f9b04690, 0x00000196f9b060d0, 0x00000196f9b04d20,
0x00000196f9b00b80, 0x00000196f9b03970, 0x00000196f9b05a40, 0x00000196f9b06760,
0x00000196f9b018a0, 0x00000196f9aff7d0, 0x00000196f9affe60, 0x00000196f9b004f0,
0x00000196f9b053b0, 0x00000196f9b01210, 0x00000196f9b01f30, 0x00000196fad979a0,
0x00000196fad91730, 0x00000196fad98030, 0x00000196fad958d0, 0x00000196fad93800,
0x00000196fad910a0, 0x00000196fad94520, 0x00000196fad93e90, 0x00000196fad91dc0,
0x00000196fad94bb0, 0x00000196fad95f60, 0x00000196fad92ae0, 0x00000196fad965f0,
0x00000196fad986c0, 0x00000196fad96c80, 0x00000196fa65d8f0
}

Java Threads: ( => current thread )
  0x00000196db110ec0 JavaThread "main"                              [_thread_blocked, id=16440, stack(0x0000004c13c00000,0x0000004c13d00000) (1024K)]
  0x00000196db07ef80 JavaThread "Reference Handler"          daemon [_thread_blocked, id=11744, stack(0x0000004c14000000,0x0000004c14100000) (1024K)]
  0x00000196db07fb50 JavaThread "Finalizer"                  daemon [_thread_blocked, id=12956, stack(0x0000004c14100000,0x0000004c14200000) (1024K)]
  0x00000196db081dd0 JavaThread "Signal Dispatcher"          daemon [_thread_blocked, id=15744, stack(0x0000004c14200000,0x0000004c14300000) (1024K)]
  0x00000196db086b00 JavaThread "Attach Listener"            daemon [_thread_blocked, id=18976, stack(0x0000004c14300000,0x0000004c14400000) (1024K)]
  0x00000196db089d60 JavaThread "Service Thread"             daemon [_thread_blocked, id=7528, stack(0x0000004c14400000,0x0000004c14500000) (1024K)]
  0x00000196db08dcb0 JavaThread "Monitor Deflation Thread"   daemon [_thread_blocked, id=3660, stack(0x0000004c14500000,0x0000004c14600000) (1024K)]
=>0x00000196db08f380 JavaThread "C2 CompilerThread0"         daemon [_thread_in_native, id=14480, stack(0x0000004c14600000,0x0000004c14700000) (1024K)]
  0x00000196db092820 JavaThread "C1 CompilerThread0"         daemon [_thread_blocked, id=672, stack(0x0000004c14700000,0x0000004c14800000) (1024K)]
  0x00000196f33e9140 JavaThread "Common-Cleaner"             daemon [_thread_blocked, id=20696, stack(0x0000004c14800000,0x0000004c14900000) (1024K)]
  0x00000196f353f680 JavaThread "Notification Thread"        daemon [_thread_blocked, id=20484, stack(0x0000004c14a00000,0x0000004c14b00000) (1024K)]
  0x00000196f3f34b60 JavaThread "Active Thread: Equinox Container: d5dbe9c2-2015-435e-b6a9-8b168c6ece07"        [_thread_blocked, id=8836, stack(0x0000004c15200000,0x0000004c15300000) (1024K)]
  0x00000196f8636010 JavaThread "Refresh Thread: Equinox Container: d5dbe9c2-2015-435e-b6a9-8b168c6ece07" daemon [_thread_blocked, id=952, stack(0x0000004c15400000,0x0000004c15500000) (1024K)]
  0x00000196f806f7b0 JavaThread "Framework Event Dispatcher: Equinox Container: d5dbe9c2-2015-435e-b6a9-8b168c6ece07" daemon [_thread_blocked, id=17016, stack(0x0000004c15500000,0x0000004c15600000) (1024K)]
  0x00000196f806fe10 JavaThread "Start Level: Equinox Container: d5dbe9c2-2015-435e-b6a9-8b168c6ece07" daemon [_thread_blocked, id=3148, stack(0x0000004c15600000,0x0000004c15700000) (1024K)]
  0x00000196f852daa0 JavaThread "Bundle File Closer"         daemon [_thread_blocked, id=12784, stack(0x0000004c15700000,0x0000004c15800000) (1024K)]
  0x00000196f3e74cc0 JavaThread "SCR Component Actor"        daemon [_thread_blocked, id=15460, stack(0x0000004c15800000,0x0000004c15900000) (1024K)]
  0x00000196f3e32bd0 JavaThread "Worker-JM"                         [_thread_blocked, id=16952, stack(0x0000004c15900000,0x0000004c15a00000) (1024K)]
  0x00000196f3e33260 JavaThread "JNA Cleaner"                daemon [_thread_blocked, id=12472, stack(0x0000004c14900000,0x0000004c14a00000) (1024K)]
  0x00000196f3e31eb0 JavaThread "Worker-0"                          [_thread_blocked, id=15800, stack(0x0000004c15a00000,0x0000004c15b00000) (1024K)]
  0x00000196f3e32540 JavaThread "Worker-1"                          [_thread_blocked, id=2304, stack(0x0000004c15c00000,0x0000004c15d00000) (1024K)]
  0x00000196f39a1080 JavaThread "C2 CompilerThread1"         daemon [_thread_blocked, id=14844, stack(0x0000004c15b00000,0x0000004c15c00000) (1024K)]
  0x00000196f9b04000 JavaThread "Worker-2: Java indexing... "        [_thread_blocked, id=13344, stack(0x0000004c15d00000,0x0000004c15e00000) (1024K)]
  0x00000196f9b032e0 JavaThread "Java indexing"              daemon [_thread_blocked, id=12636, stack(0x0000004c15e00000,0x0000004c15f00000) (1024K)]
  0x00000196f9aff140 JavaThread "Worker-3: Refreshing workspace"        [_thread_blocked, id=5768, stack(0x0000004c15f00000,0x0000004c16000000) (1024K)]
  0x00000196f9b04690 JavaThread "Worker-4"                          [_thread_blocked, id=20472, stack(0x0000004c16200000,0x0000004c16300000) (1024K)]
  0x00000196f9b060d0 JavaThread "Worker-5: Initialize Workspace"        [_thread_blocked, id=14660, stack(0x0000004c16300000,0x0000004c16400000) (1024K)]
  0x00000196f9b04d20 JavaThread "Thread-2"                   daemon [_thread_in_native, id=16908, stack(0x0000004c16400000,0x0000004c16500000) (1024K)]
  0x00000196f9b00b80 JavaThread "Thread-3"                   daemon [_thread_in_native, id=12656, stack(0x0000004c16500000,0x0000004c16600000) (1024K)]
  0x00000196f9b03970 JavaThread "Thread-4"                   daemon [_thread_in_native, id=13168, stack(0x0000004c16600000,0x0000004c16700000) (1024K)]
  0x00000196f9b05a40 JavaThread "Thread-5"                   daemon [_thread_in_native, id=10936, stack(0x0000004c16700000,0x0000004c16800000) (1024K)]
  0x00000196f9b06760 JavaThread "Thread-6"                   daemon [_thread_in_native, id=8336, stack(0x0000004c16800000,0x0000004c16900000) (1024K)]
  0x00000196f9b018a0 JavaThread "Thread-7"                   daemon [_thread_in_native, id=6344, stack(0x0000004c16900000,0x0000004c16a00000) (1024K)]
  0x00000196f9aff7d0 JavaThread "Thread-8"                   daemon [_thread_in_native, id=15480, stack(0x0000004c16a00000,0x0000004c16b00000) (1024K)]
  0x00000196f9affe60 JavaThread "Thread-9"                   daemon [_thread_in_native, id=12872, stack(0x0000004c16b00000,0x0000004c16c00000) (1024K)]
  0x00000196f9b004f0 JavaThread "Thread-10"                  daemon [_thread_in_native, id=10080, stack(0x0000004c16c00000,0x0000004c16d00000) (1024K)]
  0x00000196f9b053b0 JavaThread "pool-2-thread-1"                   [_thread_blocked, id=20544, stack(0x0000004c16d00000,0x0000004c16e00000) (1024K)]
  0x00000196f9b01210 JavaThread "WorkspaceEventsHandler"            [_thread_blocked, id=492, stack(0x0000004c16e00000,0x0000004c16f00000) (1024K)]
  0x00000196f9b01f30 JavaThread "pool-1-thread-1"                   [_thread_blocked, id=7396, stack(0x0000004c16f00000,0x0000004c17000000) (1024K)]
  0x00000196fad979a0 JavaThread "LocalFile Deleter"          daemon [_thread_blocked, id=7680, stack(0x0000004c17000000,0x0000004c17100000) (1024K)]
  0x00000196fad91730 JavaThread "LocalFile Deleter"          daemon [_thread_blocked, id=3096, stack(0x0000004c17100000,0x0000004c17200000) (1024K)]
  0x00000196fad98030 JavaThread "LocalFile Deleter"          daemon [_thread_blocked, id=13420, stack(0x0000004c17200000,0x0000004c17300000) (1024K)]
  0x00000196fad958d0 JavaThread "LocalFile Deleter"          daemon [_thread_blocked, id=5960, stack(0x0000004c17300000,0x0000004c17400000) (1024K)]
  0x00000196fad93800 JavaThread "LocalFile Deleter"          daemon [_thread_blocked, id=16612, stack(0x0000004c17400000,0x0000004c17500000) (1024K)]
  0x00000196fad910a0 JavaThread "LocalFile Deleter"          daemon [_thread_blocked, id=4912, stack(0x0000004c17500000,0x0000004c17600000) (1024K)]
  0x00000196fad94520 JavaThread "LocalFile Deleter"          daemon [_thread_blocked, id=17492, stack(0x0000004c17600000,0x0000004c17700000) (1024K)]
  0x00000196fad93e90 JavaThread "LocalFile Deleter"          daemon [_thread_blocked, id=17848, stack(0x0000004c17700000,0x0000004c17800000) (1024K)]
  0x00000196fad91dc0 JavaThread "Compiler Source File Reader" daemon [_thread_blocked, id=12192, stack(0x0000004c14b00000,0x0000004c14c00000) (1024K)]
  0x00000196fad94bb0 JavaThread "Compiler Source File Reader" daemon [_thread_blocked, id=5820, stack(0x0000004c17800000,0x0000004c17900000) (1024K)]
  0x00000196fad95f60 JavaThread "Compiler Source File Reader" daemon [_thread_blocked, id=16596, stack(0x0000004c17900000,0x0000004c17a00000) (1024K)]
  0x00000196fad92ae0 JavaThread "Compiler Source File Reader" daemon [_thread_blocked, id=4628, stack(0x0000004c17a00000,0x0000004c17b00000) (1024K)]
  0x00000196fad965f0 JavaThread "Compiler Source File Reader" daemon [_thread_blocked, id=21228, stack(0x0000004c17b00000,0x0000004c17c00000) (1024K)]
  0x00000196fad986c0 JavaThread "Compiler Source File Reader" daemon [_thread_blocked, id=20080, stack(0x0000004c17c00000,0x0000004c17d00000) (1024K)]
  0x00000196fad96c80 JavaThread "Timer-0"                           [_thread_blocked, id=10040, stack(0x0000004c17d00000,0x0000004c17e00000) (1024K)]
  0x00000196fa65d8f0 JavaThread "Connection worker"                 [_thread_in_native, id=18548, stack(0x0000004c17e00000,0x0000004c17f00000) (1024K)]
Total: 55

Other Threads:
  0x00000196db072610 VMThread "VM Thread"                           [id=21168, stack(0x0000004c13f00000,0x0000004c14000000) (1024K)]
  0x00000196db17d370 WatcherThread "VM Periodic Task Thread"        [id=9524, stack(0x0000004c13e00000,0x0000004c13f00000) (1024K)]
  0x00000196db132310 WorkerThread "GC Thread#0"                     [id=20568, stack(0x0000004c13d00000,0x0000004c13e00000) (1024K)]
  0x00000196f3ce7280 WorkerThread "GC Thread#1"                     [id=11524, stack(0x0000004c14c00000,0x0000004c14d00000) (1024K)]
  0x00000196f3c96e90 WorkerThread "GC Thread#2"                     [id=11800, stack(0x0000004c14d00000,0x0000004c14e00000) (1024K)]
  0x00000196f3c97230 WorkerThread "GC Thread#3"                     [id=20636, stack(0x0000004c14e00000,0x0000004c14f00000) (1024K)]
  0x00000196f3c6c1e0 WorkerThread "GC Thread#4"                     [id=3064, stack(0x0000004c14f00000,0x0000004c15000000) (1024K)]
  0x00000196f3c6c580 WorkerThread "GC Thread#5"                     [id=14656, stack(0x0000004c15000000,0x0000004c15100000) (1024K)]
  0x00000196f3c6c920 WorkerThread "GC Thread#6"                     [id=18856, stack(0x0000004c15100000,0x0000004c15200000) (1024K)]
  0x00000196f8074ae0 WorkerThread "GC Thread#7"                     [id=8124, stack(0x0000004c15300000,0x0000004c15400000) (1024K)]
Total: 10

Threads with active compile tasks:
C2 CompilerThread0  19710 9391   !   4       org.eclipse.osgi.internal.loader.classpath.ClasspathManager::defineClass (636 bytes)
Total: 1

VM state: not at safepoint (normal execution)

VM Mutex/Monitor currently owned by a thread: None

Heap address: 0x0000000080000000, size: 2048 MB, Compressed Oops mode: 32-bit

CDS archive(s) mapped at: [0x0000019680000000-0x0000019680ba0000-0x0000019680ba0000), size 12189696, SharedBaseAddress: 0x0000019680000000, ArchiveRelocationMode: 1.
Compressed class space mapped at: 0x0000019681000000-0x00000196c1000000, reserved size: 1073741824
Narrow klass base: 0x0000019680000000, Narrow klass shift: 0, Narrow klass range: 0x100000000

GC Precious Log:
 CardTable entry size: 512
 CPUs: 8 total, 8 available
 Memory: 7778M
 Large Page Support: Disabled
 NUMA Support: Disabled
 Compressed Oops: Enabled (32-bit)
 Alignments: Space 512K, Generation 512K, Heap 2M
 Heap Min Capacity: 100M
 Heap Initial Capacity: 100M
 Heap Max Capacity: 2G
 Pre-touch: Disabled
 Parallel Workers: 8

Heap:
 PSYoungGen      total 3072K, used 842K [0x00000000d5580000, 0x00000000d5a00000, 0x0000000100000000)
  eden space 2560K, 15% used [0x00000000d5580000,0x00000000d55e2228,0x00000000d5800000)
  from space 512K, 100% used [0x00000000d5980000,0x00000000d5a00000,0x00000000d5a00000)
  to   space 1024K, 0% used [0x00000000d5880000,0x00000000d5880000,0x00000000d5980000)
 ParOldGen       total 355328K, used 355237K [0x0000000080000000, 0x0000000095b00000, 0x00000000d5580000)
  object space 355328K, 99% used [0x0000000080000000,0x0000000095ae94b8,0x0000000095b00000)
 Metaspace       used 57615K, committed 58944K, reserved 1114112K
  class space    used 6200K, committed 6720K, reserved 1048576K

Card table byte_map: [0x00000196daac0000,0x00000196daed0000] _byte_map_base: 0x00000196da6c0000

Marking Bits: (ParMarkBitMap*) 0x00007ff8bd44a340
 Begin Bits: [0x00000196ed5c0000, 0x00000196ef5c0000)
 End Bits:   [0x00000196ef5c0000, 0x00000196f15c0000)

Polling page: 0x00000196d90a0000

Metaspace:

Usage:
  Non-class:     50.21 MB used.
      Class:      6.06 MB used.
       Both:     56.26 MB used.

Virtual space:
  Non-class space:       64.00 MB reserved,      51.00 MB ( 80%) committed,  1 nodes.
      Class space:        1.00 GB reserved,       6.56 MB ( <1%) committed,  1 nodes.
             Both:        1.06 GB reserved,      57.56 MB (  5%) committed. 

Chunk freelists:
   Non-Class:  12.34 MB
       Class:  9.45 MB
        Both:  21.80 MB

MaxMetaspaceSize: unlimited
CompressedClassSpaceSize: 1.00 GB
Initial GC threshold: 21.00 MB
Current GC threshold: 58.38 MB
CDS: on
 - commit_granule_bytes: 65536.
 - commit_granule_words: 8192.
 - virtual_space_node_default_size: 8388608.
 - enlarge_chunks_in_place: 1.
 - use_allocation_guard: 0.


Internal statistics:

num_allocs_failed_limit: 6.
num_arena_births: 984.
num_arena_deaths: 26.
num_vsnodes_births: 2.
num_vsnodes_deaths: 0.
num_space_committed: 921.
num_space_uncommitted: 0.
num_chunks_returned_to_freelist: 35.
num_chunks_taken_from_freelist: 3555.
num_chunk_merges: 10.
num_chunk_splits: 2252.
num_chunks_enlarged: 1371.
num_inconsistent_stats: 0.

CodeHeap 'non-profiled nmethods': size=120000Kb used=5342Kb max_used=5342Kb free=114657Kb
 bounds [0x00000196e5de0000, 0x00000196e6320000, 0x00000196ed310000]
CodeHeap 'profiled nmethods': size=120000Kb used=19883Kb max_used=19883Kb free=100116Kb
 bounds [0x00000196de310000, 0x00000196df680000, 0x00000196e5840000]
CodeHeap 'non-nmethods': size=5760Kb used=1421Kb max_used=1480Kb free=4338Kb
 bounds [0x00000196e5840000, 0x00000196e5ab0000, 0x00000196e5de0000]
CodeCache: size=245760Kb, used=26646Kb, max_used=26705Kb, free=219111Kb
 total_blobs=9566, nmethods=8843, adapters=629, full_count=0
Compilation: enabled, stopped_count=0, restarted_count=0

Compilation events (20 events):
Event: 19.466 Thread 0x00000196f39a1080 nmethod 9383 0x00000196e6311910 code [0x00000196e6311ac0, 0x00000196e6311e90]
Event: 19.466 Thread 0x00000196f39a1080 9408       4       java.util.concurrent.locks.ReentrantLock$Sync::isHeldExclusively (16 bytes)
Event: 19.467 Thread 0x00000196f39a1080 nmethod 9408 0x00000196e6312010 code [0x00000196e63121a0, 0x00000196e6312248]
Event: 19.467 Thread 0x00000196f39a1080 9396       4       java.util.RegularEnumSet::contains (57 bytes)
Event: 19.469 Thread 0x00000196f39a1080 nmethod 9396 0x00000196e6312310 code [0x00000196e63124a0, 0x00000196e63125c0]
Event: 19.469 Thread 0x00000196f39a1080 9393       4       java.util.Collections$SetFromMap::remove (19 bytes)
Event: 19.471 Thread 0x00000196f39a1080 nmethod 9393 0x00000196e6312690 code [0x00000196e6312820, 0x00000196e6312920]
Event: 19.471 Thread 0x00000196f39a1080 9394   !   4       java.util.zip.ZipFile$ZipFileInputStream::close (59 bytes)
Event: 19.475 Thread 0x00000196f39a1080 nmethod 9394 0x00000196e6312a10 code [0x00000196e6312be0, 0x00000196e6313038]
Event: 19.475 Thread 0x00000196f39a1080 9418       4       java.lang.ClassLoader::loadClass (7 bytes)
Event: 19.476 Thread 0x00000196f39a1080 nmethod 9418 0x00000196e6313290 code [0x00000196e6313420, 0x00000196e63134d0]
Event: 19.476 Thread 0x00000196f39a1080 9372   !   4       jdk.internal.ref.PhantomCleanable::remove (60 bytes)
Event: 19.479 Thread 0x00000196f39a1080 nmethod 9372 0x00000196e6313590 code [0x00000196e6313720, 0x00000196e6313a18]
Event: 19.479 Thread 0x00000196f39a1080 9370   !   4       org.eclipse.osgi.internal.weaving.WovenClassImpl::notifyWovenClassListeners (54 bytes)
Event: 19.481 Thread 0x00000196f39a1080 nmethod 9370 0x00000196e6313b90 code [0x00000196e6313d40, 0x00000196e6313e90]
Event: 19.481 Thread 0x00000196f39a1080 9368       4       java.lang.ClassLoader::postDefineClass (39 bytes)
Event: 19.553 Thread 0x00000196f39a1080 nmethod 9368 0x00000196e6314010 code [0x00000196e63143a0, 0x00000196e6315bb8]
Event: 19.553 Thread 0x00000196f39a1080 9434       4       org.eclipse.jdt.ls.core.internal.JobHelpers$InitializeJobMatcher::matches (7 bytes)
Event: 19.554 Thread 0x00000196f39a1080 nmethod 9434 0x00000196e6316d90 code [0x00000196e6316f20, 0x00000196e6316fd8]
Event: 19.628 Thread 0x00000196f39a1080 9440       4       org.eclipse.jdt.internal.core.search.indexing.BinaryIndexer::convertToArrayType (63 bytes)

GC Heap History (20 events):
Event: 19.277 GC heap before
{Heap before GC invocations=371 (full 2):
 PSYoungGen      total 3584K, used 3247K [0x00000000d5580000, 0x00000000d5a00000, 0x0000000100000000)
  eden space 2560K, 99% used [0x00000000d5580000,0x00000000d57fc2d8,0x00000000d5800000)
  from space 1024K, 68% used [0x00000000d5900000,0x00000000d59afbf0,0x00000000d5a00000)
  to   space 1024K, 0% used [0x00000000d5800000,0x00000000d5800000,0x00000000d5900000)
 ParOldGen       total 347136K, used 346739K [0x0000000080000000, 0x0000000095300000, 0x00000000d5580000)
  object space 347136K, 99% used [0x0000000080000000,0x000000009529cfe8,0x0000000095300000)
 Metaspace       used 57615K, committed 58944K, reserved 1114112K
  class space    used 6200K, committed 6720K, reserved 1048576K
}
Event: 19.279 GC heap after
{Heap after GC invocations=371 (full 2):
 PSYoungGen      total 3584K, used 728K [0x00000000d5580000, 0x00000000d5a00000, 0x0000000100000000)
  eden space 2560K, 0% used [0x00000000d5580000,0x00000000d5580000,0x00000000d5800000)
  from space 1024K, 71% used [0x00000000d5800000,0x00000000d58b6208,0x00000000d5900000)
  to   space 1024K, 0% used [0x00000000d5900000,0x00000000d5900000,0x00000000d5a00000)
 ParOldGen       total 347648K, used 347379K [0x0000000080000000, 0x0000000095380000, 0x00000000d5580000)
  object space 347648K, 99% used [0x0000000080000000,0x000000009533cd28,0x0000000095380000)
 Metaspace       used 57615K, committed 58944K, reserved 1114112K
  class space    used 6200K, committed 6720K, reserved 1048576K
}
Event: 19.295 GC heap before
{Heap before GC invocations=372 (full 2):
 PSYoungGen      total 3584K, used 3288K [0x00000000d5580000, 0x00000000d5a00000, 0x0000000100000000)
  eden space 2560K, 100% used [0x00000000d5580000,0x00000000d5800000,0x00000000d5800000)
  from space 1024K, 71% used [0x00000000d5800000,0x00000000d58b6208,0x00000000d5900000)
  to   space 1024K, 0% used [0x00000000d5900000,0x00000000d5900000,0x00000000d5a00000)
 ParOldGen       total 347648K, used 347379K [0x0000000080000000, 0x0000000095380000, 0x00000000d5580000)
  object space 347648K, 99% used [0x0000000080000000,0x000000009533cd28,0x0000000095380000)
 Metaspace       used 57615K, committed 58944K, reserved 1114112K
  class space    used 6200K, committed 6720K, reserved 1048576K
}
Event: 19.300 GC heap after
{Heap after GC invocations=372 (full 2):
 PSYoungGen      total 3584K, used 833K [0x00000000d5580000, 0x00000000d5a00000, 0x0000000100000000)
  eden space 2560K, 0% used [0x00000000d5580000,0x00000000d5580000,0x00000000d5800000)
  from space 1024K, 81% used [0x00000000d5900000,0x00000000d59d0630,0x00000000d5a00000)
  to   space 1024K, 0% used [0x00000000d5800000,0x00000000d5800000,0x00000000d5900000)
 ParOldGen       total 348160K, used 347980K [0x0000000080000000, 0x0000000095400000, 0x00000000d5580000)
  object space 348160K, 99% used [0x0000000080000000,0x00000000953d3338,0x0000000095400000)
 Metaspace       used 57615K, committed 58944K, reserved 1114112K
  class space    used 6200K, committed 6720K, reserved 1048576K
}
Event: 19.317 GC heap before
{Heap before GC invocations=373 (full 2):
 PSYoungGen      total 3584K, used 3393K [0x00000000d5580000, 0x00000000d5a00000, 0x0000000100000000)
  eden space 2560K, 100% used [0x00000000d5580000,0x00000000d5800000,0x00000000d5800000)
  from space 1024K, 81% used [0x00000000d5900000,0x00000000d59d0630,0x00000000d5a00000)
  to   space 1024K, 0% used [0x00000000d5800000,0x00000000d5800000,0x00000000d5900000)
 ParOldGen       total 348160K, used 347980K [0x0000000080000000, 0x0000000095400000, 0x00000000d5580000)
  object space 348160K, 99% used [0x0000000080000000,0x00000000953d3338,0x0000000095400000)
 Metaspace       used 57615K, committed 58944K, reserved 1114112K
  class space    used 6200K, committed 6720K, reserved 1048576K
}
Event: 19.325 GC heap after
{Heap after GC invocations=373 (full 2):
 PSYoungGen      total 3584K, used 721K [0x00000000d5580000, 0x00000000d5a00000, 0x0000000100000000)
  eden space 2560K, 0% used [0x00000000d5580000,0x00000000d5580000,0x00000000d5800000)
  from space 1024K, 70% used [0x00000000d5800000,0x00000000d58b4710,0x00000000d5900000)
  to   space 1024K, 0% used [0x00000000d5900000,0x00000000d5900000,0x00000000d5a00000)
 ParOldGen       total 349184K, used 348685K [0x0000000080000000, 0x0000000095500000, 0x00000000d5580000)
  object space 349184K, 99% used [0x0000000080000000,0x0000000095483440,0x0000000095500000)
 Metaspace       used 57615K, committed 58944K, reserved 1114112K
  class space    used 6200K, committed 6720K, reserved 1048576K
}
Event: 19.355 GC heap before
{Heap before GC invocations=374 (full 2):
 PSYoungGen      total 3584K, used 3281K [0x00000000d5580000, 0x00000000d5a00000, 0x0000000100000000)
  eden space 2560K, 100% used [0x00000000d5580000,0x00000000d5800000,0x00000000d5800000)
  from space 1024K, 70% used [0x00000000d5800000,0x00000000d58b4710,0x00000000d5900000)
  to   space 1024K, 0% used [0x00000000d5900000,0x00000000d5900000,0x00000000d5a00000)
 ParOldGen       total 349184K, used 348685K [0x0000000080000000, 0x0000000095500000, 0x00000000d5580000)
  object space 349184K, 99% used [0x0000000080000000,0x0000000095483440,0x0000000095500000)
 Metaspace       used 57615K, committed 58944K, reserved 1114112K
  class space    used 6200K, committed 6720K, reserved 1048576K
}
Event: 19.360 GC heap after
{Heap after GC invocations=374 (full 2):
 PSYoungGen      total 3584K, used 723K [0x00000000d5580000, 0x00000000d5a00000, 0x0000000100000000)
  eden space 2560K, 0% used [0x00000000d5580000,0x00000000d5580000,0x00000000d5800000)
  from space 1024K, 70% used [0x00000000d5900000,0x00000000d59b4cc0,0x00000000d5a00000)
  to   space 1024K, 0% used [0x00000000d5800000,0x00000000d5800000,0x00000000d5900000)
 ParOldGen       total 349696K, used 349278K [0x0000000080000000, 0x0000000095580000, 0x00000000d5580000)
  object space 349696K, 99% used [0x0000000080000000,0x0000000095517840,0x0000000095580000)
 Metaspace       used 57615K, committed 58944K, reserved 1114112K
  class space    used 6200K, committed 6720K, reserved 1048576K
}
Event: 19.406 GC heap before
{Heap before GC invocations=375 (full 2):
 PSYoungGen      total 3584K, used 3076K [0x00000000d5580000, 0x00000000d5a00000, 0x0000000100000000)
  eden space 2560K, 91% used [0x00000000d5580000,0x00000000d57cc630,0x00000000d5800000)
  from space 1024K, 70% used [0x00000000d5900000,0x00000000d59b4cc0,0x00000000d5a00000)
  to   space 1024K, 0% used [0x00000000d5800000,0x00000000d5800000,0x00000000d5900000)
 ParOldGen       total 349696K, used 349278K [0x0000000080000000, 0x0000000095580000, 0x00000000d5580000)
  object space 349696K, 99% used [0x0000000080000000,0x0000000095517840,0x0000000095580000)
 Metaspace       used 57615K, committed 58944K, reserved 1114112K
  class space    used 6200K, committed 6720K, reserved 1048576K
}
Event: 19.411 GC heap after
{Heap after GC invocations=375 (full 2):
 PSYoungGen      total 3584K, used 830K [0x00000000d5580000, 0x00000000d5a00000, 0x0000000100000000)
  eden space 2560K, 0% used [0x00000000d5580000,0x00000000d5580000,0x00000000d5800000)
  from space 1024K, 81% used [0x00000000d5800000,0x00000000d58cf9c0,0x00000000d5900000)
  to   space 1024K, 0% used [0x00000000d5900000,0x00000000d5900000,0x00000000d5a00000)
 ParOldGen       total 350208K, used 349926K [0x0000000080000000, 0x0000000095600000, 0x00000000d5580000)
  object space 350208K, 99% used [0x0000000080000000,0x00000000955b9960,0x0000000095600000)
 Metaspace       used 57615K, committed 58944K, reserved 1114112K
  class space    used 6200K, committed 6720K, reserved 1048576K
}
Event: 19.429 GC heap before
{Heap before GC invocations=376 (full 2):
 PSYoungGen      total 3584K, used 3311K [0x00000000d5580000, 0x00000000d5a00000, 0x0000000100000000)
  eden space 2560K, 96% used [0x00000000d5580000,0x00000000d57ec360,0x00000000d5800000)
  from space 1024K, 81% used [0x00000000d5800000,0x00000000d58cf9c0,0x00000000d5900000)
  to   space 1024K, 0% used [0x00000000d5900000,0x00000000d5900000,0x00000000d5a00000)
 ParOldGen       total 350208K, used 349926K [0x0000000080000000, 0x0000000095600000, 0x00000000d5580000)
  object space 350208K, 99% used [0x0000000080000000,0x00000000955b9960,0x0000000095600000)
 Metaspace       used 57615K, committed 58944K, reserved 1114112K
  class space    used 6200K, committed 6720K, reserved 1048576K
}
Event: 19.431 GC heap after
{Heap after GC invocations=376 (full 2):
 PSYoungGen      total 3584K, used 796K [0x00000000d5580000, 0x00000000d5a00000, 0x0000000100000000)
  eden space 2560K, 0% used [0x00000000d5580000,0x00000000d5580000,0x00000000d5800000)
  from space 1024K, 77% used [0x00000000d5900000,0x00000000d59c71b0,0x00000000d5a00000)
  to   space 1024K, 0% used [0x00000000d5800000,0x00000000d5800000,0x00000000d5900000)
 ParOldGen       total 351232K, used 350983K [0x0000000080000000, 0x0000000095700000, 0x00000000d5580000)
  object space 351232K, 99% used [0x0000000080000000,0x00000000956c1f28,0x0000000095700000)
 Metaspace       used 57615K, committed 58944K, reserved 1114112K
  class space    used 6200K, committed 6720K, reserved 1048576K
}
Event: 19.447 GC heap before
{Heap before GC invocations=377 (full 2):
 PSYoungGen      total 3584K, used 3318K [0x00000000d5580000, 0x00000000d5a00000, 0x0000000100000000)
  eden space 2560K, 98% used [0x00000000d5580000,0x00000000d57f6808,0x00000000d5800000)
  from space 1024K, 77% used [0x00000000d5900000,0x00000000d59c71b0,0x00000000d5a00000)
  to   space 1024K, 0% used [0x00000000d5800000,0x00000000d5800000,0x00000000d5900000)
 ParOldGen       total 351232K, used 350983K [0x0000000080000000, 0x0000000095700000, 0x00000000d5580000)
  object space 351232K, 99% used [0x0000000080000000,0x00000000956c1f28,0x0000000095700000)
 Metaspace       used 57615K, committed 58944K, reserved 1114112K
  class space    used 6200K, committed 6720K, reserved 1048576K
}
Event: 19.449 GC heap after
{Heap after GC invocations=377 (full 2):
 PSYoungGen      total 3584K, used 1020K [0x00000000d5580000, 0x00000000d5c00000, 0x0000000100000000)
  eden space 2560K, 0% used [0x00000000d5580000,0x00000000d5580000,0x00000000d5800000)
  from space 1024K, 99% used [0x00000000d5800000,0x00000000d58ff068,0x00000000d5900000)
  to   space 2048K, 0% used [0x00000000d5a00000,0x00000000d5a00000,0x00000000d5c00000)
 ParOldGen       total 352256K, used 351757K [0x0000000080000000, 0x0000000095800000, 0x00000000d5580000)
  object space 352256K, 99% used [0x0000000080000000,0x00000000957834b8,0x0000000095800000)
 Metaspace       used 57615K, committed 58944K, reserved 1114112K
  class space    used 6200K, committed 6720K, reserved 1048576K
}
Event: 19.462 GC heap before
{Heap before GC invocations=378 (full 2):
 PSYoungGen      total 3584K, used 3580K [0x00000000d5580000, 0x00000000d5c00000, 0x0000000100000000)
  eden space 2560K, 100% used [0x00000000d5580000,0x00000000d5800000,0x00000000d5800000)
  from space 1024K, 99% used [0x00000000d5800000,0x00000000d58ff068,0x00000000d5900000)
  to   space 2048K, 0% used [0x00000000d5a00000,0x00000000d5a00000,0x00000000d5c00000)
 ParOldGen       total 352256K, used 351757K [0x0000000080000000, 0x0000000095800000, 0x00000000d5580000)
  object space 352256K, 99% used [0x0000000080000000,0x00000000957834b8,0x0000000095800000)
 Metaspace       used 57615K, committed 58944K, reserved 1114112K
  class space    used 6200K, committed 6720K, reserved 1048576K
}
Event: 19.466 GC heap after
{Heap after GC invocations=378 (full 2):
 PSYoungGen      total 3584K, used 925K [0x00000000d5580000, 0x00000000d5b00000, 0x0000000100000000)
  eden space 2560K, 0% used [0x00000000d5580000,0x00000000d5580000,0x00000000d5800000)
  from space 1024K, 90% used [0x00000000d5a00000,0x00000000d5ae7708,0x00000000d5b00000)
  to   space 1536K, 0% used [0x00000000d5800000,0x00000000d5800000,0x00000000d5980000)
 ParOldGen       total 352768K, used 352496K [0x0000000080000000, 0x0000000095880000, 0x00000000d5580000)
  object space 352768K, 99% used [0x0000000080000000,0x000000009583c000,0x0000000095880000)
 Metaspace       used 57615K, committed 58944K, reserved 1114112K
  class space    used 6200K, committed 6720K, reserved 1048576K
}
Event: 19.533 GC heap before
{Heap before GC invocations=379 (full 2):
 PSYoungGen      total 3584K, used 3485K [0x00000000d5580000, 0x00000000d5b00000, 0x0000000100000000)
  eden space 2560K, 100% used [0x00000000d5580000,0x00000000d5800000,0x00000000d5800000)
  from space 1024K, 90% used [0x00000000d5a00000,0x00000000d5ae7708,0x00000000d5b00000)
  to   space 1536K, 0% used [0x00000000d5800000,0x00000000d5800000,0x00000000d5980000)
 ParOldGen       total 352768K, used 352496K [0x0000000080000000, 0x0000000095880000, 0x00000000d5580000)
  object space 352768K, 99% used [0x0000000080000000,0x000000009583c000,0x0000000095880000)
 Metaspace       used 57615K, committed 58944K, reserved 1114112K
  class space    used 6200K, committed 6720K, reserved 1048576K
}
Event: 19.537 GC heap after
{Heap after GC invocations=379 (full 2):
 PSYoungGen      total 4096K, used 720K [0x00000000d5580000, 0x00000000d5a80000, 0x0000000100000000)
  eden space 2560K, 0% used [0x00000000d5580000,0x00000000d5580000,0x00000000d5800000)
  from space 1536K, 46% used [0x00000000d5800000,0x00000000d58b42c8,0x00000000d5980000)
  to   space 1024K, 0% used [0x00000000d5980000,0x00000000d5980000,0x00000000d5a80000)
 ParOldGen       total 353792K, used 353307K [0x0000000080000000, 0x0000000095980000, 0x00000000d5580000)
  object space 353792K, 99% used [0x0000000080000000,0x0000000095906db8,0x0000000095980000)
 Metaspace       used 57615K, committed 58944K, reserved 1114112K
  class space    used 6200K, committed 6720K, reserved 1048576K
}
Event: 19.623 GC heap before
{Heap before GC invocations=380 (full 2):
 PSYoungGen      total 4096K, used 3280K [0x00000000d5580000, 0x00000000d5a80000, 0x0000000100000000)
  eden space 2560K, 100% used [0x00000000d5580000,0x00000000d5800000,0x00000000d5800000)
  from space 1536K, 46% used [0x00000000d5800000,0x00000000d58b42c8,0x00000000d5980000)
  to   space 1024K, 0% used [0x00000000d5980000,0x00000000d5980000,0x00000000d5a80000)
 ParOldGen       total 353792K, used 353307K [0x0000000080000000, 0x0000000095980000, 0x00000000d5580000)
  object space 353792K, 99% used [0x0000000080000000,0x0000000095906db8,0x0000000095980000)
 Metaspace       used 57615K, committed 58944K, reserved 1114112K
  class space    used 6200K, committed 6720K, reserved 1048576K
}
Event: 19.627 GC heap after
{Heap after GC invocations=380 (full 2):
 PSYoungGen      total 3584K, used 725K [0x00000000d5580000, 0x00000000d5a80000, 0x0000000100000000)
  eden space 2560K, 0% used [0x00000000d5580000,0x00000000d5580000,0x00000000d5800000)
  from space 1024K, 70% used [0x00000000d5980000,0x00000000d5a35648,0x00000000d5a80000)
  to   space 1024K, 0% used [0x00000000d5880000,0x00000000d5880000,0x00000000d5980000)
 ParOldGen       total 354304K, used 353905K [0x0000000080000000, 0x0000000095a00000, 0x00000000d5580000)
  object space 354304K, 99% used [0x0000000080000000,0x000000009599c7a0,0x0000000095a00000)
 Metaspace       used 57615K, committed 58944K, reserved 1114112K
  class space    used 6200K, committed 6720K, reserved 1048576K
}

Dll operation events (10 events):
Event: 0.030 Loaded shared library c:\Users\Microsoft\.vscode\extensions\redhat.java-1.44.0-win32-x64\jre\21.0.8-win32-x86_64\bin\java.dll
Event: 0.077 Loaded shared library c:\Users\Microsoft\.vscode\extensions\redhat.java-1.44.0-win32-x64\jre\21.0.8-win32-x86_64\bin\zip.dll
Event: 0.172 Loaded shared library C:\Users\Microsoft\.vscode\extensions\redhat.java-1.44.0-win32-x64\jre\21.0.8-win32-x86_64\bin\instrument.dll
Event: 0.179 Loaded shared library C:\Users\Microsoft\.vscode\extensions\redhat.java-1.44.0-win32-x64\jre\21.0.8-win32-x86_64\bin\net.dll
Event: 0.182 Loaded shared library C:\Users\Microsoft\.vscode\extensions\redhat.java-1.44.0-win32-x64\jre\21.0.8-win32-x86_64\bin\nio.dll
Event: 0.188 Loaded shared library C:\Users\Microsoft\.vscode\extensions\redhat.java-1.44.0-win32-x64\jre\21.0.8-win32-x86_64\bin\zip.dll
Event: 0.215 Loaded shared library C:\Users\Microsoft\.vscode\extensions\redhat.java-1.44.0-win32-x64\jre\21.0.8-win32-x86_64\bin\jimage.dll
Event: 0.316 Loaded shared library c:\Users\Microsoft\.vscode\extensions\redhat.java-1.44.0-win32-x64\jre\21.0.8-win32-x86_64\bin\verify.dll
Event: 2.075 Loaded shared library C:\Users\Microsoft\AppData\Roaming\Code\User\globalStorage\redhat.java\1.44.0\config_win\org.eclipse.equinox.launcher\org.eclipse.equinox.launcher.win32.win32.x86_64_1.2.1400.v20250730-1736\eclipse_11913.dll
Event: 4.366 Loaded shared library C:\Users\Microsoft\AppData\Local\Temp\jna-1909739726\jna12370793266970324924.dll

Deoptimization events (20 events):
Event: 18.628 Thread 0x00000196f9b060d0 DEOPT PACKING pc=0x00000196e62b19e4 sp=0x0000004c163fd2c0
Event: 18.628 Thread 0x00000196f9b060d0 DEOPT UNPACKING pc=0x00000196e5896da2 sp=0x0000004c163fd258 mode 2
Event: 18.628 Thread 0x00000196f9b060d0 Uncommon trap: trap_request=0xffffff45 fr.pc=0x00000196e6223790 relative=0x0000000000000c70
Event: 18.628 Thread 0x00000196f9b060d0 Uncommon trap: reason=unstable_if action=reinterpret pc=0x00000196e6223790 method=java.util.regex.Pattern.compile()V @ 462 c2
Event: 18.628 Thread 0x00000196f9b060d0 DEOPT PACKING pc=0x00000196e6223790 sp=0x0000004c163fd7b0
Event: 18.628 Thread 0x00000196f9b060d0 DEOPT UNPACKING pc=0x00000196e5896da2 sp=0x0000004c163fd748 mode 2
Event: 18.674 Thread 0x00000196f9b060d0 DEOPT PACKING pc=0x00000196df58d3d0 sp=0x0000004c163fc140
Event: 18.674 Thread 0x00000196f9b060d0 DEOPT UNPACKING pc=0x00000196e58978e2 sp=0x0000004c163fb620 mode 0
Event: 18.792 Thread 0x00000196fa65d8f0 Uncommon trap: trap_request=0xffffff45 fr.pc=0x00000196e624c064 relative=0x0000000000000484
Event: 18.792 Thread 0x00000196fa65d8f0 Uncommon trap: reason=unstable_if action=reinterpret pc=0x00000196e624c064 method=java.util.regex.Pattern.escape(ZZZ)I @ 8 c2
Event: 18.792 Thread 0x00000196fa65d8f0 DEOPT PACKING pc=0x00000196e624c064 sp=0x0000004c17efe390
Event: 18.792 Thread 0x00000196fa65d8f0 DEOPT UNPACKING pc=0x00000196e5896da2 sp=0x0000004c17efe308 mode 2
Event: 18.861 Thread 0x00000196fa65d8f0 Uncommon trap: trap_request=0xffffff45 fr.pc=0x00000196e5ec452c relative=0x00000000000000ec
Event: 18.861 Thread 0x00000196fa65d8f0 Uncommon trap: reason=unstable_if action=reinterpret pc=0x00000196e5ec452c method=java.lang.StrictMath.floorOrCeil(DDDD)D @ 115 c2
Event: 18.861 Thread 0x00000196fa65d8f0 DEOPT PACKING pc=0x00000196e5ec452c sp=0x0000004c17efec00
Event: 18.861 Thread 0x00000196fa65d8f0 DEOPT UNPACKING pc=0x00000196e5896da2 sp=0x0000004c17efeb68 mode 2
Event: 18.986 Thread 0x00000196fa65d8f0 Uncommon trap: trap_request=0xffffff45 fr.pc=0x00000196e6092f8c relative=0x00000000000000ec
Event: 18.986 Thread 0x00000196fa65d8f0 Uncommon trap: reason=unstable_if action=reinterpret pc=0x00000196e6092f8c method=java.util.stream.SpinedBuffer.accept(Ljava/lang/Object;)V @ 9 c2
Event: 18.986 Thread 0x00000196fa65d8f0 DEOPT PACKING pc=0x00000196e6092f8c sp=0x0000004c17efdd40
Event: 18.986 Thread 0x00000196fa65d8f0 DEOPT UNPACKING pc=0x00000196e5896da2 sp=0x0000004c17efdce8 mode 2

Classes loaded (20 events):
Event: 16.904 Loading class java/nio/file/FileSystemLoopException
Event: 16.904 Loading class java/nio/file/FileSystemLoopException done
Event: 18.347 Loading class java/nio/file/FileChannelLinesSpliterator
Event: 18.347 Loading class java/nio/file/FileChannelLinesSpliterator done
Event: 18.350 Loading class java/util/stream/Streams$1
Event: 18.350 Loading class java/util/stream/Streams$1 done
Event: 18.350 Loading class java/nio/file/FileChannelLinesSpliterator$1
Event: 18.351 Loading class java/nio/file/FileChannelLinesSpliterator$1 done
Event: 18.604 Loading class java/util/concurrent/CopyOnWriteArraySet
Event: 18.605 Loading class java/util/concurrent/CopyOnWriteArraySet done
Event: 18.696 Loading class java/util/concurrent/ArrayBlockingQueue
Event: 18.697 Loading class java/util/concurrent/ArrayBlockingQueue done
Event: 18.858 Loading class java/net/HttpURLConnection
Event: 18.860 Loading class java/net/HttpURLConnection done
Event: 18.930 Loading class java/io/FileFilter
Event: 18.930 Loading class java/io/FileFilter done
Event: 18.978 Loading class java/util/concurrent/ConcurrentHashMap$ValueSpliterator
Event: 18.979 Loading class java/util/concurrent/ConcurrentHashMap$ValueSpliterator done
Event: 18.983 Loading class jdk/internal/loader/BootLoader$PackageHelper
Event: 18.984 Loading class jdk/internal/loader/BootLoader$PackageHelper done

Classes unloaded (13 events):
Event: 5.837 Thread 0x00000196db072610 Unloading class 0x00000196811ac400 'java/lang/invoke/LambdaForm$MH+0x00000196811ac400'
Event: 5.837 Thread 0x00000196db072610 Unloading class 0x00000196811ac000 'java/lang/invoke/LambdaForm$MH+0x00000196811ac000'
Event: 5.837 Thread 0x00000196db072610 Unloading class 0x00000196811abc00 'java/lang/invoke/LambdaForm$MH+0x00000196811abc00'
Event: 5.837 Thread 0x00000196db072610 Unloading class 0x00000196811ab800 'java/lang/invoke/LambdaForm$MH+0x00000196811ab800'
Event: 5.837 Thread 0x00000196db072610 Unloading class 0x00000196811ab400 'java/lang/invoke/LambdaForm$BMH+0x00000196811ab400'
Event: 5.837 Thread 0x00000196db072610 Unloading class 0x00000196811ab000 'java/lang/invoke/LambdaForm$DMH+0x00000196811ab000'
Event: 5.837 Thread 0x00000196db072610 Unloading class 0x00000196811aa000 'java/lang/invoke/LambdaForm$DMH+0x00000196811aa000'
Event: 7.440 Thread 0x00000196db072610 Unloading class 0x000001968130c800 'java/lang/invoke/LambdaForm$MH+0x000001968130c800'
Event: 7.440 Thread 0x00000196db072610 Unloading class 0x000001968130bc00 'java/lang/invoke/LambdaForm$MH+0x000001968130bc00'
Event: 7.440 Thread 0x00000196db072610 Unloading class 0x000001968130b400 'java/lang/invoke/LambdaForm$MH+0x000001968130b400'
Event: 7.440 Thread 0x00000196db072610 Unloading class 0x000001968130ac00 'java/lang/invoke/LambdaForm$MH+0x000001968130ac00'
Event: 7.440 Thread 0x00000196db072610 Unloading class 0x000001968130a800 'java/lang/invoke/LambdaForm$DMH+0x000001968130a800'
Event: 7.440 Thread 0x00000196db072610 Unloading class 0x0000019681309c00 'java/lang/invoke/LambdaForm$MH+0x0000019681309c00'

Classes redefined (0 events):
No events

Internal exceptions (20 events):
Event: 17.700 Thread 0x00000196f9b060d0 Exception <a 'sun/nio/fs/WindowsException'{0x00000000d57bba30}> (0x00000000d57bba30) 
thrown [s\src\hotspot\share\prims\jni.cpp, line 520]
Event: 17.700 Thread 0x00000196f9b060d0 Exception <a 'sun/nio/fs/WindowsException'{0x00000000d57c6ee0}> (0x00000000d57c6ee0) 
thrown [s\src\hotspot\share\prims\jni.cpp, line 520]
Event: 18.125 Thread 0x00000196f9b060d0 Exception <a 'sun/nio/fs/WindowsException'{0x00000000d576f190}> (0x00000000d576f190) 
thrown [s\src\hotspot\share\prims\jni.cpp, line 520]
Event: 18.125 Thread 0x00000196f9b060d0 Exception <a 'sun/nio/fs/WindowsException'{0x00000000d576f4a0}> (0x00000000d576f4a0) 
thrown [s\src\hotspot\share\prims\jni.cpp, line 520]
Event: 18.125 Thread 0x00000196f9b060d0 Exception <a 'sun/nio/fs/WindowsException'{0x00000000d576f7b0}> (0x00000000d576f7b0) 
thrown [s\src\hotspot\share\prims\jni.cpp, line 520]
Event: 18.125 Thread 0x00000196f9b060d0 Exception <a 'sun/nio/fs/WindowsException'{0x00000000d576fc10}> (0x00000000d576fc10) 
thrown [s\src\hotspot\share\prims\jni.cpp, line 520]
Event: 18.159 Thread 0x00000196f9b060d0 Exception <a 'sun/nio/fs/WindowsException'{0x00000000d568fd88}> (0x00000000d568fd88) 
thrown [s\src\hotspot\share\prims\jni.cpp, line 520]
Event: 18.160 Thread 0x00000196f9b060d0 Exception <a 'sun/nio/fs/WindowsException'{0x00000000d5690378}> (0x00000000d5690378) 
thrown [s\src\hotspot\share\prims\jni.cpp, line 520]
Event: 18.160 Thread 0x00000196f9b060d0 Exception <a 'sun/nio/fs/WindowsException'{0x00000000d56aa5d0}> (0x00000000d56aa5d0) 
thrown [s\src\hotspot\share\prims\jni.cpp, line 520]
Event: 18.160 Thread 0x00000196f9b060d0 Exception <a 'sun/nio/fs/WindowsException'{0x00000000d56aabd8}> (0x00000000d56aabd8) 
thrown [s\src\hotspot\share\prims\jni.cpp, line 520]
Event: 18.160 Thread 0x00000196f9b060d0 Exception <a 'sun/nio/fs/WindowsException'{0x00000000d56b9ee8}> (0x00000000d56b9ee8) 
thrown [s\src\hotspot\share\prims\jni.cpp, line 520]
Event: 18.160 Thread 0x00000196f9b060d0 Exception <a 'sun/nio/fs/WindowsException'{0x00000000d56ba738}> (0x00000000d56ba738) 
thrown [s\src\hotspot\share\prims\jni.cpp, line 520]
Event: 18.160 Thread 0x00000196f9b060d0 Exception <a 'sun/nio/fs/WindowsException'{0x00000000d56bad08}> (0x00000000d56bad08) 
thrown [s\src\hotspot\share\prims\jni.cpp, line 520]
Event: 18.160 Thread 0x00000196f9b060d0 Exception <a 'sun/nio/fs/WindowsException'{0x00000000d56bb2f8}> (0x00000000d56bb2f8) 
thrown [s\src\hotspot\share\prims\jni.cpp, line 520]
Event: 18.340 Thread 0x00000196f9b060d0 Exception <a 'sun/nio/fs/WindowsException'{0x00000000d55f4550}> (0x00000000d55f4550) 
thrown [s\src\hotspot\share\prims\jni.cpp, line 520]
Event: 18.340 Thread 0x00000196f9b060d0 Exception <a 'sun/nio/fs/WindowsException'{0x00000000d55f4b00}> (0x00000000d55f4b00) 
thrown [s\src\hotspot\share\prims\jni.cpp, line 520]
Event: 18.340 Thread 0x00000196f9b060d0 Exception <a 'sun/nio/fs/WindowsException'{0x00000000d55f50b0}> (0x00000000d55f50b0) 
thrown [s\src\hotspot\share\prims\jni.cpp, line 520]
Event: 18.340 Thread 0x00000196f9b060d0 Exception <a 'sun/nio/fs/WindowsException'{0x00000000d55f5680}> (0x00000000d55f5680) 
thrown [s\src\hotspot\share\prims\jni.cpp, line 520]
Event: 18.610 Thread 0x00000196f9b060d0 Exception <a 'java/lang/NoSuchMethodError'{0x00000000d5582c40}: 'java.lang.Object java.lang.invoke.DirectMethodHandle$Holder.invokeVirtual(java.lang.Object, java.lang.Object, java.lang.Object, java.lang.Object)'> (0x00000000d5582c40) 
thrown [s\src\hotspot\share\interpreter\linkResolver.cpp, line 773]
Event: 18.614 Thread 0x00000196f9b060d0 Exception <a 'java/lang/NoSuchMethodError'{0x00000000d563a230}: 'java.lang.Object java.lang.invoke.DirectMethodHandle$Holder.invokeVirtual(java.lang.Object, java.lang.Object, java.lang.Object, java.lang.Object, java.lang.Object)'> (0x00000000d563a230) 
thrown [s\src\hotspot\share\interpreter\linkResolver.cpp, line 773]

ZGC Phase Switch (0 events):
No events

VM Operations (20 events):
Event: 19.277 Executing VM operation: ParallelGCFailedAllocation (Allocation Failure)
Event: 19.279 Executing VM operation: ParallelGCFailedAllocation (Allocation Failure) done
Event: 19.295 Executing VM operation: ParallelGCFailedAllocation (Allocation Failure)
Event: 19.300 Executing VM operation: ParallelGCFailedAllocation (Allocation Failure) done
Event: 19.317 Executing VM operation: ParallelGCFailedAllocation (Allocation Failure)
Event: 19.325 Executing VM operation: ParallelGCFailedAllocation (Allocation Failure) done
Event: 19.355 Executing VM operation: ParallelGCFailedAllocation (Allocation Failure)
Event: 19.360 Executing VM operation: ParallelGCFailedAllocation (Allocation Failure) done
Event: 19.406 Executing VM operation: ParallelGCFailedAllocation (Allocation Failure)
Event: 19.411 Executing VM operation: ParallelGCFailedAllocation (Allocation Failure) done
Event: 19.429 Executing VM operation: ParallelGCFailedAllocation (Allocation Failure)
Event: 19.431 Executing VM operation: ParallelGCFailedAllocation (Allocation Failure) done
Event: 19.446 Executing VM operation: ParallelGCFailedAllocation (Allocation Failure)
Event: 19.449 Executing VM operation: ParallelGCFailedAllocation (Allocation Failure) done
Event: 19.462 Executing VM operation: ParallelGCFailedAllocation (Allocation Failure)
Event: 19.466 Executing VM operation: ParallelGCFailedAllocation (Allocation Failure) done
Event: 19.533 Executing VM operation: ParallelGCFailedAllocation (Allocation Failure)
Event: 19.537 Executing VM operation: ParallelGCFailedAllocation (Allocation Failure) done
Event: 19.623 Executing VM operation: ParallelGCFailedAllocation (Allocation Failure)
Event: 19.627 Executing VM operation: ParallelGCFailedAllocation (Allocation Failure) done

Memory protections (0 events):
No events

Nmethod flushes (20 events):
Event: 7.452 Thread 0x00000196db072610 flushing  nmethod 0x00000196de95c290
Event: 7.452 Thread 0x00000196db072610 flushing  nmethod 0x00000196de962910
Event: 7.452 Thread 0x00000196db072610 flushing  nmethod 0x00000196de981c90
Event: 7.452 Thread 0x00000196db072610 flushing  nmethod 0x00000196de983c90
Event: 7.452 Thread 0x00000196db072610 flushing  nmethod 0x00000196de988210
Event: 7.452 Thread 0x00000196db072610 flushing  nmethod 0x00000196de9ab190
Event: 7.452 Thread 0x00000196db072610 flushing  nmethod 0x00000196de9d6110
Event: 7.452 Thread 0x00000196db072610 flushing  nmethod 0x00000196de9d7c10
Event: 7.452 Thread 0x00000196db072610 flushing  nmethod 0x00000196de9d8510
Event: 7.452 Thread 0x00000196db072610 flushing  nmethod 0x00000196de9d9f10
Event: 7.452 Thread 0x00000196db072610 flushing  nmethod 0x00000196de9dbc10
Event: 7.452 Thread 0x00000196db072610 flushing  nmethod 0x00000196de9dcc10
Event: 7.452 Thread 0x00000196db072610 flushing  nmethod 0x00000196de9dd510
Event: 7.452 Thread 0x00000196db072610 flushing  nmethod 0x00000196de9e7e10
Event: 7.452 Thread 0x00000196db072610 flushing  nmethod 0x00000196de9e8c90
Event: 7.452 Thread 0x00000196db072610 flushing  nmethod 0x00000196dea2c110
Event: 7.452 Thread 0x00000196db072610 flushing  nmethod 0x00000196dea2d310
Event: 7.452 Thread 0x00000196db072610 flushing  nmethod 0x00000196dea6a510
Event: 7.452 Thread 0x00000196db072610 flushing  nmethod 0x00000196dea91390
Event: 7.452 Thread 0x00000196db072610 flushing  nmethod 0x00000196deac3110

Events (20 events):
Event: 7.415 Thread 0x00000196db110ec0 Thread added: 0x00000196f9b053b0
Event: 7.713 Thread 0x00000196db110ec0 Thread added: 0x00000196f9b01210
Event: 7.713 Thread 0x00000196db110ec0 Thread added: 0x00000196f9b01f30
Event: 10.548 Thread 0x00000196f9b04690 Thread added: 0x00000196fad979a0
Event: 10.549 Thread 0x00000196fad979a0 Thread added: 0x00000196fad91730
Event: 10.549 Thread 0x00000196fad91730 Thread added: 0x00000196fad98030
Event: 10.550 Thread 0x00000196fad98030 Thread added: 0x00000196fad958d0
Event: 10.551 Thread 0x00000196fad979a0 Thread added: 0x00000196fad93800
Event: 10.551 Thread 0x00000196fad98030 Thread added: 0x00000196fad910a0
Event: 10.553 Thread 0x00000196fad979a0 Thread added: 0x00000196fad94520
Event: 10.553 Thread 0x00000196fad91730 Thread added: 0x00000196fad93e90
Event: 10.816 Thread 0x00000196f8761860 Thread exited: 0x00000196f8761860
Event: 11.499 Thread 0x00000196f9b04690 Thread added: 0x00000196fad91dc0
Event: 11.499 Thread 0x00000196f9b04690 Thread added: 0x00000196fad94bb0
Event: 11.499 Thread 0x00000196f9b04690 Thread added: 0x00000196fad95f60
Event: 11.499 Thread 0x00000196f9b04690 Thread added: 0x00000196fad92ae0
Event: 11.499 Thread 0x00000196f9b04690 Thread added: 0x00000196fad965f0
Event: 11.499 Thread 0x00000196f9b04690 Thread added: 0x00000196fad986c0
Event: 18.525 Thread 0x00000196f9b060d0 Thread added: 0x00000196fad96c80
Event: 18.743 Thread 0x00000196f9b060d0 Thread added: 0x00000196fa65d8f0


Dynamic libraries:
0x00007ff72ca40000 - 0x00007ff72ca4e000 	c:\Users\Microsoft\.vscode\extensions\redhat.java-1.44.0-win32-x64\jre\21.0.8-win32-x86_64\bin\java.exe
0x00007ff92c080000 - 0x00007ff92c289000 	C:\WINDOWS\SYSTEM32\ntdll.dll
0x00007ff92adb0000 - 0x00007ff92ae6d000 	C:\WINDOWS\System32\KERNEL32.DLL
0x00007ff929630000 - 0x00007ff9299b4000 	C:\WINDOWS\System32\KERNELBASE.dll
0x00007ff9299c0000 - 0x00007ff929ad1000 	C:\WINDOWS\System32\ucrtbase.dll
0x00007ff9217b0000 - 0x00007ff9217ce000 	c:\Users\Microsoft\.vscode\extensions\redhat.java-1.44.0-win32-x64\jre\21.0.8-win32-x86_64\bin\VCRUNTIME140.dll
0x00007ff922300000 - 0x00007ff922318000 	c:\Users\Microsoft\.vscode\extensions\redhat.java-1.44.0-win32-x64\jre\21.0.8-win32-x86_64\bin\jli.dll
0x00007ff92a3e0000 - 0x00007ff92a58d000 	C:\WINDOWS\System32\USER32.dll
0x00007ff929ae0000 - 0x00007ff929b06000 	C:\WINDOWS\System32\win32u.dll
0x00007ff92a5a0000 - 0x00007ff92a5ca000 	C:\WINDOWS\System32\GDI32.dll
0x00007ff929c40000 - 0x00007ff929d5e000 	C:\WINDOWS\System32\gdi32full.dll
0x00007ff9217d0000 - 0x00007ff921a75000 	C:\WINDOWS\WinSxS\amd64_microsoft.windows.common-controls_6595b64144ccf1df_6.0.22000.120_none_9d947278b86cc467\COMCTL32.dll
0x00007ff929510000 - 0x00007ff9295ad000 	C:\WINDOWS\System32\msvcp_win.dll
0x00007ff92bee0000 - 0x00007ff92bf83000 	C:\WINDOWS\System32\msvcrt.dll
0x00007ff929ed0000 - 0x00007ff929f01000 	C:\WINDOWS\System32\IMM32.DLL
0x00007ff922330000 - 0x00007ff92233c000 	c:\Users\Microsoft\.vscode\extensions\redhat.java-1.44.0-win32-x64\jre\21.0.8-win32-x86_64\bin\vcruntime140_1.dll
0x00007ff8faf60000 - 0x00007ff8fafed000 	c:\Users\Microsoft\.vscode\extensions\redhat.java-1.44.0-win32-x64\jre\21.0.8-win32-x86_64\bin\msvcp140.dll
0x00007ff8bc790000 - 0x00007ff8bd527000 	c:\Users\Microsoft\.vscode\extensions\redhat.java-1.44.0-win32-x64\jre\21.0.8-win32-x86_64\bin\server\jvm.dll
0x00007ff92bf90000 - 0x00007ff92c03e000 	C:\WINDOWS\System32\ADVAPI32.dll
0x00007ff92a340000 - 0x00007ff92a3de000 	C:\WINDOWS\System32\sechost.dll
0x00007ff92b490000 - 0x00007ff92b5b1000 	C:\WINDOWS\System32\RPCRT4.dll
0x00007ff92be70000 - 0x00007ff92bedf000 	C:\WINDOWS\System32\WS2_32.dll
0x00007ff9293e0000 - 0x00007ff92942d000 	C:\WINDOWS\SYSTEM32\POWRPROF.dll
0x00007ff922d20000 - 0x00007ff922d53000 	C:\WINDOWS\SYSTEM32\WINMM.dll
0x00007ff919530000 - 0x00007ff91953a000 	C:\WINDOWS\SYSTEM32\VERSION.dll
0x00007ff9293c0000 - 0x00007ff9293d3000 	C:\WINDOWS\SYSTEM32\UMPDC.dll
0x00007ff928580000 - 0x00007ff928598000 	C:\WINDOWS\SYSTEM32\kernel.appcore.dll
0x00007ff921740000 - 0x00007ff92174a000 	c:\Users\Microsoft\.vscode\extensions\redhat.java-1.44.0-win32-x64\jre\21.0.8-win32-x86_64\bin\jimage.dll
0x00007ff927080000 - 0x00007ff9272a1000 	C:\WINDOWS\SYSTEM32\DBGHELP.DLL
0x00007ff91a1a0000 - 0x00007ff91a1d1000 	C:\WINDOWS\SYSTEM32\dbgcore.DLL
0x00007ff9295b0000 - 0x00007ff92962f000 	C:\WINDOWS\System32\bcryptPrimitives.dll
0x00007ff9216e0000 - 0x00007ff9216ef000 	c:\Users\Microsoft\.vscode\extensions\redhat.java-1.44.0-win32-x64\jre\21.0.8-win32-x86_64\bin\instrument.dll
0x00007ff919920000 - 0x00007ff91993f000 	c:\Users\Microsoft\.vscode\extensions\redhat.java-1.44.0-win32-x64\jre\21.0.8-win32-x86_64\bin\java.dll
0x00007ff92b640000 - 0x00007ff92be05000 	C:\WINDOWS\System32\SHELL32.dll
0x00007ff9275e0000 - 0x00007ff927e42000 	C:\WINDOWS\SYSTEM32\windows.storage.dll
0x00007ff92ae70000 - 0x00007ff92b1e6000 	C:\WINDOWS\System32\combase.dll
0x00007ff927470000 - 0x00007ff9275d7000 	C:\WINDOWS\SYSTEM32\wintypes.dll
0x00007ff92b3a0000 - 0x00007ff92b48a000 	C:\WINDOWS\System32\SHCORE.dll
0x00007ff92be10000 - 0x00007ff92be6d000 	C:\WINDOWS\System32\shlwapi.dll
0x00007ff929440000 - 0x00007ff929465000 	C:\WINDOWS\SYSTEM32\profapi.dll
0x00007ff917050000 - 0x00007ff917068000 	c:\Users\Microsoft\.vscode\extensions\redhat.java-1.44.0-win32-x64\jre\21.0.8-win32-x86_64\bin\zip.dll
0x00007ff9216d0000 - 0x00007ff9216e0000 	C:\Users\Microsoft\.vscode\extensions\redhat.java-1.44.0-win32-x64\jre\21.0.8-win32-x86_64\bin\net.dll
0x00007ff924350000 - 0x00007ff924464000 	C:\WINDOWS\SYSTEM32\WINHTTP.dll
0x00007ff928a30000 - 0x00007ff928a97000 	C:\WINDOWS\system32\mswsock.dll
0x00007ff916ad0000 - 0x00007ff916ae6000 	C:\Users\Microsoft\.vscode\extensions\redhat.java-1.44.0-win32-x64\jre\21.0.8-win32-x86_64\bin\nio.dll
0x00007ff921670000 - 0x00007ff921680000 	c:\Users\Microsoft\.vscode\extensions\redhat.java-1.44.0-win32-x64\jre\21.0.8-win32-x86_64\bin\verify.dll
0x00007ff901b40000 - 0x00007ff901b85000 	C:\Users\Microsoft\AppData\Roaming\Code\User\globalStorage\redhat.java\1.44.0\config_win\org.eclipse.equinox.launcher\org.eclipse.equinox.launcher.win32.win32.x86_64_1.2.1400.v20250730-1736\eclipse_11913.dll
0x00007ff929fc0000 - 0x00007ff92a15a000 	C:\WINDOWS\System32\ole32.dll
0x00007ff928c70000 - 0x00007ff928c88000 	C:\WINDOWS\SYSTEM32\CRYPTSP.dll
0x00007ff9284e0000 - 0x00007ff928515000 	C:\WINDOWS\system32\rsaenh.dll
0x00007ff928b20000 - 0x00007ff928b4c000 	C:\WINDOWS\SYSTEM32\USERENV.dll
0x00007ff928df0000 - 0x00007ff928e17000 	C:\WINDOWS\SYSTEM32\bcrypt.dll
0x00007ff928c90000 - 0x00007ff928c9c000 	C:\WINDOWS\SYSTEM32\CRYPTBASE.dll
0x00007ff928090000 - 0x00007ff9280bd000 	C:\WINDOWS\SYSTEM32\IPHLPAPI.DLL
0x00007ff92b260000 - 0x00007ff92b269000 	C:\WINDOWS\System32\NSI.dll
0x00007ff900a40000 - 0x00007ff900a89000 	C:\Users\Microsoft\AppData\Local\Temp\jna-1909739726\jna12370793266970324924.dll
0x00007ff92a790000 - 0x00007ff92a798000 	C:\WINDOWS\System32\PSAPI.DLL
0x00007ff9242d0000 - 0x00007ff9242e9000 	C:\WINDOWS\SYSTEM32\dhcpcsvc6.DLL
0x00007ff924570000 - 0x00007ff92458e000 	C:\WINDOWS\SYSTEM32\dhcpcsvc.DLL

JVMTI agents:
c:\Users\Microsoft\.vscode\extensions\redhat.java-1.44.0-win32-x64\lombok\lombok-1.18.39-4050.jar path:c:\Users\Microsoft\.vscode\extensions\redhat.java-1.44.0-win32-x64\jre\21.0.8-win32-x86_64\bin\instrument.dll, loaded, initialized, instrumentlib options:none

dbghelp: loaded successfully - version: 4.0.5 - missing functions: none
symbol engine: initialized successfully - sym options: 0x614 - pdb path: .;c:\Users\Microsoft\.vscode\extensions\redhat.java-1.44.0-win32-x64\jre\21.0.8-win32-x86_64\bin;C:\WINDOWS\SYSTEM32;C:\WINDOWS\WinSxS\amd64_microsoft.windows.common-controls_6595b64144ccf1df_6.0.22000.120_none_9d947278b86cc467;c:\Users\Microsoft\.vscode\extensions\redhat.java-1.44.0-win32-x64\jre\21.0.8-win32-x86_64\bin\server;C:\Users\Microsoft\AppData\Roaming\Code\User\globalStorage\redhat.java\1.44.0\config_win\org.eclipse.equinox.launcher\org.eclipse.equinox.launcher.win32.win32.x86_64_1.2.1400.v20250730-1736;C:\Users\Microsoft\AppData\Local\Temp\jna-1909739726

VM Arguments:
jvm_args: --add-modules=ALL-SYSTEM --add-opens=java.base/java.util=ALL-UNNAMED --add-opens=java.base/java.lang=ALL-UNNAMED --add-opens=java.base/sun.nio.fs=ALL-UNNAMED -Declipse.application=org.eclipse.jdt.ls.core.id1 -Dosgi.bundles.defaultStartLevel=4 -Declipse.product=org.eclipse.jdt.ls.core.product -Djava.import.generatesMetadataFilesAtProjectRoot=false -DDetectVMInstallationsJob.disabled=true -Dfile.encoding=utf8 -XX:+UseParallelGC -XX:GCTimeRatio=4 -XX:AdaptiveSizePolicyWeight=90 -Dsun.zip.disableMemoryMapping=true -Xmx2G -Xms100m -Xlog:disable -javaagent:c:\Users\Microsoft\.vscode\extensions\redhat.java-1.44.0-win32-x64\lombok\lombok-1.18.39-4050.jar -XX:+HeapDumpOnOutOfMemoryError -XX:HeapDumpPath=c:\Users\Microsoft\AppData\Roaming\Code\User\workspaceStorage\c00fa3155d365cb8d2fe530c2eed5757\redhat.java -Daether.dependencyCollector.impl=bf 
java_command: c:\Users\Microsoft\.vscode\extensions\redhat.java-1.44.0-win32-x64\server\plugins\org.eclipse.equinox.launcher_1.7.0.v20250519-0528.jar -configuration c:\Users\Microsoft\AppData\Roaming\Code\User\globalStorage\redhat.java\1.44.0\config_win -data c:\Users\Microsoft\AppData\Roaming\Code\User\workspaceStorage\c00fa3155d365cb8d2fe530c2eed5757\redhat.java\jdt_ws --pipe=\\.\pipe\lsp-fb1adf901b1334f2370f50aa46c4beb2-sock
java_class_path (initial): c:\Users\Microsoft\.vscode\extensions\redhat.java-1.44.0-win32-x64\server\plugins\org.eclipse.equinox.launcher_1.7.0.v20250519-0528.jar
Launcher Type: SUN_STANDARD

[Global flags]
    uintx AdaptiveSizePolicyWeight                 = 90                                        {product} {command line}
     intx CICompilerCount                          = 4                                         {product} {ergonomic}
    uintx GCTimeRatio                              = 4                                         {product} {command line}
     bool HeapDumpOnOutOfMemoryError               = true                                   {manageable} {command line}
    ccstr HeapDumpPath                             = c:\Users\Microsoft\AppData\Roaming\Code\User\workspaceStorage\c00fa3155d365cb8d2fe530c2eed5757\redhat.java         {manageable} {command line}
   size_t InitialHeapSize                          = 104857600                                 {product} {command line}
   size_t MaxHeapSize                              = 2147483648                                {product} {command line}
   size_t MaxNewSize                               = 715653120                                 {product} {ergonomic}
   size_t MinHeapDeltaBytes                        = 524288                                    {product} {ergonomic}
   size_t MinHeapSize                              = 104857600                                 {product} {command line}
   size_t NewSize                                  = 34603008                                  {product} {ergonomic}
    uintx NonNMethodCodeHeapSize                   = 5839372                                {pd product} {ergonomic}
    uintx NonProfiledCodeHeapSize                  = 122909434                              {pd product} {ergonomic}
   size_t OldSize                                  = 70254592                                  {product} {ergonomic}
    uintx ProfiledCodeHeapSize                     = 122909434                              {pd product} {ergonomic}
    uintx ReservedCodeCacheSize                    = 251658240                              {pd product} {ergonomic}
     bool SegmentedCodeCache                       = true                                      {product} {ergonomic}
   size_t SoftMaxHeapSize                          = 2147483648                             {manageable} {ergonomic}
     bool UseCompressedOops                        = true                           {product lp64_product} {ergonomic}
     bool UseLargePagesIndividualAllocation        = false                                  {pd product} {ergonomic}
     bool UseParallelGC                            = true                                      {product} {command line}

Logging:
Log output configuration:
 #0: stdout all=off uptime,level,tags foldmultilines=false
 #1: stderr all=off uptime,level,tags foldmultilines=false

Environment Variables:
JAVA_HOME=D:\Program Files\Java\jdk-14.0.2
PATH=D:\python2.7;C:\Program Files\Common Files\Oracle\Java\javapath;C:\Windows\system32;C:\Windows;C:\Windows\System32\Wbem;C:\Windows\System32\WindowsPowerShell\v1.0\;C:\Windows\System32\OpenSSH\;C:\Program Files (x86)\Intel\Intel(R) Management Engine Components\DAL;C:\Program Files\Intel\Intel(R) Management Engine Components\DAL;C:\Program Files (x86)\NVIDIA Corporation\PhysX\Common;D:\vsc\mingw64\mingw64\bin;C:\Program Files (x86)\Rational\common;D:\mingw64\bin;D:\Program Files\Java\jdk-14.0.2\bin;D:\aboutdatabase\mysql-8.0.33-winx64\bin;C:\Program Files\dotnet\;C:\Program Files (x86)\Microsoft SQL Server\160\Tools\Binn\;C:\Program Files\Microsoft SQL Server\160\Tools\Binn\;C:\Program Files\Microsoft SQL Server\Client SDK\ODBC\170\Tools\Binn\;C:\Program Files\Microsoft SQL Server\160\DTS\Binn\;C:\Program Files (x86)\Microsoft SQL Server\160\DTS\Binn\;C:\Program Files\Azure Data Studio\bin;C:\Program Files\Microsoft SQL Server\130\Tools\Binn\;D:\graduation_project\WinSCP\;D:\matlab\MATLAB R2023b\runtime\win64;D:\matlab\MATLAB R2023b\bin;D:\graduation_project\texlive\2024\bin\windows;C:\Program Files (x86)\dotnet\;Git\cmd;Git\bin;C:\ProgramData\chocolatey\bin;C:\Users\Microsoft\AppData\Local\nvm;C:\nvm4w\nodejs;C:\Program Files\Git\mingw64\bin;D:\schoolwork\idm\jscourse\Git\cmd;D:\python\Scripts\;D:\python\;C:\Users\Microsoft\AppData\Local\Microsoft\WindowsApps;D:\vscode\Microsoft VS Code\bin;D:\vsc\mingw64\mingw64\bin;D:\python\pycharm\PyCharm Community Edition 2023.1.2\bin;;C:\Users\Microsoft\.dotnet\tools;C:\Program Files\Azure Data Studio\bin;C:\Users\Microsoft\AppData\Local\Muse Hub\lib;C:\Users\Microsoft\AppData\Local\nvm;C:\nvm4w\nodejs
USERNAME=Microsoft
OS=Windows_NT
PROCESSOR_IDENTIFIER=Intel64 Family 6 Model 126 Stepping 5, GenuineIntel
TMP=C:\Users\MICROS~1\AppData\Local\Temp
TEMP=C:\Users\MICROS~1\AppData\Local\Temp




Periodic native trim disabled

---------------  S Y S T E M  ---------------

OS:
 Windows 11 , 64 bit Build 22000 (10.0.22000.2538)
OS uptime: 7 days 7:37 hours

CPU: total 8 (initial active 8) (4 cores per cpu, 2 threads per core) family 6 model 126 stepping 5 microcode 0xbc, cx8, cmov, fxsr, ht, mmx, 3dnowpref, sse, sse2, sse3, ssse3, sse4.1, sse4.2, popcnt, lzcnt, tsc, tscinvbit, avx, avx2, aes, erms, clmul, bmi1, bmi2, adx, avx512f, avx512dq, avx512cd, avx512bw, avx512vl, sha, fma, vzeroupper, avx512_vpopcntdq, avx512_vpclmulqdq, avx512_vaes, avx512_vnni, clflush, clflushopt, avx512_vbmi2, avx512_vbmi, rdtscp, rdpid, fsrm, gfni, avx512_bitalg, f16c, pku, avx512_ifma
Processor Information for processor 0
  Max Mhz: 1498, Current Mhz: 998, Mhz Limit: 1198
Processor Information for processor 1
  Max Mhz: 1498, Current Mhz: 1198, Mhz Limit: 1198
Processor Information for processor 2
  Max Mhz: 1498, Current Mhz: 1198, Mhz Limit: 1198
Processor Information for processor 3
  Max Mhz: 1498, Current Mhz: 1198, Mhz Limit: 1198
Processor Information for processor 4
  Max Mhz: 1498, Current Mhz: 1198, Mhz Limit: 1198
Processor Information for processor 5
  Max Mhz: 1498, Current Mhz: 1198, Mhz Limit: 1198
Processor Information for processor 6
  Max Mhz: 1498, Current Mhz: 1198, Mhz Limit: 1198
Processor Information for processor 7
  Max Mhz: 1498, Current Mhz: 1198, Mhz Limit: 1198

Memory: 4k page, system-wide physical 7778M (199M free)
TotalPageFile size 18412M (AvailPageFile size 5M)
current process WorkingSet (physical memory assigned to process): 678M, peak: 678M
current process commit charge ("private bytes"): 648M, peak: 649M

vm_info: OpenJDK 64-Bit Server VM (21.0.8+9-LTS) for windows-amd64 JRE (21.0.8+9-LTS), built on 2025-07-15T00:00:00Z by "admin" with MS VC++ 17.7 (VS2022)

END.
